# Logfile created on Wed May 21 11:48:56 -0400 2008 by /
  [4;36;1mSQL (0.011328)[0m   [0;1mselect sqlite_version(*)[0m
  [4;35;1mSQL (0.000000)[0m   [0mSQLite3::SQLException: no such table: users: DROP TABLE users[0m
  [4;36;1mSQL (0.002811)[0m   [0;1mCREATE TABLE users ("id" INTEGER PRIMARY KEY AUTOINCREMENT NOT NULL, "login" varchar(255) DEFAULT NULL, "key" varchar(255) DEFAULT NULL, "alternate_key" varchar(255) DEFAULT NULL, "secret_id" integer DEFAULT NULL, "created_at" datetime DEFAULT NULL, "updated_at" datetime DEFAULT NULL) [0m
  [4;35;1mSQL (0.000000)[0m   [0mSQLite3::SQLException: no such table: secrets: DROP TABLE secrets[0m
  [4;36;1mSQL (0.002045)[0m   [0;1mCREATE TABLE secrets ("id" INTEGER PRIMARY KEY AUTOINCREMENT NOT NULL, "who_killed_jfk" varchar(255) DEFAULT NULL, "aliens_at_area_51" varchar(255) DEFAULT NULL, "current_president" varchar(255) DEFAULT NULL, "created_at" datetime DEFAULT NULL, "updated_at" datetime DEFAULT NULL) [0m
  [4;35;1mSQL (0.000000)[0m   [0mSQLite3::SQLException: no such table: more_secrets: DROP TABLE more_secrets[0m
  [4;36;1mSQL (0.002554)[0m   [0;1mCREATE TABLE more_secrets ("id" INTEGER PRIMARY KEY AUTOINCREMENT NOT NULL, "who_killed_jfk" varchar(255) DEFAULT NULL, "aliens_at_area_51" varchar(255) DEFAULT NULL, "current_president" varchar(255) DEFAULT NULL, "created_at" datetime DEFAULT NULL, "updated_at" datetime DEFAULT NULL) [0m
  [4;35;1mSQL (0.002462)[0m   [0mCREATE TABLE schema_info (version integer)[0m
  [4;36;1mSQL (0.002151)[0m   [0;1mINSERT INTO schema_info (version) VALUES(0)[0m
  [4;35;1mSQL (0.002047)[0m   [0mUPDATE schema_info SET version = 1[0m
  [4;36;1mSQL (0.000329)[0m   [0;1mselect sqlite_version(*)[0m
  [4;35;1mSQL (0.003514)[0m   [0mDROP TABLE users[0m
  [4;36;1mSQL (0.002614)[0m   [0;1mCREATE TABLE users ("id" INTEGER PRIMARY KEY AUTOINCREMENT NOT NULL, "login" varchar(255) DEFAULT NULL, "key" varchar(255) DEFAULT NULL, "alternate_key" varchar(255) DEFAULT NULL, "secret_id" integer DEFAULT NULL, "created_at" datetime DEFAULT NULL, "updated_at" datetime DEFAULT NULL) [0m
  [4;35;1mSQL (0.002398)[0m   [0mDROP TABLE secrets[0m
  [4;36;1mSQL (0.002279)[0m   [0;1mCREATE TABLE secrets ("id" INTEGER PRIMARY KEY AUTOINCREMENT NOT NULL, "who_killed_jfk" varchar(255) DEFAULT NULL, "aliens_at_area_51" varchar(255) DEFAULT NULL, "current_president" varchar(255) DEFAULT NULL, "created_at" datetime DEFAULT NULL, "updated_at" datetime DEFAULT NULL) [0m
  [4;35;1mSQL (0.002264)[0m   [0mDROP TABLE more_secrets[0m
  [4;36;1mSQL (0.002178)[0m   [0;1mCREATE TABLE more_secrets ("id" INTEGER PRIMARY KEY AUTOINCREMENT NOT NULL, "who_killed_jfk" varchar(255) DEFAULT NULL, "aliens_at_area_51" varchar(255) DEFAULT NULL, "current_president" varchar(255) DEFAULT NULL, "created_at" datetime DEFAULT NULL, "updated_at" datetime DEFAULT NULL) [0m
  [4;35;1mSQL (0.000000)[0m   [0mSQLite3::SQLException: table schema_info already exists: CREATE TABLE schema_info (version integer)[0m
  [4;36;1mSQL (0.002100)[0m   [0;1mUPDATE schema_info SET version = 1[0m
  [4;36;1mSQL (0.000255)[0m   [0;1mselect sqlite_version(*)[0m
  [4;35;1mSQL (0.003963)[0m   [0mDROP TABLE users[0m
  [4;36;1mSQL (0.002709)[0m   [0;1mCREATE TABLE users ("id" INTEGER PRIMARY KEY AUTOINCREMENT NOT NULL, "login" varchar(255) DEFAULT NULL, "key" varchar(255) DEFAULT NULL, "alternate_key" varchar(255) DEFAULT NULL, "secret_id" integer DEFAULT NULL, "created_at" datetime DEFAULT NULL, "updated_at" datetime DEFAULT NULL) [0m
  [4;35;1mSQL (0.002047)[0m   [0mDROP TABLE secrets[0m
  [4;36;1mSQL (0.001987)[0m   [0;1mCREATE TABLE secrets ("id" INTEGER PRIMARY KEY AUTOINCREMENT NOT NULL, "who_killed_jfk" varchar(255) DEFAULT NULL, "aliens_at_area_51" varchar(255) DEFAULT NULL, "current_president" varchar(255) DEFAULT NULL, "created_at" datetime DEFAULT NULL, "updated_at" datetime DEFAULT NULL) [0m
  [4;35;1mSQL (0.001794)[0m   [0mDROP TABLE more_secrets[0m
  [4;36;1mSQL (0.001901)[0m   [0;1mCREATE TABLE more_secrets ("id" INTEGER PRIMARY KEY AUTOINCREMENT NOT NULL, "who_killed_jfk" varchar(255) DEFAULT NULL, "aliens_at_area_51" varchar(255) DEFAULT NULL, "current_president" varchar(255) DEFAULT NULL, "created_at" datetime DEFAULT NULL, "updated_at" datetime DEFAULT NULL) [0m
  [4;35;1mSQL (0.000000)[0m   [0mSQLite3::SQLException: table schema_info already exists: CREATE TABLE schema_info (version integer)[0m
  [4;36;1mSQL (0.001725)[0m   [0;1mUPDATE schema_info SET version = 1[0m
  [4;36;1mSQL (0.000254)[0m   [0;1mselect sqlite_version(*)[0m
  [4;35;1mSQL (0.003826)[0m   [0mDROP TABLE users[0m
  [4;36;1mSQL (0.002639)[0m   [0;1mCREATE TABLE users ("id" INTEGER PRIMARY KEY AUTOINCREMENT NOT NULL, "login" varchar(255) DEFAULT NULL, "key" varchar(255) DEFAULT NULL, "alternate_key" varchar(255) DEFAULT NULL, "secret_id" integer DEFAULT NULL, "created_at" datetime DEFAULT NULL, "updated_at" datetime DEFAULT NULL) [0m
  [4;35;1mSQL (0.002430)[0m   [0mDROP TABLE secrets[0m
  [4;36;1mSQL (0.002667)[0m   [0;1mCREATE TABLE secrets ("id" INTEGER PRIMARY KEY AUTOINCREMENT NOT NULL, "who_killed_jfk" varchar(255) DEFAULT NULL, "aliens_at_area_51" varchar(255) DEFAULT NULL, "current_president" varchar(255) DEFAULT NULL, "created_at" datetime DEFAULT NULL, "updated_at" datetime DEFAULT NULL) [0m
  [4;35;1mSQL (0.002265)[0m   [0mDROP TABLE more_secrets[0m
  [4;36;1mSQL (0.002543)[0m   [0;1mCREATE TABLE more_secrets ("id" INTEGER PRIMARY KEY AUTOINCREMENT NOT NULL, "who_killed_jfk" varchar(255) DEFAULT NULL, "aliens_at_area_51" varchar(255) DEFAULT NULL, "current_president" varchar(255) DEFAULT NULL, "created_at" datetime DEFAULT NULL, "updated_at" datetime DEFAULT NULL) [0m
  [4;35;1mSQL (0.000000)[0m   [0mSQLite3::SQLException: table schema_info already exists: CREATE TABLE schema_info (version integer)[0m
  [4;36;1mSQL (0.002134)[0m   [0;1mUPDATE schema_info SET version = 1[0m
  [4;36;1mSQL (0.000261)[0m   [0;1mselect sqlite_version(*)[0m
  [4;35;1mSQL (0.003439)[0m   [0mDROP TABLE users[0m
  [4;36;1mSQL (0.002405)[0m   [0;1mCREATE TABLE users ("id" INTEGER PRIMARY KEY AUTOINCREMENT NOT NULL, "login" varchar(255) DEFAULT NULL, "key" varchar(255) DEFAULT NULL, "alternate_key" varchar(255) DEFAULT NULL, "secret_id" integer DEFAULT NULL, "created_at" datetime DEFAULT NULL, "updated_at" datetime DEFAULT NULL) [0m
  [4;35;1mSQL (0.002420)[0m   [0mDROP TABLE secrets[0m
  [4;36;1mSQL (0.002437)[0m   [0;1mCREATE TABLE secrets ("id" INTEGER PRIMARY KEY AUTOINCREMENT NOT NULL, "who_killed_jfk" varchar(255) DEFAULT NULL, "aliens_at_area_51" varchar(255) DEFAULT NULL, "current_president" varchar(255) DEFAULT NULL, "created_at" datetime DEFAULT NULL, "updated_at" datetime DEFAULT NULL) [0m
  [4;35;1mSQL (0.002269)[0m   [0mDROP TABLE more_secrets[0m
  [4;36;1mSQL (0.002398)[0m   [0;1mCREATE TABLE more_secrets ("id" INTEGER PRIMARY KEY AUTOINCREMENT NOT NULL, "who_killed_jfk" varchar(255) DEFAULT NULL, "aliens_at_area_51" varchar(255) DEFAULT NULL, "current_president" varchar(255) DEFAULT NULL, "created_at" datetime DEFAULT NULL, "updated_at" datetime DEFAULT NULL) [0m
  [4;35;1mSQL (0.000000)[0m   [0mSQLite3::SQLException: table schema_info already exists: CREATE TABLE schema_info (version integer)[0m
  [4;36;1mSQL (0.002020)[0m   [0;1mUPDATE schema_info SET version = 1[0m
  [4;36;1mSQL (0.000256)[0m   [0;1mselect sqlite_version(*)[0m
  [4;35;1mSQL (0.000000)[0m   [0mSQLite3::SQLException: no such table: users: DROP TABLE users[0m
  [4;36;1mSQL (0.003651)[0m   [0;1mCREATE TABLE users ("id" INTEGER PRIMARY KEY AUTOINCREMENT NOT NULL, "login" varchar(255) DEFAULT NULL, "key" varchar(255) DEFAULT NULL, "alternate_key" varchar(255) DEFAULT NULL, "secret_id" integer DEFAULT NULL, "created_at" datetime DEFAULT NULL, "updated_at" datetime DEFAULT NULL) [0m
  [4;35;1mSQL (0.000000)[0m   [0mSQLite3::SQLException: no such table: secrets: DROP TABLE secrets[0m
  [4;36;1mSQL (0.002351)[0m   [0;1mCREATE TABLE secrets ("id" INTEGER PRIMARY KEY AUTOINCREMENT NOT NULL, "who_killed_jfk" varchar(255) DEFAULT NULL, "aliens_at_area_51" varchar(255) DEFAULT NULL, "current_president" varchar(255) DEFAULT NULL, "created_at" datetime DEFAULT NULL, "updated_at" datetime DEFAULT NULL) [0m
  [4;35;1mSQL (0.000000)[0m   [0mSQLite3::SQLException: no such table: more_secrets: DROP TABLE more_secrets[0m
  [4;36;1mSQL (0.002622)[0m   [0;1mCREATE TABLE more_secrets ("id" INTEGER PRIMARY KEY AUTOINCREMENT NOT NULL, "who_killed_jfk" varchar(255) DEFAULT NULL, "aliens_at_area_51" varchar(255) DEFAULT NULL, "current_president" varchar(255) DEFAULT NULL, "created_at" datetime DEFAULT NULL, "updated_at" datetime DEFAULT NULL) [0m
  [4;35;1mSQL (0.002390)[0m   [0mCREATE TABLE schema_info (version integer)[0m
  [4;36;1mSQL (0.002025)[0m   [0;1mINSERT INTO schema_info (version) VALUES(0)[0m
  [4;35;1mSQL (0.001994)[0m   [0mUPDATE schema_info SET version = 1[0m
  [4;36;1mSQL (0.000258)[0m   [0;1mselect sqlite_version(*)[0m
  [4;35;1mSQL (0.000000)[0m   [0mSQLite3::SQLException: no such table: users: DROP TABLE users[0m
  [4;36;1mSQL (0.003480)[0m   [0;1mCREATE TABLE users ("id" INTEGER PRIMARY KEY AUTOINCREMENT NOT NULL, "login" varchar(255) DEFAULT NULL, "key" varchar(255) DEFAULT NULL, "alternate_key" varchar(255) DEFAULT NULL, "secret_id" integer DEFAULT NULL, "created_at" datetime DEFAULT NULL, "updated_at" datetime DEFAULT NULL) [0m
  [4;35;1mSQL (0.000000)[0m   [0mSQLite3::SQLException: no such table: secrets: DROP TABLE secrets[0m
  [4;36;1mSQL (0.002255)[0m   [0;1mCREATE TABLE secrets ("id" INTEGER PRIMARY KEY AUTOINCREMENT NOT NULL, "who_killed_jfk" varchar(255) DEFAULT NULL, "aliens_at_area_51" varchar(255) DEFAULT NULL, "current_president" varchar(255) DEFAULT NULL, "created_at" datetime DEFAULT NULL, "updated_at" datetime DEFAULT NULL) [0m
  [4;35;1mSQL (0.000000)[0m   [0mSQLite3::SQLException: no such table: more_secrets: DROP TABLE more_secrets[0m
  [4;36;1mSQL (0.002511)[0m   [0;1mCREATE TABLE more_secrets ("id" INTEGER PRIMARY KEY AUTOINCREMENT NOT NULL, "who_killed_jfk" varchar(255) DEFAULT NULL, "aliens_at_area_51" varchar(255) DEFAULT NULL, "current_president" varchar(255) DEFAULT NULL, "created_at" datetime DEFAULT NULL, "updated_at" datetime DEFAULT NULL) [0m
  [4;35;1mSQL (0.002536)[0m   [0mCREATE TABLE schema_info (version integer)[0m
  [4;36;1mSQL (0.002067)[0m   [0;1mINSERT INTO schema_info (version) VALUES(0)[0m
  [4;35;1mSQL (0.002299)[0m   [0mUPDATE schema_info SET version = 1[0m
  [4;36;1mSQL (0.000273)[0m   [0;1mselect sqlite_version(*)[0m
  [4;35;1mSQL (0.000000)[0m   [0mSQLite3::SQLException: no such table: users: DROP TABLE users[0m
  [4;36;1mSQL (0.003513)[0m   [0;1mCREATE TABLE users ("id" INTEGER PRIMARY KEY AUTOINCREMENT NOT NULL, "login" varchar(255) DEFAULT NULL, "key" varchar(255) DEFAULT NULL, "alternate_key" varchar(255) DEFAULT NULL, "secret_id" integer DEFAULT NULL, "created_at" datetime DEFAULT NULL, "updated_at" datetime DEFAULT NULL) [0m
  [4;35;1mSQL (0.000000)[0m   [0mSQLite3::SQLException: no such table: secrets: DROP TABLE secrets[0m
  [4;36;1mSQL (0.002310)[0m   [0;1mCREATE TABLE secrets ("id" INTEGER PRIMARY KEY AUTOINCREMENT NOT NULL, "who_killed_jfk" varchar(255) DEFAULT NULL, "aliens_at_area_51" varchar(255) DEFAULT NULL, "current_president" varchar(255) DEFAULT NULL, "created_at" datetime DEFAULT NULL, "updated_at" datetime DEFAULT NULL) [0m
  [4;35;1mSQL (0.000000)[0m   [0mSQLite3::SQLException: no such table: more_secrets: DROP TABLE more_secrets[0m
  [4;36;1mSQL (0.002513)[0m   [0;1mCREATE TABLE more_secrets ("id" INTEGER PRIMARY KEY AUTOINCREMENT NOT NULL, "who_killed_jfk" varchar(255) DEFAULT NULL, "aliens_at_area_51" varchar(255) DEFAULT NULL, "current_president" varchar(255) DEFAULT NULL, "created_at" datetime DEFAULT NULL, "updated_at" datetime DEFAULT NULL) [0m
  [4;35;1mSQL (0.002413)[0m   [0mCREATE TABLE schema_info (version integer)[0m
  [4;36;1mSQL (0.002218)[0m   [0;1mINSERT INTO schema_info (version) VALUES(0)[0m
  [4;35;1mSQL (0.002082)[0m   [0mUPDATE schema_info SET version = 1[0m
  [4;36;1mSQL (0.000259)[0m   [0;1mselect sqlite_version(*)[0m
  [4;35;1mSQL (0.000000)[0m   [0mSQLite3::SQLException: no such table: users: DROP TABLE users[0m
  [4;36;1mSQL (0.003303)[0m   [0;1mCREATE TABLE users ("id" INTEGER PRIMARY KEY AUTOINCREMENT NOT NULL, "login" varchar(255) DEFAULT NULL, "key" varchar(255) DEFAULT NULL, "alternate_key" varchar(255) DEFAULT NULL, "secret_id" integer DEFAULT NULL, "created_at" datetime DEFAULT NULL, "updated_at" datetime DEFAULT NULL) [0m
  [4;35;1mSQL (0.000000)[0m   [0mSQLite3::SQLException: no such table: secrets: DROP TABLE secrets[0m
  [4;36;1mSQL (0.002466)[0m   [0;1mCREATE TABLE secrets ("id" INTEGER PRIMARY KEY AUTOINCREMENT NOT NULL, "who_killed_jfk" varchar(255) DEFAULT NULL, "aliens_at_area_51" varchar(255) DEFAULT NULL, "current_president" varchar(255) DEFAULT NULL, "created_at" datetime DEFAULT NULL, "updated_at" datetime DEFAULT NULL) [0m
  [4;35;1mSQL (0.000000)[0m   [0mSQLite3::SQLException: no such table: more_secrets: DROP TABLE more_secrets[0m
  [4;36;1mSQL (0.002665)[0m   [0;1mCREATE TABLE more_secrets ("id" INTEGER PRIMARY KEY AUTOINCREMENT NOT NULL, "who_killed_jfk" varchar(255) DEFAULT NULL, "aliens_at_area_51" varchar(255) DEFAULT NULL, "current_president" varchar(255) DEFAULT NULL, "created_at" datetime DEFAULT NULL, "updated_at" datetime DEFAULT NULL) [0m
  [4;35;1mSQL (0.002507)[0m   [0mCREATE TABLE schema_info (version integer)[0m
  [4;36;1mSQL (0.002154)[0m   [0;1mINSERT INTO schema_info (version) VALUES(0)[0m
  [4;35;1mSQL (0.002539)[0m   [0mUPDATE schema_info SET version = 1[0m
  [4;36;1mUser Load (0.000219)[0m   [0;1mSELECT * FROM users WHERE (users."id" = 1) [0m
  [4;36;1mSQL (0.000261)[0m   [0;1mselect sqlite_version(*)[0m
  [4;35;1mSQL (0.000000)[0m   [0mSQLite3::SQLException: no such table: users: DROP TABLE users[0m
  [4;36;1mSQL (0.003542)[0m   [0;1mCREATE TABLE users ("id" INTEGER PRIMARY KEY AUTOINCREMENT NOT NULL, "login" varchar(255) DEFAULT NULL, "key" varchar(255) DEFAULT NULL, "alternate_key" varchar(255) DEFAULT NULL, "secret_id" integer DEFAULT NULL, "created_at" datetime DEFAULT NULL, "updated_at" datetime DEFAULT NULL) [0m
  [4;35;1mSQL (0.000000)[0m   [0mSQLite3::SQLException: no such table: secrets: DROP TABLE secrets[0m
  [4;36;1mSQL (0.002383)[0m   [0;1mCREATE TABLE secrets ("id" INTEGER PRIMARY KEY AUTOINCREMENT NOT NULL, "who_killed_jfk" varchar(255) DEFAULT NULL, "aliens_at_area_51" varchar(255) DEFAULT NULL, "current_president" varchar(255) DEFAULT NULL, "created_at" datetime DEFAULT NULL, "updated_at" datetime DEFAULT NULL) [0m
  [4;35;1mSQL (0.000000)[0m   [0mSQLite3::SQLException: no such table: more_secrets: DROP TABLE more_secrets[0m
  [4;36;1mSQL (0.002600)[0m   [0;1mCREATE TABLE more_secrets ("id" INTEGER PRIMARY KEY AUTOINCREMENT NOT NULL, "who_killed_jfk" varchar(255) DEFAULT NULL, "aliens_at_area_51" varchar(255) DEFAULT NULL, "current_president" varchar(255) DEFAULT NULL, "created_at" datetime DEFAULT NULL, "updated_at" datetime DEFAULT NULL) [0m
  [4;35;1mSQL (0.002597)[0m   [0mCREATE TABLE schema_info (version integer)[0m
  [4;36;1mSQL (0.002160)[0m   [0;1mINSERT INTO schema_info (version) VALUES(0)[0m
  [4;35;1mSQL (0.002221)[0m   [0mUPDATE schema_info SET version = 1[0m
  [4;36;1mUser Load (0.000226)[0m   [0;1mSELECT * FROM users WHERE (users."id" = 1) [0m
  [4;36;1mSQL (0.000259)[0m   [0;1mselect sqlite_version(*)[0m
  [4;35;1mSQL (0.000000)[0m   [0mSQLite3::SQLException: no such table: users: DROP TABLE users[0m
  [4;36;1mSQL (0.003291)[0m   [0;1mCREATE TABLE users ("id" INTEGER PRIMARY KEY AUTOINCREMENT NOT NULL, "login" varchar(255) DEFAULT NULL, "key" varchar(255) DEFAULT NULL, "alternate_key" varchar(255) DEFAULT NULL, "secret_id" integer DEFAULT NULL, "created_at" datetime DEFAULT NULL, "updated_at" datetime DEFAULT NULL) [0m
  [4;35;1mSQL (0.000000)[0m   [0mSQLite3::SQLException: no such table: secrets: DROP TABLE secrets[0m
  [4;36;1mSQL (0.002264)[0m   [0;1mCREATE TABLE secrets ("id" INTEGER PRIMARY KEY AUTOINCREMENT NOT NULL, "who_killed_jfk" varchar(255) DEFAULT NULL, "aliens_at_area_51" varchar(255) DEFAULT NULL, "current_president" varchar(255) DEFAULT NULL, "created_at" datetime DEFAULT NULL, "updated_at" datetime DEFAULT NULL) [0m
  [4;35;1mSQL (0.000000)[0m   [0mSQLite3::SQLException: no such table: more_secrets: DROP TABLE more_secrets[0m
  [4;36;1mSQL (0.002575)[0m   [0;1mCREATE TABLE more_secrets ("id" INTEGER PRIMARY KEY AUTOINCREMENT NOT NULL, "who_killed_jfk" varchar(255) DEFAULT NULL, "aliens_at_area_51" varchar(255) DEFAULT NULL, "current_president" varchar(255) DEFAULT NULL, "created_at" datetime DEFAULT NULL, "updated_at" datetime DEFAULT NULL) [0m
  [4;35;1mSQL (0.002444)[0m   [0mCREATE TABLE schema_info (version integer)[0m
  [4;36;1mSQL (0.002020)[0m   [0;1mINSERT INTO schema_info (version) VALUES(0)[0m
  [4;35;1mSQL (0.002248)[0m   [0mUPDATE schema_info SET version = 1[0m
  [4;36;1mUser Load (0.000272)[0m   [0;1mSELECT * FROM users LIMIT 1[0m
  [4;36;1mSQL (0.000267)[0m   [0;1mselect sqlite_version(*)[0m
  [4;35;1mSQL (0.000000)[0m   [0mSQLite3::SQLException: no such table: users: DROP TABLE users[0m
  [4;36;1mSQL (0.003565)[0m   [0;1mCREATE TABLE users ("id" INTEGER PRIMARY KEY AUTOINCREMENT NOT NULL, "login" varchar(255) DEFAULT NULL, "key" varchar(255) DEFAULT NULL, "alternate_key" varchar(255) DEFAULT NULL, "secret_id" integer DEFAULT NULL, "created_at" datetime DEFAULT NULL, "updated_at" datetime DEFAULT NULL) [0m
  [4;35;1mSQL (0.000000)[0m   [0mSQLite3::SQLException: no such table: secrets: DROP TABLE secrets[0m
  [4;36;1mSQL (0.002481)[0m   [0;1mCREATE TABLE secrets ("id" INTEGER PRIMARY KEY AUTOINCREMENT NOT NULL, "who_killed_jfk" varchar(255) DEFAULT NULL, "aliens_at_area_51" varchar(255) DEFAULT NULL, "current_president" varchar(255) DEFAULT NULL, "created_at" datetime DEFAULT NULL, "updated_at" datetime DEFAULT NULL) [0m
  [4;35;1mSQL (0.000000)[0m   [0mSQLite3::SQLException: no such table: more_secrets: DROP TABLE more_secrets[0m
  [4;36;1mSQL (0.002675)[0m   [0;1mCREATE TABLE more_secrets ("id" INTEGER PRIMARY KEY AUTOINCREMENT NOT NULL, "who_killed_jfk" varchar(255) DEFAULT NULL, "aliens_at_area_51" varchar(255) DEFAULT NULL, "current_president" varchar(255) DEFAULT NULL, "created_at" datetime DEFAULT NULL, "updated_at" datetime DEFAULT NULL) [0m
  [4;35;1mSQL (0.002418)[0m   [0mCREATE TABLE schema_info (version integer)[0m
  [4;36;1mSQL (0.002149)[0m   [0;1mINSERT INTO schema_info (version) VALUES(0)[0m
  [4;35;1mSQL (0.002284)[0m   [0mUPDATE schema_info SET version = 1[0m
  [4;36;1mUser Load (0.000288)[0m   [0;1mSELECT * FROM users LIMIT 1[0m
  [4;36;1mSQL (0.000256)[0m   [0;1mselect sqlite_version(*)[0m
  [4;35;1mSQL (0.000000)[0m   [0mSQLite3::SQLException: no such table: users: DROP TABLE users[0m
  [4;36;1mSQL (0.003254)[0m   [0;1mCREATE TABLE users ("id" INTEGER PRIMARY KEY AUTOINCREMENT NOT NULL, "login" varchar(255) DEFAULT NULL, "key" varchar(255) DEFAULT NULL, "alternate_key" varchar(255) DEFAULT NULL, "secret_id" integer DEFAULT NULL, "created_at" datetime DEFAULT NULL, "updated_at" datetime DEFAULT NULL) [0m
  [4;35;1mSQL (0.000000)[0m   [0mSQLite3::SQLException: no such table: secrets: DROP TABLE secrets[0m
  [4;36;1mSQL (0.002557)[0m   [0;1mCREATE TABLE secrets ("id" INTEGER PRIMARY KEY AUTOINCREMENT NOT NULL, "who_killed_jfk" varchar(255) DEFAULT NULL, "aliens_at_area_51" varchar(255) DEFAULT NULL, "current_president" varchar(255) DEFAULT NULL, "created_at" datetime DEFAULT NULL, "updated_at" datetime DEFAULT NULL) [0m
  [4;35;1mSQL (0.000000)[0m   [0mSQLite3::SQLException: no such table: more_secrets: DROP TABLE more_secrets[0m
  [4;36;1mSQL (0.002944)[0m   [0;1mCREATE TABLE more_secrets ("id" INTEGER PRIMARY KEY AUTOINCREMENT NOT NULL, "who_killed_jfk" varchar(255) DEFAULT NULL, "aliens_at_area_51" varchar(255) DEFAULT NULL, "current_president" varchar(255) DEFAULT NULL, "created_at" datetime DEFAULT NULL, "updated_at" datetime DEFAULT NULL) [0m
  [4;35;1mSQL (0.002638)[0m   [0mCREATE TABLE schema_info (version integer)[0m
  [4;36;1mSQL (0.002553)[0m   [0;1mINSERT INTO schema_info (version) VALUES(0)[0m
  [4;35;1mSQL (0.002599)[0m   [0mUPDATE schema_info SET version = 1[0m
  [4;36;1mUser Load (0.000277)[0m   [0;1mSELECT * FROM users LIMIT 1[0m
  [4;36;1mSQL (0.000260)[0m   [0;1mselect sqlite_version(*)[0m
  [4;35;1mSQL (0.000000)[0m   [0mSQLite3::SQLException: no such table: users: DROP TABLE users[0m
  [4;36;1mSQL (0.003386)[0m   [0;1mCREATE TABLE users ("id" INTEGER PRIMARY KEY AUTOINCREMENT NOT NULL, "login" varchar(255) DEFAULT NULL, "key" varchar(255) DEFAULT NULL, "alternate_key" varchar(255) DEFAULT NULL, "secret_id" integer DEFAULT NULL, "created_at" datetime DEFAULT NULL, "updated_at" datetime DEFAULT NULL) [0m
  [4;35;1mSQL (0.000000)[0m   [0mSQLite3::SQLException: no such table: secrets: DROP TABLE secrets[0m
  [4;36;1mSQL (0.002469)[0m   [0;1mCREATE TABLE secrets ("id" INTEGER PRIMARY KEY AUTOINCREMENT NOT NULL, "who_killed_jfk" varchar(255) DEFAULT NULL, "aliens_at_area_51" varchar(255) DEFAULT NULL, "current_president" varchar(255) DEFAULT NULL, "created_at" datetime DEFAULT NULL, "updated_at" datetime DEFAULT NULL) [0m
  [4;35;1mSQL (0.000000)[0m   [0mSQLite3::SQLException: no such table: more_secrets: DROP TABLE more_secrets[0m
  [4;36;1mSQL (0.003214)[0m   [0;1mCREATE TABLE more_secrets ("id" INTEGER PRIMARY KEY AUTOINCREMENT NOT NULL, "who_killed_jfk" varchar(255) DEFAULT NULL, "aliens_at_area_51" varchar(255) DEFAULT NULL, "current_president" varchar(255) DEFAULT NULL, "created_at" datetime DEFAULT NULL, "updated_at" datetime DEFAULT NULL) [0m
  [4;35;1mSQL (0.002719)[0m   [0mCREATE TABLE schema_info (version integer)[0m
  [4;36;1mSQL (0.002554)[0m   [0;1mINSERT INTO schema_info (version) VALUES(0)[0m
  [4;35;1mSQL (0.002516)[0m   [0mUPDATE schema_info SET version = 1[0m
  [4;36;1mUser Load (0.000227)[0m   [0;1mSELECT * FROM users WHERE (users."login" = 'veader') LIMIT 1[0m
  [4;36;1mSQL (0.000258)[0m   [0;1mselect sqlite_version(*)[0m
  [4;35;1mSQL (0.000000)[0m   [0mSQLite3::SQLException: no such table: users: DROP TABLE users[0m
  [4;36;1mSQL (0.003082)[0m   [0;1mCREATE TABLE users ("id" INTEGER PRIMARY KEY AUTOINCREMENT NOT NULL, "login" varchar(255) DEFAULT NULL, "key" varchar(255) DEFAULT NULL, "alternate_key" varchar(255) DEFAULT NULL, "secret_id" integer DEFAULT NULL, "created_at" datetime DEFAULT NULL, "updated_at" datetime DEFAULT NULL) [0m
  [4;35;1mSQL (0.000000)[0m   [0mSQLite3::SQLException: no such table: secrets: DROP TABLE secrets[0m
  [4;36;1mSQL (0.002360)[0m   [0;1mCREATE TABLE secrets ("id" INTEGER PRIMARY KEY AUTOINCREMENT NOT NULL, "who_killed_jfk" varchar(255) DEFAULT NULL, "aliens_at_area_51" varchar(255) DEFAULT NULL, "current_president" varchar(255) DEFAULT NULL, "created_at" datetime DEFAULT NULL, "updated_at" datetime DEFAULT NULL) [0m
  [4;35;1mSQL (0.000000)[0m   [0mSQLite3::SQLException: no such table: more_secrets: DROP TABLE more_secrets[0m
  [4;36;1mSQL (0.002285)[0m   [0;1mCREATE TABLE more_secrets ("id" INTEGER PRIMARY KEY AUTOINCREMENT NOT NULL, "who_killed_jfk" varchar(255) DEFAULT NULL, "aliens_at_area_51" varchar(255) DEFAULT NULL, "current_president" varchar(255) DEFAULT NULL, "created_at" datetime DEFAULT NULL, "updated_at" datetime DEFAULT NULL) [0m
  [4;35;1mSQL (0.002502)[0m   [0mCREATE TABLE schema_info (version integer)[0m
  [4;36;1mSQL (0.002189)[0m   [0;1mINSERT INTO schema_info (version) VALUES(0)[0m
  [4;35;1mSQL (0.002154)[0m   [0mUPDATE schema_info SET version = 1[0m
  [4;36;1mUser Load (0.000276)[0m   [0;1mSELECT * FROM users LIMIT 1[0m
  [4;36;1mSQL (0.000257)[0m   [0;1mselect sqlite_version(*)[0m
  [4;35;1mSQL (0.000000)[0m   [0mSQLite3::SQLException: no such table: users: DROP TABLE users[0m
  [4;36;1mSQL (0.003724)[0m   [0;1mCREATE TABLE users ("id" INTEGER PRIMARY KEY AUTOINCREMENT NOT NULL, "login" varchar(255) DEFAULT NULL, "key" varchar(255) DEFAULT NULL, "alternate_key" varchar(255) DEFAULT NULL, "secret_id" integer DEFAULT NULL, "created_at" datetime DEFAULT NULL, "updated_at" datetime DEFAULT NULL) [0m
  [4;35;1mSQL (0.000000)[0m   [0mSQLite3::SQLException: no such table: secrets: DROP TABLE secrets[0m
  [4;36;1mSQL (0.002577)[0m   [0;1mCREATE TABLE secrets ("id" INTEGER PRIMARY KEY AUTOINCREMENT NOT NULL, "who_killed_jfk" varchar(255) DEFAULT NULL, "aliens_at_area_51" varchar(255) DEFAULT NULL, "current_president" varchar(255) DEFAULT NULL, "created_at" datetime DEFAULT NULL, "updated_at" datetime DEFAULT NULL) [0m
  [4;35;1mSQL (0.000000)[0m   [0mSQLite3::SQLException: no such table: more_secrets: DROP TABLE more_secrets[0m
  [4;36;1mSQL (0.002643)[0m   [0;1mCREATE TABLE more_secrets ("id" INTEGER PRIMARY KEY AUTOINCREMENT NOT NULL, "who_killed_jfk" varchar(255) DEFAULT NULL, "aliens_at_area_51" varchar(255) DEFAULT NULL, "current_president" varchar(255) DEFAULT NULL, "created_at" datetime DEFAULT NULL, "updated_at" datetime DEFAULT NULL) [0m
  [4;35;1mSQL (0.002571)[0m   [0mCREATE TABLE schema_info (version integer)[0m
  [4;36;1mSQL (0.002129)[0m   [0;1mINSERT INTO schema_info (version) VALUES(0)[0m
  [4;35;1mSQL (0.002415)[0m   [0mUPDATE schema_info SET version = 1[0m
  [4;36;1mUser Load (0.000291)[0m   [0;1mSELECT * FROM users LIMIT 1[0m
  [4;36;1mSQL (0.000256)[0m   [0;1mselect sqlite_version(*)[0m
  [4;35;1mSQL (0.000000)[0m   [0mSQLite3::SQLException: no such table: users: DROP TABLE users[0m
  [4;36;1mSQL (0.003053)[0m   [0;1mCREATE TABLE users ("id" INTEGER PRIMARY KEY AUTOINCREMENT NOT NULL, "login" varchar(255) DEFAULT NULL, "key" varchar(255) DEFAULT NULL, "alternate_key" varchar(255) DEFAULT NULL, "secret_id" integer DEFAULT NULL, "created_at" datetime DEFAULT NULL, "updated_at" datetime DEFAULT NULL) [0m
  [4;35;1mSQL (0.000000)[0m   [0mSQLite3::SQLException: no such table: secrets: DROP TABLE secrets[0m
  [4;36;1mSQL (0.002605)[0m   [0;1mCREATE TABLE secrets ("id" INTEGER PRIMARY KEY AUTOINCREMENT NOT NULL, "who_killed_jfk" varchar(255) DEFAULT NULL, "aliens_at_area_51" varchar(255) DEFAULT NULL, "current_president" varchar(255) DEFAULT NULL, "created_at" datetime DEFAULT NULL, "updated_at" datetime DEFAULT NULL) [0m
  [4;35;1mSQL (0.000000)[0m   [0mSQLite3::SQLException: no such table: more_secrets: DROP TABLE more_secrets[0m
  [4;36;1mSQL (0.002808)[0m   [0;1mCREATE TABLE more_secrets ("id" INTEGER PRIMARY KEY AUTOINCREMENT NOT NULL, "who_killed_jfk" varchar(255) DEFAULT NULL, "aliens_at_area_51" varchar(255) DEFAULT NULL, "current_president" varchar(255) DEFAULT NULL, "created_at" datetime DEFAULT NULL, "updated_at" datetime DEFAULT NULL) [0m
  [4;35;1mSQL (0.002677)[0m   [0mCREATE TABLE schema_info (version integer)[0m
  [4;36;1mSQL (0.002029)[0m   [0;1mINSERT INTO schema_info (version) VALUES(0)[0m
  [4;35;1mSQL (0.002050)[0m   [0mUPDATE schema_info SET version = 1[0m
  [4;36;1mUser Load (0.000273)[0m   [0;1mSELECT * FROM users LIMIT 1[0m
  [4;36;1mSQL (0.000269)[0m   [0;1mselect sqlite_version(*)[0m
  [4;35;1mSQL (0.000000)[0m   [0mSQLite3::SQLException: no such table: users: DROP TABLE users[0m
  [4;36;1mSQL (0.003243)[0m   [0;1mCREATE TABLE users ("id" INTEGER PRIMARY KEY AUTOINCREMENT NOT NULL, "login" varchar(255) DEFAULT NULL, "key" varchar(255) DEFAULT NULL, "alternate_key" varchar(255) DEFAULT NULL, "secret_id" integer DEFAULT NULL, "created_at" datetime DEFAULT NULL, "updated_at" datetime DEFAULT NULL) [0m
  [4;35;1mSQL (0.000000)[0m   [0mSQLite3::SQLException: no such table: secrets: DROP TABLE secrets[0m
  [4;36;1mSQL (0.002355)[0m   [0;1mCREATE TABLE secrets ("id" INTEGER PRIMARY KEY AUTOINCREMENT NOT NULL, "who_killed_jfk" varchar(255) DEFAULT NULL, "aliens_at_area_51" varchar(255) DEFAULT NULL, "current_president" varchar(255) DEFAULT NULL, "created_at" datetime DEFAULT NULL, "updated_at" datetime DEFAULT NULL) [0m
  [4;35;1mSQL (0.000000)[0m   [0mSQLite3::SQLException: no such table: more_secrets: DROP TABLE more_secrets[0m
  [4;36;1mSQL (0.002608)[0m   [0;1mCREATE TABLE more_secrets ("id" INTEGER PRIMARY KEY AUTOINCREMENT NOT NULL, "who_killed_jfk" varchar(255) DEFAULT NULL, "aliens_at_area_51" varchar(255) DEFAULT NULL, "current_president" varchar(255) DEFAULT NULL, "created_at" datetime DEFAULT NULL, "updated_at" datetime DEFAULT NULL) [0m
  [4;35;1mSQL (0.002450)[0m   [0mCREATE TABLE schema_info (version integer)[0m
  [4;36;1mSQL (0.002134)[0m   [0;1mINSERT INTO schema_info (version) VALUES(0)[0m
  [4;35;1mSQL (0.001971)[0m   [0mUPDATE schema_info SET version = 1[0m
  [4;36;1mUser Load (0.000287)[0m   [0;1mSELECT * FROM users LIMIT 1[0m
  [4;36;1mSQL (0.000256)[0m   [0;1mselect sqlite_version(*)[0m
  [4;35;1mSQL (0.000000)[0m   [0mSQLite3::SQLException: no such table: users: DROP TABLE users[0m
  [4;36;1mSQL (0.002649)[0m   [0;1mCREATE TABLE users ("id" INTEGER PRIMARY KEY AUTOINCREMENT NOT NULL, "login" varchar(255) DEFAULT NULL, "key" varchar(255) DEFAULT NULL, "alternate_key" varchar(255) DEFAULT NULL, "secret_id" integer DEFAULT NULL, "created_at" datetime DEFAULT NULL, "updated_at" datetime DEFAULT NULL) [0m
  [4;35;1mSQL (0.000000)[0m   [0mSQLite3::SQLException: no such table: secrets: DROP TABLE secrets[0m
  [4;36;1mSQL (0.002324)[0m   [0;1mCREATE TABLE secrets ("id" INTEGER PRIMARY KEY AUTOINCREMENT NOT NULL, "who_killed_jfk" varchar(255) DEFAULT NULL, "aliens_at_area_51" varchar(255) DEFAULT NULL, "current_president" varchar(255) DEFAULT NULL, "created_at" datetime DEFAULT NULL, "updated_at" datetime DEFAULT NULL) [0m
  [4;35;1mSQL (0.000000)[0m   [0mSQLite3::SQLException: no such table: more_secrets: DROP TABLE more_secrets[0m
  [4;36;1mSQL (0.002864)[0m   [0;1mCREATE TABLE more_secrets ("id" INTEGER PRIMARY KEY AUTOINCREMENT NOT NULL, "who_killed_jfk" varchar(255) DEFAULT NULL, "aliens_at_area_51" varchar(255) DEFAULT NULL, "current_president" varchar(255) DEFAULT NULL, "created_at" datetime DEFAULT NULL, "updated_at" datetime DEFAULT NULL) [0m
  [4;35;1mSQL (0.002929)[0m   [0mCREATE TABLE schema_info (version integer)[0m
  [4;36;1mSQL (0.002552)[0m   [0;1mINSERT INTO schema_info (version) VALUES(0)[0m
  [4;35;1mSQL (0.002285)[0m   [0mUPDATE schema_info SET version = 1[0m
  [4;36;1mUser Load (0.000270)[0m   [0;1mSELECT * FROM users LIMIT 1[0m
  [4;36;1mSQL (0.000260)[0m   [0;1mselect sqlite_version(*)[0m
  [4;35;1mSQL (0.000000)[0m   [0mSQLite3::SQLException: no such table: users: DROP TABLE users[0m
  [4;36;1mSQL (0.003586)[0m   [0;1mCREATE TABLE users ("id" INTEGER PRIMARY KEY AUTOINCREMENT NOT NULL, "login" varchar(255) DEFAULT NULL, "key" varchar(255) DEFAULT NULL, "alternate_key" varchar(255) DEFAULT NULL, "secret_id" integer DEFAULT NULL, "created_at" datetime DEFAULT NULL, "updated_at" datetime DEFAULT NULL) [0m
  [4;35;1mSQL (0.000000)[0m   [0mSQLite3::SQLException: no such table: secrets: DROP TABLE secrets[0m
  [4;36;1mSQL (0.001920)[0m   [0;1mCREATE TABLE secrets ("id" INTEGER PRIMARY KEY AUTOINCREMENT NOT NULL, "who_killed_jfk" varchar(255) DEFAULT NULL, "aliens_at_area_51" varchar(255) DEFAULT NULL, "current_president" varchar(255) DEFAULT NULL, "created_at" datetime DEFAULT NULL, "updated_at" datetime DEFAULT NULL) [0m
  [4;35;1mSQL (0.000000)[0m   [0mSQLite3::SQLException: no such table: more_secrets: DROP TABLE more_secrets[0m
  [4;36;1mSQL (0.002563)[0m   [0;1mCREATE TABLE more_secrets ("id" INTEGER PRIMARY KEY AUTOINCREMENT NOT NULL, "who_killed_jfk" varchar(255) DEFAULT NULL, "aliens_at_area_51" varchar(255) DEFAULT NULL, "current_president" varchar(255) DEFAULT NULL, "created_at" datetime DEFAULT NULL, "updated_at" datetime DEFAULT NULL) [0m
  [4;35;1mSQL (0.002542)[0m   [0mCREATE TABLE schema_info (version integer)[0m
  [4;36;1mSQL (0.002178)[0m   [0;1mINSERT INTO schema_info (version) VALUES(0)[0m
  [4;35;1mSQL (0.002387)[0m   [0mUPDATE schema_info SET version = 1[0m
  [4;36;1mUser Load (0.000283)[0m   [0;1mSELECT * FROM users LIMIT 1[0m
  [4;35;1mUser Load (0.000142)[0m   [0mSELECT * FROM users LIMIT 1[0m
  [4;36;1mSQL (0.000257)[0m   [0;1mselect sqlite_version(*)[0m
  [4;35;1mSQL (0.000000)[0m   [0mSQLite3::SQLException: no such table: users: DROP TABLE users[0m
  [4;36;1mSQL (0.003265)[0m   [0;1mCREATE TABLE users ("id" INTEGER PRIMARY KEY AUTOINCREMENT NOT NULL, "login" varchar(255) DEFAULT NULL, "key" varchar(255) DEFAULT NULL, "alternate_key" varchar(255) DEFAULT NULL, "secret_id" integer DEFAULT NULL, "created_at" datetime DEFAULT NULL, "updated_at" datetime DEFAULT NULL) [0m
  [4;35;1mSQL (0.000000)[0m   [0mSQLite3::SQLException: no such table: secrets: DROP TABLE secrets[0m
  [4;36;1mSQL (0.002610)[0m   [0;1mCREATE TABLE secrets ("id" INTEGER PRIMARY KEY AUTOINCREMENT NOT NULL, "who_killed_jfk" varchar(255) DEFAULT NULL, "aliens_at_area_51" varchar(255) DEFAULT NULL, "current_president" varchar(255) DEFAULT NULL, "created_at" datetime DEFAULT NULL, "updated_at" datetime DEFAULT NULL) [0m
  [4;35;1mSQL (0.000000)[0m   [0mSQLite3::SQLException: no such table: more_secrets: DROP TABLE more_secrets[0m
  [4;36;1mSQL (0.002521)[0m   [0;1mCREATE TABLE more_secrets ("id" INTEGER PRIMARY KEY AUTOINCREMENT NOT NULL, "who_killed_jfk" varchar(255) DEFAULT NULL, "aliens_at_area_51" varchar(255) DEFAULT NULL, "current_president" varchar(255) DEFAULT NULL, "created_at" datetime DEFAULT NULL, "updated_at" datetime DEFAULT NULL) [0m
  [4;35;1mSQL (0.002552)[0m   [0mCREATE TABLE schema_info (version integer)[0m
  [4;36;1mSQL (0.002046)[0m   [0;1mINSERT INTO schema_info (version) VALUES(0)[0m
  [4;35;1mSQL (0.002205)[0m   [0mUPDATE schema_info SET version = 1[0m
  [4;36;1mUser Load (0.000279)[0m   [0;1mSELECT * FROM users LIMIT 1[0m
  [4;35;1mUser Load (0.000140)[0m   [0mSELECT * FROM users LIMIT 1[0m
  [4;36;1mSQL (0.000254)[0m   [0;1mselect sqlite_version(*)[0m
  [4;35;1mSQL (0.000000)[0m   [0mSQLite3::SQLException: no such table: users: DROP TABLE users[0m
  [4;36;1mSQL (0.003361)[0m   [0;1mCREATE TABLE users ("id" INTEGER PRIMARY KEY AUTOINCREMENT NOT NULL, "login" varchar(255) DEFAULT NULL, "key" varchar(255) DEFAULT NULL, "alternate_key" varchar(255) DEFAULT NULL, "secret_id" integer DEFAULT NULL, "created_at" datetime DEFAULT NULL, "updated_at" datetime DEFAULT NULL) [0m
  [4;35;1mSQL (0.000000)[0m   [0mSQLite3::SQLException: no such table: secrets: DROP TABLE secrets[0m
  [4;36;1mSQL (0.002292)[0m   [0;1mCREATE TABLE secrets ("id" INTEGER PRIMARY KEY AUTOINCREMENT NOT NULL, "who_killed_jfk" varchar(255) DEFAULT NULL, "aliens_at_area_51" varchar(255) DEFAULT NULL, "current_president" varchar(255) DEFAULT NULL, "created_at" datetime DEFAULT NULL, "updated_at" datetime DEFAULT NULL) [0m
  [4;35;1mSQL (0.000000)[0m   [0mSQLite3::SQLException: no such table: more_secrets: DROP TABLE more_secrets[0m
  [4;36;1mSQL (0.002547)[0m   [0;1mCREATE TABLE more_secrets ("id" INTEGER PRIMARY KEY AUTOINCREMENT NOT NULL, "who_killed_jfk" varchar(255) DEFAULT NULL, "aliens_at_area_51" varchar(255) DEFAULT NULL, "current_president" varchar(255) DEFAULT NULL, "created_at" datetime DEFAULT NULL, "updated_at" datetime DEFAULT NULL) [0m
  [4;35;1mSQL (0.002416)[0m   [0mCREATE TABLE schema_info (version integer)[0m
  [4;36;1mSQL (0.002151)[0m   [0;1mINSERT INTO schema_info (version) VALUES(0)[0m
  [4;35;1mSQL (0.002461)[0m   [0mUPDATE schema_info SET version = 1[0m
  [4;36;1mUser Load (0.000290)[0m   [0;1mSELECT * FROM users LIMIT 1[0m
  [4;35;1mUser Load (0.000155)[0m   [0mSELECT * FROM users LIMIT 1[0m
  [4;36;1mSQL (0.000255)[0m   [0;1mselect sqlite_version(*)[0m
  [4;35;1mSQL (0.000000)[0m   [0mSQLite3::SQLException: no such table: users: DROP TABLE users[0m
  [4;36;1mSQL (0.003392)[0m   [0;1mCREATE TABLE users ("id" INTEGER PRIMARY KEY AUTOINCREMENT NOT NULL, "login" varchar(255) DEFAULT NULL, "key" varchar(255) DEFAULT NULL, "alternate_key" varchar(255) DEFAULT NULL, "secret_id" integer DEFAULT NULL, "created_at" datetime DEFAULT NULL, "updated_at" datetime DEFAULT NULL) [0m
  [4;35;1mSQL (0.000000)[0m   [0mSQLite3::SQLException: no such table: secrets: DROP TABLE secrets[0m
  [4;36;1mSQL (0.002229)[0m   [0;1mCREATE TABLE secrets ("id" INTEGER PRIMARY KEY AUTOINCREMENT NOT NULL, "who_killed_jfk" varchar(255) DEFAULT NULL, "aliens_at_area_51" varchar(255) DEFAULT NULL, "current_president" varchar(255) DEFAULT NULL, "created_at" datetime DEFAULT NULL, "updated_at" datetime DEFAULT NULL) [0m
  [4;35;1mSQL (0.000000)[0m   [0mSQLite3::SQLException: no such table: more_secrets: DROP TABLE more_secrets[0m
  [4;36;1mSQL (0.002796)[0m   [0;1mCREATE TABLE more_secrets ("id" INTEGER PRIMARY KEY AUTOINCREMENT NOT NULL, "who_killed_jfk" varchar(255) DEFAULT NULL, "aliens_at_area_51" varchar(255) DEFAULT NULL, "current_president" varchar(255) DEFAULT NULL, "created_at" datetime DEFAULT NULL, "updated_at" datetime DEFAULT NULL) [0m
  [4;35;1mSQL (0.002445)[0m   [0mCREATE TABLE schema_info (version integer)[0m
  [4;36;1mSQL (0.002295)[0m   [0;1mINSERT INTO schema_info (version) VALUES(0)[0m
  [4;35;1mSQL (0.002061)[0m   [0mUPDATE schema_info SET version = 1[0m
  [4;36;1mUser Load (0.000269)[0m   [0;1mSELECT * FROM users LIMIT 1[0m
  [4;35;1mUser Load (0.000146)[0m   [0mSELECT * FROM users LIMIT 1[0m
  [4;36;1mSecret Create (0.000375)[0m   [0;1mINSERT INTO secrets ("updated_at", "aliens_at_area_51", "who_killed_jfk", "current_president", "created_at") VALUES('2008-05-21 12:11:01', NULL, NULL, NULL, '2008-05-21 12:11:01')[0m
  [4;36;1mSQL (0.000253)[0m   [0;1mselect sqlite_version(*)[0m
  [4;35;1mSQL (0.000000)[0m   [0mSQLite3::SQLException: no such table: users: DROP TABLE users[0m
  [4;36;1mSQL (0.003364)[0m   [0;1mCREATE TABLE users ("id" INTEGER PRIMARY KEY AUTOINCREMENT NOT NULL, "login" varchar(255) DEFAULT NULL, "key" varchar(255) DEFAULT NULL, "alternate_key" varchar(255) DEFAULT NULL, "secret_id" integer DEFAULT NULL, "created_at" datetime DEFAULT NULL, "updated_at" datetime DEFAULT NULL) [0m
  [4;35;1mSQL (0.000000)[0m   [0mSQLite3::SQLException: no such table: secrets: DROP TABLE secrets[0m
  [4;36;1mSQL (0.002559)[0m   [0;1mCREATE TABLE secrets ("id" INTEGER PRIMARY KEY AUTOINCREMENT NOT NULL, "who_killed_jfk" varchar(255) DEFAULT NULL, "aliens_at_area_51" varchar(255) DEFAULT NULL, "current_president" varchar(255) DEFAULT NULL, "created_at" datetime DEFAULT NULL, "updated_at" datetime DEFAULT NULL) [0m
  [4;35;1mSQL (0.000000)[0m   [0mSQLite3::SQLException: no such table: more_secrets: DROP TABLE more_secrets[0m
  [4;36;1mSQL (0.002884)[0m   [0;1mCREATE TABLE more_secrets ("id" INTEGER PRIMARY KEY AUTOINCREMENT NOT NULL, "who_killed_jfk" varchar(255) DEFAULT NULL, "aliens_at_area_51" varchar(255) DEFAULT NULL, "current_president" varchar(255) DEFAULT NULL, "created_at" datetime DEFAULT NULL, "updated_at" datetime DEFAULT NULL) [0m
  [4;35;1mSQL (0.002539)[0m   [0mCREATE TABLE schema_info (version integer)[0m
  [4;36;1mSQL (0.002282)[0m   [0;1mINSERT INTO schema_info (version) VALUES(0)[0m
  [4;35;1mSQL (0.002170)[0m   [0mUPDATE schema_info SET version = 1[0m
  [4;36;1mUser Load (0.000283)[0m   [0;1mSELECT * FROM users LIMIT 1[0m
  [4;35;1mUser Load (0.000136)[0m   [0mSELECT * FROM users LIMIT 1[0m
  [4;36;1mSecret Create (0.000377)[0m   [0;1mINSERT INTO secrets ("updated_at", "aliens_at_area_51", "who_killed_jfk", "current_president", "created_at") VALUES('2008-05-21 12:11:32', NULL, NULL, NULL, '2008-05-21 12:11:32')[0m
  [4;36;1mSQL (0.000253)[0m   [0;1mselect sqlite_version(*)[0m
  [4;35;1mSQL (0.000000)[0m   [0mSQLite3::SQLException: no such table: users: DROP TABLE users[0m
  [4;36;1mSQL (0.003562)[0m   [0;1mCREATE TABLE users ("id" INTEGER PRIMARY KEY AUTOINCREMENT NOT NULL, "login" varchar(255) DEFAULT NULL, "key" varchar(255) DEFAULT NULL, "alternate_key" varchar(255) DEFAULT NULL, "secret_id" integer DEFAULT NULL, "created_at" datetime DEFAULT NULL, "updated_at" datetime DEFAULT NULL) [0m
  [4;35;1mSQL (0.000000)[0m   [0mSQLite3::SQLException: no such table: secrets: DROP TABLE secrets[0m
  [4;36;1mSQL (0.002316)[0m   [0;1mCREATE TABLE secrets ("id" INTEGER PRIMARY KEY AUTOINCREMENT NOT NULL, "who_killed_jfk" varchar(255) DEFAULT NULL, "aliens_at_area_51" varchar(255) DEFAULT NULL, "current_president" varchar(255) DEFAULT NULL, "created_at" datetime DEFAULT NULL, "updated_at" datetime DEFAULT NULL) [0m
  [4;35;1mSQL (0.000000)[0m   [0mSQLite3::SQLException: no such table: more_secrets: DROP TABLE more_secrets[0m
  [4;36;1mSQL (0.002712)[0m   [0;1mCREATE TABLE more_secrets ("id" INTEGER PRIMARY KEY AUTOINCREMENT NOT NULL, "who_killed_jfk" varchar(255) DEFAULT NULL, "aliens_at_area_51" varchar(255) DEFAULT NULL, "current_president" varchar(255) DEFAULT NULL, "created_at" datetime DEFAULT NULL, "updated_at" datetime DEFAULT NULL) [0m
  [4;35;1mSQL (0.002579)[0m   [0mCREATE TABLE schema_info (version integer)[0m
  [4;36;1mSQL (0.002182)[0m   [0;1mINSERT INTO schema_info (version) VALUES(0)[0m
  [4;35;1mSQL (0.002274)[0m   [0mUPDATE schema_info SET version = 1[0m
  [4;36;1mUser Load (0.000271)[0m   [0;1mSELECT * FROM users LIMIT 1[0m
  [4;35;1mUser Load (0.000138)[0m   [0mSELECT * FROM users LIMIT 1[0m
  [4;36;1mSecret Create (0.000380)[0m   [0;1mINSERT INTO secrets ("updated_at", "aliens_at_area_51", "who_killed_jfk", "current_president", "created_at") VALUES('2008-05-21 12:12:27', NULL, NULL, NULL, '2008-05-21 12:12:27')[0m
  [4;36;1mSQL (0.000256)[0m   [0;1mselect sqlite_version(*)[0m
  [4;35;1mSQL (0.000000)[0m   [0mSQLite3::SQLException: no such table: users: DROP TABLE users[0m
  [4;36;1mSQL (0.003383)[0m   [0;1mCREATE TABLE users ("id" INTEGER PRIMARY KEY AUTOINCREMENT NOT NULL, "login" varchar(255) DEFAULT NULL, "key" varchar(255) DEFAULT NULL, "alternate_key" varchar(255) DEFAULT NULL, "secret_id" integer DEFAULT NULL, "created_at" datetime DEFAULT NULL, "updated_at" datetime DEFAULT NULL) [0m
  [4;35;1mSQL (0.000000)[0m   [0mSQLite3::SQLException: no such table: secrets: DROP TABLE secrets[0m
  [4;36;1mSQL (0.002233)[0m   [0;1mCREATE TABLE secrets ("id" INTEGER PRIMARY KEY AUTOINCREMENT NOT NULL, "who_killed_jfk" varchar(255) DEFAULT NULL, "aliens_at_area_51" varchar(255) DEFAULT NULL, "current_president" varchar(255) DEFAULT NULL, "created_at" datetime DEFAULT NULL, "updated_at" datetime DEFAULT NULL) [0m
  [4;35;1mSQL (0.000000)[0m   [0mSQLite3::SQLException: no such table: more_secrets: DROP TABLE more_secrets[0m
  [4;36;1mSQL (0.002563)[0m   [0;1mCREATE TABLE more_secrets ("id" INTEGER PRIMARY KEY AUTOINCREMENT NOT NULL, "who_killed_jfk" varchar(255) DEFAULT NULL, "aliens_at_area_51" varchar(255) DEFAULT NULL, "current_president" varchar(255) DEFAULT NULL, "created_at" datetime DEFAULT NULL, "updated_at" datetime DEFAULT NULL) [0m
  [4;35;1mSQL (0.002594)[0m   [0mCREATE TABLE schema_info (version integer)[0m
  [4;36;1mSQL (0.002144)[0m   [0;1mINSERT INTO schema_info (version) VALUES(0)[0m
  [4;35;1mSQL (0.001996)[0m   [0mUPDATE schema_info SET version = 1[0m
  [4;36;1mUser Load (0.000275)[0m   [0;1mSELECT * FROM users LIMIT 1[0m
  [4;35;1mUser Load (0.000148)[0m   [0mSELECT * FROM users LIMIT 1[0m
  [4;36;1mSecret Create (0.000393)[0m   [0;1mINSERT INTO secrets ("updated_at", "aliens_at_area_51", "who_killed_jfk", "current_president", "created_at") VALUES('2008-05-21 12:18:57', NULL, NULL, NULL, '2008-05-21 12:18:57')[0m
  [4;36;1mSQL (0.000258)[0m   [0;1mselect sqlite_version(*)[0m
  [4;35;1mSQL (0.000000)[0m   [0mSQLite3::SQLException: no such table: users: DROP TABLE users[0m
  [4;36;1mSQL (0.003313)[0m   [0;1mCREATE TABLE users ("id" INTEGER PRIMARY KEY AUTOINCREMENT NOT NULL, "login" varchar(255) DEFAULT NULL, "key" varchar(255) DEFAULT NULL, "alternate_key" varchar(255) DEFAULT NULL, "secret_id" integer DEFAULT NULL, "created_at" datetime DEFAULT NULL, "updated_at" datetime DEFAULT NULL) [0m
  [4;35;1mSQL (0.000000)[0m   [0mSQLite3::SQLException: no such table: secrets: DROP TABLE secrets[0m
  [4;36;1mSQL (0.002007)[0m   [0;1mCREATE TABLE secrets ("id" INTEGER PRIMARY KEY AUTOINCREMENT NOT NULL, "who_killed_jfk" varchar(255) DEFAULT NULL, "aliens_at_area_51" varchar(255) DEFAULT NULL, "current_president" varchar(255) DEFAULT NULL, "created_at" datetime DEFAULT NULL, "updated_at" datetime DEFAULT NULL) [0m
  [4;35;1mSQL (0.000000)[0m   [0mSQLite3::SQLException: no such table: more_secrets: DROP TABLE more_secrets[0m
  [4;36;1mSQL (0.002402)[0m   [0;1mCREATE TABLE more_secrets ("id" INTEGER PRIMARY KEY AUTOINCREMENT NOT NULL, "who_killed_jfk" varchar(255) DEFAULT NULL, "aliens_at_area_51" varchar(255) DEFAULT NULL, "current_president" varchar(255) DEFAULT NULL, "created_at" datetime DEFAULT NULL, "updated_at" datetime DEFAULT NULL) [0m
  [4;35;1mSQL (0.002342)[0m   [0mCREATE TABLE schema_info (version integer)[0m
  [4;36;1mSQL (0.002201)[0m   [0;1mINSERT INTO schema_info (version) VALUES(0)[0m
  [4;35;1mSQL (0.002439)[0m   [0mUPDATE schema_info SET version = 1[0m
  [4;36;1mUser Load (0.000268)[0m   [0;1mSELECT * FROM users LIMIT 1[0m
  [4;35;1mUser Load (0.000139)[0m   [0mSELECT * FROM users LIMIT 1[0m
  [4;36;1mSecret Create (0.000390)[0m   [0;1mINSERT INTO secrets ("updated_at", "aliens_at_area_51", "who_killed_jfk", "current_president", "created_at") VALUES('2008-05-21 12:20:52', NULL, NULL, NULL, '2008-05-21 12:20:52')[0m
  [4;36;1mSQL (0.000266)[0m   [0;1mselect sqlite_version(*)[0m
  [4;35;1mSQL (0.000000)[0m   [0mSQLite3::SQLException: no such table: users: DROP TABLE users[0m
  [4;36;1mSQL (0.003251)[0m   [0;1mCREATE TABLE users ("id" INTEGER PRIMARY KEY AUTOINCREMENT NOT NULL, "login" varchar(255) DEFAULT NULL, "key" varchar(255) DEFAULT NULL, "alternate_key" varchar(255) DEFAULT NULL, "secret_id" integer DEFAULT NULL, "created_at" datetime DEFAULT NULL, "updated_at" datetime DEFAULT NULL) [0m
  [4;35;1mSQL (0.000000)[0m   [0mSQLite3::SQLException: no such table: secrets: DROP TABLE secrets[0m
  [4;36;1mSQL (0.002435)[0m   [0;1mCREATE TABLE secrets ("id" INTEGER PRIMARY KEY AUTOINCREMENT NOT NULL, "who_killed_jfk" varchar(255) DEFAULT NULL, "aliens_at_area_51" varchar(255) DEFAULT NULL, "current_president" varchar(255) DEFAULT NULL, "created_at" datetime DEFAULT NULL, "updated_at" datetime DEFAULT NULL) [0m
  [4;35;1mSQL (0.000000)[0m   [0mSQLite3::SQLException: no such table: more_secrets: DROP TABLE more_secrets[0m
  [4;36;1mSQL (0.003244)[0m   [0;1mCREATE TABLE more_secrets ("id" INTEGER PRIMARY KEY AUTOINCREMENT NOT NULL, "who_killed_jfk" varchar(255) DEFAULT NULL, "aliens_at_area_51" varchar(255) DEFAULT NULL, "current_president" varchar(255) DEFAULT NULL, "created_at" datetime DEFAULT NULL, "updated_at" datetime DEFAULT NULL) [0m
  [4;35;1mSQL (0.003000)[0m   [0mCREATE TABLE schema_info (version integer)[0m
  [4;36;1mSQL (0.002658)[0m   [0;1mINSERT INTO schema_info (version) VALUES(0)[0m
  [4;35;1mSQL (0.001985)[0m   [0mUPDATE schema_info SET version = 1[0m
  [4;36;1mUser Load (0.000286)[0m   [0;1mSELECT * FROM users LIMIT 1[0m
  [4;35;1mUser Load (0.000144)[0m   [0mSELECT * FROM users LIMIT 1[0m
  [4;36;1mSecret Create (0.000387)[0m   [0;1mINSERT INTO secrets ("updated_at", "aliens_at_area_51", "who_killed_jfk", "current_president", "created_at") VALUES('2008-05-21 12:21:09', NULL, NULL, NULL, '2008-05-21 12:21:09')[0m
  [4;36;1mSQL (0.000261)[0m   [0;1mselect sqlite_version(*)[0m
  [4;35;1mSQL (0.000000)[0m   [0mSQLite3::SQLException: no such table: users: DROP TABLE users[0m
  [4;36;1mSQL (0.003289)[0m   [0;1mCREATE TABLE users ("id" INTEGER PRIMARY KEY AUTOINCREMENT NOT NULL, "login" varchar(255) DEFAULT NULL, "key" varchar(255) DEFAULT NULL, "alternate_key" varchar(255) DEFAULT NULL, "secret_id" integer DEFAULT NULL, "created_at" datetime DEFAULT NULL, "updated_at" datetime DEFAULT NULL) [0m
  [4;35;1mSQL (0.000000)[0m   [0mSQLite3::SQLException: no such table: secrets: DROP TABLE secrets[0m
  [4;36;1mSQL (0.002202)[0m   [0;1mCREATE TABLE secrets ("id" INTEGER PRIMARY KEY AUTOINCREMENT NOT NULL, "who_killed_jfk" varchar(255) DEFAULT NULL, "aliens_at_area_51" varchar(255) DEFAULT NULL, "current_president" varchar(255) DEFAULT NULL, "created_at" datetime DEFAULT NULL, "updated_at" datetime DEFAULT NULL) [0m
  [4;35;1mSQL (0.000000)[0m   [0mSQLite3::SQLException: no such table: more_secrets: DROP TABLE more_secrets[0m
  [4;36;1mSQL (0.002808)[0m   [0;1mCREATE TABLE more_secrets ("id" INTEGER PRIMARY KEY AUTOINCREMENT NOT NULL, "who_killed_jfk" varchar(255) DEFAULT NULL, "aliens_at_area_51" varchar(255) DEFAULT NULL, "current_president" varchar(255) DEFAULT NULL, "created_at" datetime DEFAULT NULL, "updated_at" datetime DEFAULT NULL) [0m
  [4;35;1mSQL (0.002584)[0m   [0mCREATE TABLE schema_info (version integer)[0m
  [4;36;1mSQL (0.002209)[0m   [0;1mINSERT INTO schema_info (version) VALUES(0)[0m
  [4;35;1mSQL (0.002005)[0m   [0mUPDATE schema_info SET version = 1[0m
  [4;36;1mUser Load (0.000271)[0m   [0;1mSELECT * FROM users LIMIT 1[0m
  [4;35;1mUser Load (0.000139)[0m   [0mSELECT * FROM users LIMIT 1[0m
  [4;36;1mSecret Create (0.000406)[0m   [0;1mINSERT INTO secrets ("updated_at", "aliens_at_area_51", "who_killed_jfk", "current_president", "created_at") VALUES('2008-05-21 12:21:27', NULL, NULL, NULL, '2008-05-21 12:21:27')[0m
  [4;36;1mSQL (0.000254)[0m   [0;1mselect sqlite_version(*)[0m
  [4;35;1mSQL (0.000000)[0m   [0mSQLite3::SQLException: no such table: users: DROP TABLE users[0m
  [4;36;1mSQL (0.003396)[0m   [0;1mCREATE TABLE users ("id" INTEGER PRIMARY KEY AUTOINCREMENT NOT NULL, "login" varchar(255) DEFAULT NULL, "key" varchar(255) DEFAULT NULL, "alternate_key" varchar(255) DEFAULT NULL, "secret_id" integer DEFAULT NULL, "created_at" datetime DEFAULT NULL, "updated_at" datetime DEFAULT NULL) [0m
  [4;35;1mSQL (0.000000)[0m   [0mSQLite3::SQLException: no such table: secrets: DROP TABLE secrets[0m
  [4;36;1mSQL (0.002168)[0m   [0;1mCREATE TABLE secrets ("id" INTEGER PRIMARY KEY AUTOINCREMENT NOT NULL, "who_killed_jfk" varchar(255) DEFAULT NULL, "aliens_at_area_51" varchar(255) DEFAULT NULL, "current_president" varchar(255) DEFAULT NULL, "created_at" datetime DEFAULT NULL, "updated_at" datetime DEFAULT NULL) [0m
  [4;35;1mSQL (0.000000)[0m   [0mSQLite3::SQLException: no such table: more_secrets: DROP TABLE more_secrets[0m
  [4;36;1mSQL (0.002436)[0m   [0;1mCREATE TABLE more_secrets ("id" INTEGER PRIMARY KEY AUTOINCREMENT NOT NULL, "who_killed_jfk" varchar(255) DEFAULT NULL, "aliens_at_area_51" varchar(255) DEFAULT NULL, "current_president" varchar(255) DEFAULT NULL, "created_at" datetime DEFAULT NULL, "updated_at" datetime DEFAULT NULL) [0m
  [4;35;1mSQL (0.002664)[0m   [0mCREATE TABLE schema_info (version integer)[0m
  [4;36;1mSQL (0.002165)[0m   [0;1mINSERT INTO schema_info (version) VALUES(0)[0m
  [4;35;1mSQL (0.002281)[0m   [0mUPDATE schema_info SET version = 1[0m
  [4;36;1mUser Load (0.000290)[0m   [0;1mSELECT * FROM users LIMIT 1[0m
  [4;35;1mUser Load (0.000170)[0m   [0mSELECT * FROM users LIMIT 1[0m
  [4;36;1mUser Create (0.000401)[0m   [0;1mINSERT INTO users ("updated_at", "secret_id", "alternate_key", "key", "login", "created_at") VALUES('2008-05-21 12:21:54', NULL, NULL, NULL, NULL, '2008-05-21 12:21:54')[0m
  [4;36;1mSQL (0.000254)[0m   [0;1mselect sqlite_version(*)[0m
  [4;35;1mSQL (0.000000)[0m   [0mSQLite3::SQLException: no such table: users: DROP TABLE users[0m
  [4;36;1mSQL (0.003291)[0m   [0;1mCREATE TABLE users ("id" INTEGER PRIMARY KEY AUTOINCREMENT NOT NULL, "login" varchar(255) DEFAULT NULL, "key" varchar(255) DEFAULT NULL, "alternate_key" varchar(255) DEFAULT NULL, "secret_id" integer DEFAULT NULL, "created_at" datetime DEFAULT NULL, "updated_at" datetime DEFAULT NULL) [0m
  [4;35;1mSQL (0.000000)[0m   [0mSQLite3::SQLException: no such table: secrets: DROP TABLE secrets[0m
  [4;36;1mSQL (0.002325)[0m   [0;1mCREATE TABLE secrets ("id" INTEGER PRIMARY KEY AUTOINCREMENT NOT NULL, "who_killed_jfk" varchar(255) DEFAULT NULL, "aliens_at_area_51" varchar(255) DEFAULT NULL, "current_president" varchar(255) DEFAULT NULL, "created_at" datetime DEFAULT NULL, "updated_at" datetime DEFAULT NULL) [0m
  [4;35;1mSQL (0.000000)[0m   [0mSQLite3::SQLException: no such table: more_secrets: DROP TABLE more_secrets[0m
  [4;36;1mSQL (0.002575)[0m   [0;1mCREATE TABLE more_secrets ("id" INTEGER PRIMARY KEY AUTOINCREMENT NOT NULL, "who_killed_jfk" varchar(255) DEFAULT NULL, "aliens_at_area_51" varchar(255) DEFAULT NULL, "current_president" varchar(255) DEFAULT NULL, "created_at" datetime DEFAULT NULL, "updated_at" datetime DEFAULT NULL) [0m
  [4;35;1mSQL (0.002480)[0m   [0mCREATE TABLE schema_info (version integer)[0m
  [4;36;1mSQL (0.002175)[0m   [0;1mINSERT INTO schema_info (version) VALUES(0)[0m
  [4;35;1mSQL (0.002331)[0m   [0mUPDATE schema_info SET version = 1[0m
  [4;36;1mUser Load (0.000261)[0m   [0;1mSELECT * FROM users LIMIT 1[0m
  [4;35;1mUser Load (0.000139)[0m   [0mSELECT * FROM users LIMIT 1[0m
  [4;36;1mUser Create (0.000397)[0m   [0;1mINSERT INTO users ("updated_at", "secret_id", "alternate_key", "key", "login", "created_at") VALUES('2008-05-21 12:22:42', NULL, NULL, NULL, NULL, '2008-05-21 12:22:42')[0m
  [4;36;1mSQL (0.000251)[0m   [0;1mselect sqlite_version(*)[0m
  [4;35;1mSQL (0.000000)[0m   [0mSQLite3::SQLException: no such table: users: DROP TABLE users[0m
  [4;36;1mSQL (0.002854)[0m   [0;1mCREATE TABLE users ("id" INTEGER PRIMARY KEY AUTOINCREMENT NOT NULL, "login" varchar(255) DEFAULT NULL, "key" varchar(255) DEFAULT NULL, "alternate_key" varchar(255) DEFAULT NULL, "secret_id" integer DEFAULT NULL, "created_at" datetime DEFAULT NULL, "updated_at" datetime DEFAULT NULL) [0m
  [4;35;1mSQL (0.000000)[0m   [0mSQLite3::SQLException: no such table: secrets: DROP TABLE secrets[0m
  [4;36;1mSQL (0.001928)[0m   [0;1mCREATE TABLE secrets ("id" INTEGER PRIMARY KEY AUTOINCREMENT NOT NULL, "who_killed_jfk" varchar(255) DEFAULT NULL, "aliens_at_area_51" varchar(255) DEFAULT NULL, "current_president" varchar(255) DEFAULT NULL, "created_at" datetime DEFAULT NULL, "updated_at" datetime DEFAULT NULL) [0m
  [4;35;1mSQL (0.000000)[0m   [0mSQLite3::SQLException: no such table: more_secrets: DROP TABLE more_secrets[0m
  [4;36;1mSQL (0.002826)[0m   [0;1mCREATE TABLE more_secrets ("id" INTEGER PRIMARY KEY AUTOINCREMENT NOT NULL, "who_killed_jfk" varchar(255) DEFAULT NULL, "aliens_at_area_51" varchar(255) DEFAULT NULL, "current_president" varchar(255) DEFAULT NULL, "created_at" datetime DEFAULT NULL, "updated_at" datetime DEFAULT NULL) [0m
  [4;35;1mSQL (0.002489)[0m   [0mCREATE TABLE schema_info (version integer)[0m
  [4;36;1mSQL (0.002098)[0m   [0;1mINSERT INTO schema_info (version) VALUES(0)[0m
  [4;35;1mSQL (0.002200)[0m   [0mUPDATE schema_info SET version = 1[0m
  [4;36;1mUser Load (0.000272)[0m   [0;1mSELECT * FROM users LIMIT 1[0m
  [4;35;1mUser Load (0.000158)[0m   [0mSELECT * FROM users LIMIT 1[0m
  [4;36;1mSecret Create (0.000398)[0m   [0;1mINSERT INTO secrets ("updated_at", "aliens_at_area_51", "who_killed_jfk", "current_president", "created_at") VALUES('2008-05-21 12:23:00', NULL, NULL, NULL, '2008-05-21 12:23:00')[0m
  [4;36;1mSQL (0.000250)[0m   [0;1mselect sqlite_version(*)[0m
  [4;35;1mSQL (0.000000)[0m   [0mSQLite3::SQLException: no such table: users: DROP TABLE users[0m
  [4;36;1mSQL (0.004002)[0m   [0;1mCREATE TABLE users ("id" INTEGER PRIMARY KEY AUTOINCREMENT NOT NULL, "login" varchar(255) DEFAULT NULL, "key" varchar(255) DEFAULT NULL, "alternate_key" varchar(255) DEFAULT NULL, "secret_id" integer DEFAULT NULL, "created_at" datetime DEFAULT NULL, "updated_at" datetime DEFAULT NULL) [0m
  [4;35;1mSQL (0.000000)[0m   [0mSQLite3::SQLException: no such table: secrets: DROP TABLE secrets[0m
  [4;36;1mSQL (0.003181)[0m   [0;1mCREATE TABLE secrets ("id" INTEGER PRIMARY KEY AUTOINCREMENT NOT NULL, "who_killed_jfk" varchar(255) DEFAULT NULL, "aliens_at_area_51" varchar(255) DEFAULT NULL, "current_president" varchar(255) DEFAULT NULL, "created_at" datetime DEFAULT NULL, "updated_at" datetime DEFAULT NULL) [0m
  [4;35;1mSQL (0.000000)[0m   [0mSQLite3::SQLException: no such table: more_secrets: DROP TABLE more_secrets[0m
  [4;36;1mSQL (0.002560)[0m   [0;1mCREATE TABLE more_secrets ("id" INTEGER PRIMARY KEY AUTOINCREMENT NOT NULL, "who_killed_jfk" varchar(255) DEFAULT NULL, "aliens_at_area_51" varchar(255) DEFAULT NULL, "current_president" varchar(255) DEFAULT NULL, "created_at" datetime DEFAULT NULL, "updated_at" datetime DEFAULT NULL) [0m
  [4;35;1mSQL (0.002281)[0m   [0mCREATE TABLE schema_info (version integer)[0m
  [4;36;1mSQL (0.002226)[0m   [0;1mINSERT INTO schema_info (version) VALUES(0)[0m
  [4;35;1mSQL (0.001995)[0m   [0mUPDATE schema_info SET version = 1[0m
  [4;36;1mUser Load (0.000256)[0m   [0;1mSELECT * FROM users LIMIT 1[0m
  [4;35;1mUser Load (0.000139)[0m   [0mSELECT * FROM users LIMIT 1[0m
  [4;36;1mSecret Create (0.000384)[0m   [0;1mINSERT INTO secrets ("updated_at", "aliens_at_area_51", "who_killed_jfk", "current_president", "created_at") VALUES('2008-05-21 12:23:20', NULL, NULL, NULL, '2008-05-21 12:23:20')[0m
  [4;36;1mSQL (0.000257)[0m   [0;1mselect sqlite_version(*)[0m
  [4;35;1mSQL (0.000000)[0m   [0mSQLite3::SQLException: no such table: users: DROP TABLE users[0m
  [4;36;1mSQL (0.003330)[0m   [0;1mCREATE TABLE users ("id" INTEGER PRIMARY KEY AUTOINCREMENT NOT NULL, "login" varchar(255) DEFAULT NULL, "key" varchar(255) DEFAULT NULL, "alternate_key" varchar(255) DEFAULT NULL, "secret_id" integer DEFAULT NULL, "created_at" datetime DEFAULT NULL, "updated_at" datetime DEFAULT NULL) [0m
  [4;35;1mSQL (0.000000)[0m   [0mSQLite3::SQLException: no such table: secrets: DROP TABLE secrets[0m
  [4;36;1mSQL (0.002195)[0m   [0;1mCREATE TABLE secrets ("id" INTEGER PRIMARY KEY AUTOINCREMENT NOT NULL, "who_killed_jfk" varchar(255) DEFAULT NULL, "aliens_at_area_51" varchar(255) DEFAULT NULL, "current_president" varchar(255) DEFAULT NULL, "created_at" datetime DEFAULT NULL, "updated_at" datetime DEFAULT NULL) [0m
  [4;35;1mSQL (0.000000)[0m   [0mSQLite3::SQLException: no such table: more_secrets: DROP TABLE more_secrets[0m
  [4;36;1mSQL (0.002519)[0m   [0;1mCREATE TABLE more_secrets ("id" INTEGER PRIMARY KEY AUTOINCREMENT NOT NULL, "who_killed_jfk" varchar(255) DEFAULT NULL, "aliens_at_area_51" varchar(255) DEFAULT NULL, "current_president" varchar(255) DEFAULT NULL, "created_at" datetime DEFAULT NULL, "updated_at" datetime DEFAULT NULL) [0m
  [4;35;1mSQL (0.002265)[0m   [0mCREATE TABLE schema_info (version integer)[0m
  [4;36;1mSQL (0.002199)[0m   [0;1mINSERT INTO schema_info (version) VALUES(0)[0m
  [4;35;1mSQL (0.002312)[0m   [0mUPDATE schema_info SET version = 1[0m
  [4;36;1mUser Load (0.000267)[0m   [0;1mSELECT * FROM users LIMIT 1[0m
  [4;35;1mUser Load (0.000141)[0m   [0mSELECT * FROM users LIMIT 1[0m
  [4;36;1mSecret Create (0.000396)[0m   [0;1mINSERT INTO secrets ("updated_at", "aliens_at_area_51", "who_killed_jfk", "current_president", "created_at") VALUES('2008-05-21 12:23:37', NULL, NULL, NULL, '2008-05-21 12:23:37')[0m
  [4;36;1mSQL (0.000254)[0m   [0;1mselect sqlite_version(*)[0m
  [4;35;1mSQL (0.000000)[0m   [0mSQLite3::SQLException: no such table: users: DROP TABLE users[0m
  [4;36;1mSQL (0.002845)[0m   [0;1mCREATE TABLE users ("id" INTEGER PRIMARY KEY AUTOINCREMENT NOT NULL, "login" varchar(255) DEFAULT NULL, "key" varchar(255) DEFAULT NULL, "alternate_key" varchar(255) DEFAULT NULL, "secret_id" integer DEFAULT NULL, "created_at" datetime DEFAULT NULL, "updated_at" datetime DEFAULT NULL) [0m
  [4;35;1mSQL (0.000000)[0m   [0mSQLite3::SQLException: no such table: secrets: DROP TABLE secrets[0m
  [4;36;1mSQL (0.002149)[0m   [0;1mCREATE TABLE secrets ("id" INTEGER PRIMARY KEY AUTOINCREMENT NOT NULL, "who_killed_jfk" varchar(255) DEFAULT NULL, "aliens_at_area_51" varchar(255) DEFAULT NULL, "current_president" varchar(255) DEFAULT NULL, "created_at" datetime DEFAULT NULL, "updated_at" datetime DEFAULT NULL) [0m
  [4;35;1mSQL (0.000000)[0m   [0mSQLite3::SQLException: no such table: more_secrets: DROP TABLE more_secrets[0m
  [4;36;1mSQL (0.002781)[0m   [0;1mCREATE TABLE more_secrets ("id" INTEGER PRIMARY KEY AUTOINCREMENT NOT NULL, "who_killed_jfk" varchar(255) DEFAULT NULL, "aliens_at_area_51" varchar(255) DEFAULT NULL, "current_president" varchar(255) DEFAULT NULL, "created_at" datetime DEFAULT NULL, "updated_at" datetime DEFAULT NULL) [0m
  [4;35;1mSQL (0.002517)[0m   [0mCREATE TABLE schema_info (version integer)[0m
  [4;36;1mSQL (0.002231)[0m   [0;1mINSERT INTO schema_info (version) VALUES(0)[0m
  [4;35;1mSQL (0.002387)[0m   [0mUPDATE schema_info SET version = 1[0m
  [4;36;1mUser Load (0.000261)[0m   [0;1mSELECT * FROM users LIMIT 1[0m
  [4;35;1mUser Load (0.000177)[0m   [0mSELECT * FROM users LIMIT 1[0m
  [4;36;1mSecret Create (0.000401)[0m   [0;1mINSERT INTO secrets ("updated_at", "aliens_at_area_51", "who_killed_jfk", "current_president", "created_at") VALUES('2008-05-21 12:24:00', NULL, NULL, NULL, '2008-05-21 12:24:00')[0m
  [4;36;1mSQL (0.000253)[0m   [0;1mselect sqlite_version(*)[0m
  [4;35;1mSQL (0.000000)[0m   [0mSQLite3::SQLException: no such table: users: DROP TABLE users[0m
  [4;36;1mSQL (0.003379)[0m   [0;1mCREATE TABLE users ("id" INTEGER PRIMARY KEY AUTOINCREMENT NOT NULL, "login" varchar(255) DEFAULT NULL, "key" varchar(255) DEFAULT NULL, "alternate_key" varchar(255) DEFAULT NULL, "secret_id" integer DEFAULT NULL, "created_at" datetime DEFAULT NULL, "updated_at" datetime DEFAULT NULL) [0m
  [4;35;1mSQL (0.000000)[0m   [0mSQLite3::SQLException: no such table: secrets: DROP TABLE secrets[0m
  [4;36;1mSQL (0.002576)[0m   [0;1mCREATE TABLE secrets ("id" INTEGER PRIMARY KEY AUTOINCREMENT NOT NULL, "who_killed_jfk" varchar(255) DEFAULT NULL, "aliens_at_area_51" varchar(255) DEFAULT NULL, "current_president" varchar(255) DEFAULT NULL, "created_at" datetime DEFAULT NULL, "updated_at" datetime DEFAULT NULL) [0m
  [4;35;1mSQL (0.000000)[0m   [0mSQLite3::SQLException: no such table: more_secrets: DROP TABLE more_secrets[0m
  [4;36;1mSQL (0.003561)[0m   [0;1mCREATE TABLE more_secrets ("id" INTEGER PRIMARY KEY AUTOINCREMENT NOT NULL, "who_killed_jfk" varchar(255) DEFAULT NULL, "aliens_at_area_51" varchar(255) DEFAULT NULL, "current_president" varchar(255) DEFAULT NULL, "created_at" datetime DEFAULT NULL, "updated_at" datetime DEFAULT NULL) [0m
  [4;35;1mSQL (0.002100)[0m   [0mCREATE TABLE schema_info (version integer)[0m
  [4;36;1mSQL (0.002098)[0m   [0;1mINSERT INTO schema_info (version) VALUES(0)[0m
  [4;35;1mSQL (0.001961)[0m   [0mUPDATE schema_info SET version = 1[0m
  [4;36;1mUser Load (0.000262)[0m   [0;1mSELECT * FROM users LIMIT 1[0m
  [4;35;1mUser Load (0.000147)[0m   [0mSELECT * FROM users LIMIT 1[0m
  [4;36;1mSecret Create (0.000440)[0m   [0;1mINSERT INTO secrets ("updated_at", "aliens_at_area_51", "who_killed_jfk", "current_president", "created_at") VALUES('2008-05-21 12:24:42', NULL, NULL, NULL, '2008-05-21 12:24:42')[0m
  [4;36;1mSQL (0.000250)[0m   [0;1mselect sqlite_version(*)[0m
  [4;35;1mSQL (0.000000)[0m   [0mSQLite3::SQLException: no such table: users: DROP TABLE users[0m
  [4;36;1mSQL (0.003562)[0m   [0;1mCREATE TABLE users ("id" INTEGER PRIMARY KEY AUTOINCREMENT NOT NULL, "login" varchar(255) DEFAULT NULL, "key" varchar(255) DEFAULT NULL, "alternate_key" varchar(255) DEFAULT NULL, "secret_id" integer DEFAULT NULL, "created_at" datetime DEFAULT NULL, "updated_at" datetime DEFAULT NULL) [0m
  [4;35;1mSQL (0.000000)[0m   [0mSQLite3::SQLException: no such table: secrets: DROP TABLE secrets[0m
  [4;36;1mSQL (0.002360)[0m   [0;1mCREATE TABLE secrets ("id" INTEGER PRIMARY KEY AUTOINCREMENT NOT NULL, "who_killed_jfk" varchar(255) DEFAULT NULL, "aliens_at_area_51" varchar(255) DEFAULT NULL, "current_president" varchar(255) DEFAULT NULL, "created_at" datetime DEFAULT NULL, "updated_at" datetime DEFAULT NULL) [0m
  [4;35;1mSQL (0.000000)[0m   [0mSQLite3::SQLException: no such table: more_secrets: DROP TABLE more_secrets[0m
  [4;36;1mSQL (0.002883)[0m   [0;1mCREATE TABLE more_secrets ("id" INTEGER PRIMARY KEY AUTOINCREMENT NOT NULL, "who_killed_jfk" varchar(255) DEFAULT NULL, "aliens_at_area_51" varchar(255) DEFAULT NULL, "current_president" varchar(255) DEFAULT NULL, "created_at" datetime DEFAULT NULL, "updated_at" datetime DEFAULT NULL) [0m
  [4;35;1mSQL (0.002910)[0m   [0mCREATE TABLE schema_info (version integer)[0m
  [4;36;1mSQL (0.002629)[0m   [0;1mINSERT INTO schema_info (version) VALUES(0)[0m
  [4;35;1mSQL (0.002470)[0m   [0mUPDATE schema_info SET version = 1[0m
  [4;36;1mUser Load (0.000262)[0m   [0;1mSELECT * FROM users LIMIT 1[0m
  [4;35;1mUser Load (0.000160)[0m   [0mSELECT * FROM users LIMIT 1[0m
  [4;36;1mSecret Create (0.000405)[0m   [0;1mINSERT INTO secrets ("updated_at", "aliens_at_area_51", "who_killed_jfk", "current_president", "created_at") VALUES('2008-05-21 12:25:23', NULL, NULL, NULL, '2008-05-21 12:25:23')[0m
  [4;36;1mSQL (0.000251)[0m   [0;1mselect sqlite_version(*)[0m
  [4;35;1mSQL (0.000000)[0m   [0mSQLite3::SQLException: no such table: users: DROP TABLE users[0m
  [4;36;1mSQL (0.002779)[0m   [0;1mCREATE TABLE users ("id" INTEGER PRIMARY KEY AUTOINCREMENT NOT NULL, "login" varchar(255) DEFAULT NULL, "key" varchar(255) DEFAULT NULL, "alternate_key" varchar(255) DEFAULT NULL, "secret_id" integer DEFAULT NULL, "created_at" datetime DEFAULT NULL, "updated_at" datetime DEFAULT NULL) [0m
  [4;35;1mSQL (0.000000)[0m   [0mSQLite3::SQLException: no such table: secrets: DROP TABLE secrets[0m
  [4;36;1mSQL (0.002195)[0m   [0;1mCREATE TABLE secrets ("id" INTEGER PRIMARY KEY AUTOINCREMENT NOT NULL, "who_killed_jfk" varchar(255) DEFAULT NULL, "aliens_at_area_51" varchar(255) DEFAULT NULL, "current_president" varchar(255) DEFAULT NULL, "created_at" datetime DEFAULT NULL, "updated_at" datetime DEFAULT NULL) [0m
  [4;35;1mSQL (0.000000)[0m   [0mSQLite3::SQLException: no such table: more_secrets: DROP TABLE more_secrets[0m
  [4;36;1mSQL (0.002717)[0m   [0;1mCREATE TABLE more_secrets ("id" INTEGER PRIMARY KEY AUTOINCREMENT NOT NULL, "who_killed_jfk" varchar(255) DEFAULT NULL, "aliens_at_area_51" varchar(255) DEFAULT NULL, "current_president" varchar(255) DEFAULT NULL, "created_at" datetime DEFAULT NULL, "updated_at" datetime DEFAULT NULL) [0m
  [4;35;1mSQL (0.002357)[0m   [0mCREATE TABLE schema_info (version integer)[0m
  [4;36;1mSQL (0.002182)[0m   [0;1mINSERT INTO schema_info (version) VALUES(0)[0m
  [4;35;1mSQL (0.001985)[0m   [0mUPDATE schema_info SET version = 1[0m
  [4;36;1mUser Load (0.000259)[0m   [0;1mSELECT * FROM users LIMIT 1[0m
  [4;35;1mUser Load (0.000144)[0m   [0mSELECT * FROM users LIMIT 1[0m
  [4;36;1mSecret Create (0.000400)[0m   [0;1mINSERT INTO secrets ("updated_at", "aliens_at_area_51", "who_killed_jfk", "current_president", "created_at") VALUES('2008-05-21 12:25:42', NULL, NULL, NULL, '2008-05-21 12:25:42')[0m
  [4;36;1mSQL (0.000253)[0m   [0;1mselect sqlite_version(*)[0m
  [4;35;1mSQL (0.000000)[0m   [0mSQLite3::SQLException: no such table: users: DROP TABLE users[0m
  [4;36;1mSQL (0.019350)[0m   [0;1mCREATE TABLE users ("id" INTEGER PRIMARY KEY AUTOINCREMENT NOT NULL, "login" varchar(255) DEFAULT NULL, "key" varchar(255) DEFAULT NULL, "alternate_key" varchar(255) DEFAULT NULL, "secret_id" integer DEFAULT NULL, "created_at" datetime DEFAULT NULL, "updated_at" datetime DEFAULT NULL) [0m
  [4;35;1mSQL (0.000000)[0m   [0mSQLite3::SQLException: no such table: secrets: DROP TABLE secrets[0m
  [4;36;1mSQL (0.002313)[0m   [0;1mCREATE TABLE secrets ("id" INTEGER PRIMARY KEY AUTOINCREMENT NOT NULL, "who_killed_jfk" varchar(255) DEFAULT NULL, "aliens_at_area_51" varchar(255) DEFAULT NULL, "current_president" varchar(255) DEFAULT NULL, "created_at" datetime DEFAULT NULL, "updated_at" datetime DEFAULT NULL) [0m
  [4;35;1mSQL (0.000000)[0m   [0mSQLite3::SQLException: no such table: more_secrets: DROP TABLE more_secrets[0m
  [4;36;1mSQL (0.002335)[0m   [0;1mCREATE TABLE more_secrets ("id" INTEGER PRIMARY KEY AUTOINCREMENT NOT NULL, "who_killed_jfk" varchar(255) DEFAULT NULL, "aliens_at_area_51" varchar(255) DEFAULT NULL, "current_president" varchar(255) DEFAULT NULL, "created_at" datetime DEFAULT NULL, "updated_at" datetime DEFAULT NULL) [0m
  [4;35;1mSQL (0.002521)[0m   [0mCREATE TABLE schema_info (version integer)[0m
  [4;36;1mSQL (0.002307)[0m   [0;1mINSERT INTO schema_info (version) VALUES(0)[0m
  [4;35;1mSQL (0.001657)[0m   [0mUPDATE schema_info SET version = 1[0m
  [4;36;1mUser Load (0.000273)[0m   [0;1mSELECT * FROM users LIMIT 1[0m
  [4;35;1mUser Load (0.000143)[0m   [0mSELECT * FROM users LIMIT 1[0m
  [4;36;1mSecret Create (0.000410)[0m   [0;1mINSERT INTO secrets ("updated_at", "aliens_at_area_51", "who_killed_jfk", "current_president", "created_at") VALUES('2008-05-21 12:26:39', NULL, NULL, NULL, '2008-05-21 12:26:39')[0m
  [4;36;1mSQL (0.000255)[0m   [0;1mselect sqlite_version(*)[0m
  [4;35;1mSQL (0.000000)[0m   [0mSQLite3::SQLException: no such table: users: DROP TABLE users[0m
  [4;36;1mSQL (0.003199)[0m   [0;1mCREATE TABLE users ("id" INTEGER PRIMARY KEY AUTOINCREMENT NOT NULL, "login" varchar(255) DEFAULT NULL, "key" varchar(255) DEFAULT NULL, "alternate_key" varchar(255) DEFAULT NULL, "secret_id" integer DEFAULT NULL, "created_at" datetime DEFAULT NULL, "updated_at" datetime DEFAULT NULL) [0m
  [4;35;1mSQL (0.000000)[0m   [0mSQLite3::SQLException: no such table: secrets: DROP TABLE secrets[0m
  [4;36;1mSQL (0.002446)[0m   [0;1mCREATE TABLE secrets ("id" INTEGER PRIMARY KEY AUTOINCREMENT NOT NULL, "who_killed_jfk" varchar(255) DEFAULT NULL, "aliens_at_area_51" varchar(255) DEFAULT NULL, "current_president" varchar(255) DEFAULT NULL, "created_at" datetime DEFAULT NULL, "updated_at" datetime DEFAULT NULL) [0m
  [4;35;1mSQL (0.000000)[0m   [0mSQLite3::SQLException: no such table: more_secrets: DROP TABLE more_secrets[0m
  [4;36;1mSQL (0.002343)[0m   [0;1mCREATE TABLE more_secrets ("id" INTEGER PRIMARY KEY AUTOINCREMENT NOT NULL, "who_killed_jfk" varchar(255) DEFAULT NULL, "aliens_at_area_51" varchar(255) DEFAULT NULL, "current_president" varchar(255) DEFAULT NULL, "created_at" datetime DEFAULT NULL, "updated_at" datetime DEFAULT NULL) [0m
  [4;35;1mSQL (0.002465)[0m   [0mCREATE TABLE schema_info (version integer)[0m
  [4;36;1mSQL (0.002259)[0m   [0;1mINSERT INTO schema_info (version) VALUES(0)[0m
  [4;35;1mSQL (0.002272)[0m   [0mUPDATE schema_info SET version = 1[0m
  [4;36;1mUser Load (0.000261)[0m   [0;1mSELECT * FROM users LIMIT 1[0m
  [4;35;1mUser Load (0.000141)[0m   [0mSELECT * FROM users LIMIT 1[0m
  [4;36;1mSecret Create (0.001290)[0m   [0;1mINSERT INTO secrets ("updated_at", "aliens_at_area_51", "who_killed_jfk", "current_president", "created_at") VALUES('2008-05-21 12:26:52', NULL, NULL, NULL, '2008-05-21 12:26:52')[0m
  [4;36;1mSQL (0.000249)[0m   [0;1mselect sqlite_version(*)[0m
  [4;35;1mSQL (0.000000)[0m   [0mSQLite3::SQLException: no such table: users: DROP TABLE users[0m
  [4;36;1mSQL (0.005132)[0m   [0;1mCREATE TABLE users ("id" INTEGER PRIMARY KEY AUTOINCREMENT NOT NULL, "login" varchar(255) DEFAULT NULL, "key" varchar(255) DEFAULT NULL, "alternate_key" varchar(255) DEFAULT NULL, "secret_id" integer DEFAULT NULL, "created_at" datetime DEFAULT NULL, "updated_at" datetime DEFAULT NULL) [0m
  [4;35;1mSQL (0.000000)[0m   [0mSQLite3::SQLException: no such table: secrets: DROP TABLE secrets[0m
  [4;36;1mSQL (0.002419)[0m   [0;1mCREATE TABLE secrets ("id" INTEGER PRIMARY KEY AUTOINCREMENT NOT NULL, "who_killed_jfk" varchar(255) DEFAULT NULL, "aliens_at_area_51" varchar(255) DEFAULT NULL, "current_president" varchar(255) DEFAULT NULL, "created_at" datetime DEFAULT NULL, "updated_at" datetime DEFAULT NULL) [0m
  [4;35;1mSQL (0.000000)[0m   [0mSQLite3::SQLException: no such table: more_secrets: DROP TABLE more_secrets[0m
  [4;36;1mSQL (0.002434)[0m   [0;1mCREATE TABLE more_secrets ("id" INTEGER PRIMARY KEY AUTOINCREMENT NOT NULL, "who_killed_jfk" varchar(255) DEFAULT NULL, "aliens_at_area_51" varchar(255) DEFAULT NULL, "current_president" varchar(255) DEFAULT NULL, "created_at" datetime DEFAULT NULL, "updated_at" datetime DEFAULT NULL) [0m
  [4;35;1mSQL (0.002366)[0m   [0mCREATE TABLE schema_info (version integer)[0m
  [4;36;1mSQL (0.002074)[0m   [0;1mINSERT INTO schema_info (version) VALUES(0)[0m
  [4;35;1mSQL (0.002061)[0m   [0mUPDATE schema_info SET version = 1[0m
  [4;36;1mUser Load (0.000258)[0m   [0;1mSELECT * FROM users LIMIT 1[0m
  [4;35;1mUser Load (0.000150)[0m   [0mSELECT * FROM users LIMIT 1[0m
  [4;36;1mSQL (0.000254)[0m   [0;1mselect sqlite_version(*)[0m
  [4;35;1mSQL (0.000000)[0m   [0mSQLite3::SQLException: no such table: users: DROP TABLE users[0m
  [4;36;1mSQL (0.003629)[0m   [0;1mCREATE TABLE users ("id" INTEGER PRIMARY KEY AUTOINCREMENT NOT NULL, "login" varchar(255) DEFAULT NULL, "key" varchar(255) DEFAULT NULL, "alternate_key" varchar(255) DEFAULT NULL, "secret_id" integer DEFAULT NULL, "created_at" datetime DEFAULT NULL, "updated_at" datetime DEFAULT NULL) [0m
  [4;35;1mSQL (0.000000)[0m   [0mSQLite3::SQLException: no such table: secrets: DROP TABLE secrets[0m
  [4;36;1mSQL (0.002189)[0m   [0;1mCREATE TABLE secrets ("id" INTEGER PRIMARY KEY AUTOINCREMENT NOT NULL, "who_killed_jfk" varchar(255) DEFAULT NULL, "aliens_at_area_51" varchar(255) DEFAULT NULL, "current_president" varchar(255) DEFAULT NULL, "created_at" datetime DEFAULT NULL, "updated_at" datetime DEFAULT NULL) [0m
  [4;35;1mSQL (0.000000)[0m   [0mSQLite3::SQLException: no such table: more_secrets: DROP TABLE more_secrets[0m
  [4;36;1mSQL (0.002677)[0m   [0;1mCREATE TABLE more_secrets ("id" INTEGER PRIMARY KEY AUTOINCREMENT NOT NULL, "who_killed_jfk" varchar(255) DEFAULT NULL, "aliens_at_area_51" varchar(255) DEFAULT NULL, "current_president" varchar(255) DEFAULT NULL, "created_at" datetime DEFAULT NULL, "updated_at" datetime DEFAULT NULL) [0m
  [4;35;1mSQL (0.002575)[0m   [0mCREATE TABLE schema_info (version integer)[0m
  [4;36;1mSQL (0.002253)[0m   [0;1mINSERT INTO schema_info (version) VALUES(0)[0m
  [4;35;1mSQL (0.002258)[0m   [0mUPDATE schema_info SET version = 1[0m
  [4;36;1mUser Load (0.000260)[0m   [0;1mSELECT * FROM users LIMIT 1[0m
  [4;35;1mUser Load (0.000138)[0m   [0mSELECT * FROM users LIMIT 1[0m
  [4;36;1mSQL (0.000251)[0m   [0;1mselect sqlite_version(*)[0m
  [4;35;1mSQL (0.000000)[0m   [0mSQLite3::SQLException: no such table: users: DROP TABLE users[0m
  [4;36;1mSQL (0.003409)[0m   [0;1mCREATE TABLE users ("id" INTEGER PRIMARY KEY AUTOINCREMENT NOT NULL, "login" varchar(255) DEFAULT NULL, "key" varchar(255) DEFAULT NULL, "alternate_key" varchar(255) DEFAULT NULL, "secret_id" integer DEFAULT NULL, "created_at" datetime DEFAULT NULL, "updated_at" datetime DEFAULT NULL) [0m
  [4;35;1mSQL (0.000000)[0m   [0mSQLite3::SQLException: no such table: secrets: DROP TABLE secrets[0m
  [4;36;1mSQL (0.002168)[0m   [0;1mCREATE TABLE secrets ("id" INTEGER PRIMARY KEY AUTOINCREMENT NOT NULL, "who_killed_jfk" varchar(255) DEFAULT NULL, "aliens_at_area_51" varchar(255) DEFAULT NULL, "current_president" varchar(255) DEFAULT NULL, "created_at" datetime DEFAULT NULL, "updated_at" datetime DEFAULT NULL) [0m
  [4;35;1mSQL (0.000000)[0m   [0mSQLite3::SQLException: no such table: more_secrets: DROP TABLE more_secrets[0m
  [4;36;1mSQL (0.002536)[0m   [0;1mCREATE TABLE more_secrets ("id" INTEGER PRIMARY KEY AUTOINCREMENT NOT NULL, "who_killed_jfk" varchar(255) DEFAULT NULL, "aliens_at_area_51" varchar(255) DEFAULT NULL, "current_president" varchar(255) DEFAULT NULL, "created_at" datetime DEFAULT NULL, "updated_at" datetime DEFAULT NULL) [0m
  [4;35;1mSQL (0.002636)[0m   [0mCREATE TABLE schema_info (version integer)[0m
  [4;36;1mSQL (0.002204)[0m   [0;1mINSERT INTO schema_info (version) VALUES(0)[0m
  [4;35;1mSQL (0.002327)[0m   [0mUPDATE schema_info SET version = 1[0m
  [4;36;1mUser Load (0.000270)[0m   [0;1mSELECT * FROM users LIMIT 1[0m
  [4;35;1mUser Load (0.000147)[0m   [0mSELECT * FROM users LIMIT 1[0m
  [4;36;1mSQL (0.000265)[0m   [0;1mselect sqlite_version(*)[0m
  [4;35;1mSQL (0.000000)[0m   [0mSQLite3::SQLException: no such table: users: DROP TABLE users[0m
  [4;36;1mSQL (0.008156)[0m   [0;1mCREATE TABLE users ("id" INTEGER PRIMARY KEY AUTOINCREMENT NOT NULL, "login" varchar(255) DEFAULT NULL, "key" varchar(255) DEFAULT NULL, "alternate_key" varchar(255) DEFAULT NULL, "secret_id" integer DEFAULT NULL, "created_at" datetime DEFAULT NULL, "updated_at" datetime DEFAULT NULL) [0m
  [4;35;1mSQL (0.000000)[0m   [0mSQLite3::SQLException: no such table: secrets: DROP TABLE secrets[0m
  [4;36;1mSQL (0.001539)[0m   [0;1mCREATE TABLE secrets ("id" INTEGER PRIMARY KEY AUTOINCREMENT NOT NULL, "who_killed_jfk" varchar(255) DEFAULT NULL, "aliens_at_area_51" varchar(255) DEFAULT NULL, "current_president" varchar(255) DEFAULT NULL, "created_at" datetime DEFAULT NULL, "updated_at" datetime DEFAULT NULL) [0m
  [4;35;1mSQL (0.000000)[0m   [0mSQLite3::SQLException: no such table: more_secrets: DROP TABLE more_secrets[0m
  [4;36;1mSQL (0.001634)[0m   [0;1mCREATE TABLE more_secrets ("id" INTEGER PRIMARY KEY AUTOINCREMENT NOT NULL, "who_killed_jfk" varchar(255) DEFAULT NULL, "aliens_at_area_51" varchar(255) DEFAULT NULL, "current_president" varchar(255) DEFAULT NULL, "created_at" datetime DEFAULT NULL, "updated_at" datetime DEFAULT NULL) [0m
  [4;35;1mSQL (0.001444)[0m   [0mCREATE TABLE schema_info (version integer)[0m
  [4;36;1mSQL (0.001262)[0m   [0;1mINSERT INTO schema_info (version) VALUES(0)[0m
  [4;35;1mSQL (0.001363)[0m   [0mUPDATE schema_info SET version = 1[0m
  [4;36;1mUser Load (0.000298)[0m   [0;1mSELECT * FROM users LIMIT 1[0m
  [4;35;1mUser Load (0.000189)[0m   [0mSELECT * FROM users LIMIT 1[0m
  [4;36;1mSQL (0.000250)[0m   [0;1mselect sqlite_version(*)[0m
  [4;35;1mSQL (0.000000)[0m   [0mSQLite3::SQLException: no such table: users: DROP TABLE users[0m
  [4;36;1mSQL (0.003075)[0m   [0;1mCREATE TABLE users ("id" INTEGER PRIMARY KEY AUTOINCREMENT NOT NULL, "login" varchar(255) DEFAULT NULL, "key" varchar(255) DEFAULT NULL, "alternate_key" varchar(255) DEFAULT NULL, "secret_id" integer DEFAULT NULL, "created_at" datetime DEFAULT NULL, "updated_at" datetime DEFAULT NULL) [0m
  [4;35;1mSQL (0.000000)[0m   [0mSQLite3::SQLException: no such table: secrets: DROP TABLE secrets[0m
  [4;36;1mSQL (0.002270)[0m   [0;1mCREATE TABLE secrets ("id" INTEGER PRIMARY KEY AUTOINCREMENT NOT NULL, "who_killed_jfk" varchar(255) DEFAULT NULL, "aliens_at_area_51" varchar(255) DEFAULT NULL, "current_president" varchar(255) DEFAULT NULL, "created_at" datetime DEFAULT NULL, "updated_at" datetime DEFAULT NULL) [0m
  [4;35;1mSQL (0.000000)[0m   [0mSQLite3::SQLException: no such table: more_secrets: DROP TABLE more_secrets[0m
  [4;36;1mSQL (0.002400)[0m   [0;1mCREATE TABLE more_secrets ("id" INTEGER PRIMARY KEY AUTOINCREMENT NOT NULL, "who_killed_jfk" varchar(255) DEFAULT NULL, "aliens_at_area_51" varchar(255) DEFAULT NULL, "current_president" varchar(255) DEFAULT NULL, "created_at" datetime DEFAULT NULL, "updated_at" datetime DEFAULT NULL) [0m
  [4;35;1mSQL (0.002132)[0m   [0mCREATE TABLE schema_info (version integer)[0m
  [4;36;1mSQL (0.001945)[0m   [0;1mINSERT INTO schema_info (version) VALUES(0)[0m
  [4;35;1mSQL (0.002096)[0m   [0mUPDATE schema_info SET version = 1[0m
  [4;36;1mSQL (0.000252)[0m   [0;1mselect sqlite_version(*)[0m
  [4;35;1mSQL (0.000000)[0m   [0mSQLite3::SQLException: no such table: users: DROP TABLE users[0m
  [4;36;1mSQL (0.003461)[0m   [0;1mCREATE TABLE users ("id" INTEGER PRIMARY KEY AUTOINCREMENT NOT NULL, "login" varchar(255) DEFAULT NULL, "key" varchar(255) DEFAULT NULL, "alternate_key" varchar(255) DEFAULT NULL, "secret_id" integer DEFAULT NULL, "created_at" datetime DEFAULT NULL, "updated_at" datetime DEFAULT NULL) [0m
  [4;35;1mSQL (0.000000)[0m   [0mSQLite3::SQLException: no such table: secrets: DROP TABLE secrets[0m
  [4;36;1mSQL (0.001751)[0m   [0;1mCREATE TABLE secrets ("id" INTEGER PRIMARY KEY AUTOINCREMENT NOT NULL, "who_killed_jfk" varchar(255) DEFAULT NULL, "aliens_at_area_51" varchar(255) DEFAULT NULL, "current_president" varchar(255) DEFAULT NULL, "created_at" datetime DEFAULT NULL, "updated_at" datetime DEFAULT NULL) [0m
  [4;35;1mSQL (0.000000)[0m   [0mSQLite3::SQLException: no such table: more_secrets: DROP TABLE more_secrets[0m
  [4;36;1mSQL (0.002707)[0m   [0;1mCREATE TABLE more_secrets ("id" INTEGER PRIMARY KEY AUTOINCREMENT NOT NULL, "who_killed_jfk" varchar(255) DEFAULT NULL, "aliens_at_area_51" varchar(255) DEFAULT NULL, "current_president" varchar(255) DEFAULT NULL, "created_at" datetime DEFAULT NULL, "updated_at" datetime DEFAULT NULL) [0m
  [4;35;1mSQL (0.002773)[0m   [0mCREATE TABLE schema_info (version integer)[0m
  [4;36;1mSQL (0.002092)[0m   [0;1mINSERT INTO schema_info (version) VALUES(0)[0m
  [4;35;1mSQL (0.002091)[0m   [0mUPDATE schema_info SET version = 1[0m
  [4;36;1mSecret Create (0.000510)[0m   [0;1mINSERT INTO secrets ("updated_at", "aliens_at_area_51", "who_killed_jfk", "current_president", "created_at") VALUES('2008-05-21 12:37:22', NULL, '^óAû!~§,v®5L“í”H"9±ñ°^èÎã8Ω¨:ï&Ê5', 'George Dubbya Bush', '2008-05-21 12:37:22')[0m
  [4;36;1mSQL (0.000255)[0m   [0;1mselect sqlite_version(*)[0m
  [4;35;1mSQL (0.000000)[0m   [0mSQLite3::SQLException: no such table: users: DROP TABLE users[0m
  [4;36;1mSQL (0.028212)[0m   [0;1mCREATE TABLE users ("id" INTEGER PRIMARY KEY AUTOINCREMENT NOT NULL, "login" varchar(255) DEFAULT NULL, "key" varchar(255) DEFAULT NULL, "alternate_key" varchar(255) DEFAULT NULL, "secret_id" integer DEFAULT NULL, "created_at" datetime DEFAULT NULL, "updated_at" datetime DEFAULT NULL) [0m
  [4;35;1mSQL (0.000000)[0m   [0mSQLite3::SQLException: no such table: secrets: DROP TABLE secrets[0m
  [4;36;1mSQL (0.002415)[0m   [0;1mCREATE TABLE secrets ("id" INTEGER PRIMARY KEY AUTOINCREMENT NOT NULL, "who_killed_jfk" varchar(255) DEFAULT NULL, "aliens_at_area_51" varchar(255) DEFAULT NULL, "current_president" varchar(255) DEFAULT NULL, "created_at" datetime DEFAULT NULL, "updated_at" datetime DEFAULT NULL) [0m
  [4;35;1mSQL (0.000000)[0m   [0mSQLite3::SQLException: no such table: more_secrets: DROP TABLE more_secrets[0m
  [4;36;1mSQL (0.002659)[0m   [0;1mCREATE TABLE more_secrets ("id" INTEGER PRIMARY KEY AUTOINCREMENT NOT NULL, "who_killed_jfk" varchar(255) DEFAULT NULL, "aliens_at_area_51" varchar(255) DEFAULT NULL, "current_president" varchar(255) DEFAULT NULL, "created_at" datetime DEFAULT NULL, "updated_at" datetime DEFAULT NULL) [0m
  [4;35;1mSQL (0.002729)[0m   [0mCREATE TABLE schema_info (version integer)[0m
  [4;36;1mSQL (0.002342)[0m   [0;1mINSERT INTO schema_info (version) VALUES(0)[0m
  [4;35;1mSQL (0.002286)[0m   [0mUPDATE schema_info SET version = 1[0m
  [4;36;1mSecret Create (0.000504)[0m   [0;1mINSERT INTO secrets ("updated_at", "aliens_at_area_51", "who_killed_jfk", "current_president", "created_at") VALUES('2008-05-21 12:39:48', NULL, '^óAû!~§,v®5L“í”H"9±ñ°^èÎã8Ω¨:ï&Ê5', 'George Dubbya Bush', '2008-05-21 12:39:48')[0m
  [4;36;1mSQL (0.000248)[0m   [0;1mselect sqlite_version(*)[0m
  [4;35;1mSQL (0.000000)[0m   [0mSQLite3::SQLException: no such table: users: DROP TABLE users[0m
  [4;36;1mSQL (0.003465)[0m   [0;1mCREATE TABLE users ("id" INTEGER PRIMARY KEY AUTOINCREMENT NOT NULL, "login" varchar(255) DEFAULT NULL, "key" varchar(255) DEFAULT NULL, "alternate_key" varchar(255) DEFAULT NULL, "secret_id" integer DEFAULT NULL, "created_at" datetime DEFAULT NULL, "updated_at" datetime DEFAULT NULL) [0m
  [4;35;1mSQL (0.000000)[0m   [0mSQLite3::SQLException: no such table: secrets: DROP TABLE secrets[0m
  [4;36;1mSQL (0.002424)[0m   [0;1mCREATE TABLE secrets ("id" INTEGER PRIMARY KEY AUTOINCREMENT NOT NULL, "who_killed_jfk" varchar(255) DEFAULT NULL, "aliens_at_area_51" varchar(255) DEFAULT NULL, "current_president" varchar(255) DEFAULT NULL, "created_at" datetime DEFAULT NULL, "updated_at" datetime DEFAULT NULL) [0m
  [4;35;1mSQL (0.000000)[0m   [0mSQLite3::SQLException: no such table: more_secrets: DROP TABLE more_secrets[0m
  [4;36;1mSQL (0.002723)[0m   [0;1mCREATE TABLE more_secrets ("id" INTEGER PRIMARY KEY AUTOINCREMENT NOT NULL, "who_killed_jfk" varchar(255) DEFAULT NULL, "aliens_at_area_51" varchar(255) DEFAULT NULL, "current_president" varchar(255) DEFAULT NULL, "created_at" datetime DEFAULT NULL, "updated_at" datetime DEFAULT NULL) [0m
  [4;35;1mSQL (0.002532)[0m   [0mCREATE TABLE schema_info (version integer)[0m
  [4;36;1mSQL (0.002297)[0m   [0;1mINSERT INTO schema_info (version) VALUES(0)[0m
  [4;35;1mSQL (0.002356)[0m   [0mUPDATE schema_info SET version = 1[0m
  [4;36;1mSecret Create (0.000509)[0m   [0;1mINSERT INTO secrets ("updated_at", "aliens_at_area_51", "who_killed_jfk", "current_president", "created_at") VALUES('2008-05-21 12:40:32', NULL, '^óAû!~§,v®5L“í”H"9±ñ°^èÎã8Ω¨:ï&Ê5', 'George Dubbya Bush', '2008-05-21 12:40:32')[0m
  [4;35;1mSQL (0.000000)[0m   [0mSQLite3::SQLException: near "FIND": syntax error: FIND * FROM secrets WHERE ID = 1;[0m
  [4;36;1mSQL (0.000251)[0m   [0;1mselect sqlite_version(*)[0m
  [4;35;1mSQL (0.000000)[0m   [0mSQLite3::SQLException: no such table: users: DROP TABLE users[0m
  [4;36;1mSQL (0.003278)[0m   [0;1mCREATE TABLE users ("id" INTEGER PRIMARY KEY AUTOINCREMENT NOT NULL, "login" varchar(255) DEFAULT NULL, "key" varchar(255) DEFAULT NULL, "alternate_key" varchar(255) DEFAULT NULL, "secret_id" integer DEFAULT NULL, "created_at" datetime DEFAULT NULL, "updated_at" datetime DEFAULT NULL) [0m
  [4;35;1mSQL (0.000000)[0m   [0mSQLite3::SQLException: no such table: secrets: DROP TABLE secrets[0m
  [4;36;1mSQL (0.002265)[0m   [0;1mCREATE TABLE secrets ("id" INTEGER PRIMARY KEY AUTOINCREMENT NOT NULL, "who_killed_jfk" varchar(255) DEFAULT NULL, "aliens_at_area_51" varchar(255) DEFAULT NULL, "current_president" varchar(255) DEFAULT NULL, "created_at" datetime DEFAULT NULL, "updated_at" datetime DEFAULT NULL) [0m
  [4;35;1mSQL (0.000000)[0m   [0mSQLite3::SQLException: no such table: more_secrets: DROP TABLE more_secrets[0m
  [4;36;1mSQL (0.003168)[0m   [0;1mCREATE TABLE more_secrets ("id" INTEGER PRIMARY KEY AUTOINCREMENT NOT NULL, "who_killed_jfk" varchar(255) DEFAULT NULL, "aliens_at_area_51" varchar(255) DEFAULT NULL, "current_president" varchar(255) DEFAULT NULL, "created_at" datetime DEFAULT NULL, "updated_at" datetime DEFAULT NULL) [0m
  [4;35;1mSQL (0.002726)[0m   [0mCREATE TABLE schema_info (version integer)[0m
  [4;36;1mSQL (0.002411)[0m   [0;1mINSERT INTO schema_info (version) VALUES(0)[0m
  [4;35;1mSQL (0.002124)[0m   [0mUPDATE schema_info SET version = 1[0m
  [4;36;1mSecret Create (0.000513)[0m   [0;1mINSERT INTO secrets ("updated_at", "aliens_at_area_51", "who_killed_jfk", "current_president", "created_at") VALUES('2008-05-21 12:40:42', NULL, '^óAû!~§,v®5L“í”H"9±ñ°^èÎã8Ω¨:ï&Ê5', 'George Dubbya Bush', '2008-05-21 12:40:42')[0m
  [4;35;1mSQL (0.000684)[0m   [0mSELECT * FROM secrets WHERE ID = 1;[0m
  [4;36;1mSQL (0.000250)[0m   [0;1mselect sqlite_version(*)[0m
  [4;35;1mSQL (0.000000)[0m   [0mSQLite3::SQLException: no such table: users: DROP TABLE users[0m
  [4;36;1mSQL (0.030528)[0m   [0;1mCREATE TABLE users ("id" INTEGER PRIMARY KEY AUTOINCREMENT NOT NULL, "login" varchar(255) DEFAULT NULL, "key" varchar(255) DEFAULT NULL, "alternate_key" varchar(255) DEFAULT NULL, "secret_id" integer DEFAULT NULL, "created_at" datetime DEFAULT NULL, "updated_at" datetime DEFAULT NULL) [0m
  [4;35;1mSQL (0.000000)[0m   [0mSQLite3::SQLException: no such table: secrets: DROP TABLE secrets[0m
  [4;36;1mSQL (0.002332)[0m   [0;1mCREATE TABLE secrets ("id" INTEGER PRIMARY KEY AUTOINCREMENT NOT NULL, "who_killed_jfk" varchar(255) DEFAULT NULL, "aliens_at_area_51" varchar(255) DEFAULT NULL, "current_president" varchar(255) DEFAULT NULL, "created_at" datetime DEFAULT NULL, "updated_at" datetime DEFAULT NULL) [0m
  [4;35;1mSQL (0.000000)[0m   [0mSQLite3::SQLException: no such table: more_secrets: DROP TABLE more_secrets[0m
  [4;36;1mSQL (0.002886)[0m   [0;1mCREATE TABLE more_secrets ("id" INTEGER PRIMARY KEY AUTOINCREMENT NOT NULL, "who_killed_jfk" varchar(255) DEFAULT NULL, "aliens_at_area_51" varchar(255) DEFAULT NULL, "current_president" varchar(255) DEFAULT NULL, "created_at" datetime DEFAULT NULL, "updated_at" datetime DEFAULT NULL) [0m
  [4;35;1mSQL (0.002785)[0m   [0mCREATE TABLE schema_info (version integer)[0m
  [4;36;1mSQL (0.002386)[0m   [0;1mINSERT INTO schema_info (version) VALUES(0)[0m
  [4;35;1mSQL (0.002287)[0m   [0mUPDATE schema_info SET version = 1[0m
  [4;36;1mSecret Create (0.000509)[0m   [0;1mINSERT INTO secrets ("updated_at", "aliens_at_area_51", "who_killed_jfk", "current_president", "created_at") VALUES('2008-05-21 12:40:54', NULL, '^óAû!~§,v®5L“í”H"9±ñ°^èÎã8Ω¨:ï&Ê5', 'George Dubbya Bush', '2008-05-21 12:40:54')[0m
  [4;35;1mSQL (0.000702)[0m   [0mSELECT * FROM secrets WHERE ID = 1;[0m
  [4;36;1mSQL (0.000256)[0m   [0;1mselect sqlite_version(*)[0m
  [4;35;1mSQL (0.000000)[0m   [0mSQLite3::SQLException: no such table: users: DROP TABLE users[0m
  [4;36;1mSQL (0.002734)[0m   [0;1mCREATE TABLE users ("id" INTEGER PRIMARY KEY AUTOINCREMENT NOT NULL, "login" varchar(255) DEFAULT NULL, "key" varchar(255) DEFAULT NULL, "alternate_key" varchar(255) DEFAULT NULL, "secret_id" integer DEFAULT NULL, "created_at" datetime DEFAULT NULL, "updated_at" datetime DEFAULT NULL) [0m
  [4;35;1mSQL (0.000000)[0m   [0mSQLite3::SQLException: no such table: secrets: DROP TABLE secrets[0m
  [4;36;1mSQL (0.002297)[0m   [0;1mCREATE TABLE secrets ("id" INTEGER PRIMARY KEY AUTOINCREMENT NOT NULL, "who_killed_jfk" varchar(255) DEFAULT NULL, "aliens_at_area_51" varchar(255) DEFAULT NULL, "current_president" varchar(255) DEFAULT NULL, "created_at" datetime DEFAULT NULL, "updated_at" datetime DEFAULT NULL) [0m
  [4;35;1mSQL (0.000000)[0m   [0mSQLite3::SQLException: no such table: more_secrets: DROP TABLE more_secrets[0m
  [4;36;1mSQL (0.002695)[0m   [0;1mCREATE TABLE more_secrets ("id" INTEGER PRIMARY KEY AUTOINCREMENT NOT NULL, "who_killed_jfk" varchar(255) DEFAULT NULL, "aliens_at_area_51" varchar(255) DEFAULT NULL, "current_president" varchar(255) DEFAULT NULL, "created_at" datetime DEFAULT NULL, "updated_at" datetime DEFAULT NULL) [0m
  [4;35;1mSQL (0.002647)[0m   [0mCREATE TABLE schema_info (version integer)[0m
  [4;36;1mSQL (0.002348)[0m   [0;1mINSERT INTO schema_info (version) VALUES(0)[0m
  [4;35;1mSQL (0.002094)[0m   [0mUPDATE schema_info SET version = 1[0m
  [4;36;1mSecret Create (0.000513)[0m   [0;1mINSERT INTO secrets ("updated_at", "aliens_at_area_51", "who_killed_jfk", "current_president", "created_at") VALUES('2008-05-21 12:41:39', NULL, '^óAû!~§,v®5L“í”H"9±ñ°^èÎã8Ω¨:ï&Ê5', 'George Dubbya Bush', '2008-05-21 12:41:39')[0m
  [4;35;1mSQL (0.000397)[0m   [0mSELECT current_president FROM secrets WHERE ID = 1;[0m
  [4;36;1mSQL (0.000255)[0m   [0;1mselect sqlite_version(*)[0m
  [4;35;1mSQL (0.000000)[0m   [0mSQLite3::SQLException: no such table: users: DROP TABLE users[0m
  [4;36;1mSQL (0.017907)[0m   [0;1mCREATE TABLE users ("id" INTEGER PRIMARY KEY AUTOINCREMENT NOT NULL, "login" varchar(255) DEFAULT NULL, "key" varchar(255) DEFAULT NULL, "alternate_key" varchar(255) DEFAULT NULL, "secret_id" integer DEFAULT NULL, "created_at" datetime DEFAULT NULL, "updated_at" datetime DEFAULT NULL) [0m
  [4;35;1mSQL (0.000000)[0m   [0mSQLite3::SQLException: no such table: secrets: DROP TABLE secrets[0m
  [4;36;1mSQL (0.002322)[0m   [0;1mCREATE TABLE secrets ("id" INTEGER PRIMARY KEY AUTOINCREMENT NOT NULL, "who_killed_jfk" varchar(255) DEFAULT NULL, "aliens_at_area_51" varchar(255) DEFAULT NULL, "current_president" varchar(255) DEFAULT NULL, "created_at" datetime DEFAULT NULL, "updated_at" datetime DEFAULT NULL) [0m
  [4;35;1mSQL (0.000000)[0m   [0mSQLite3::SQLException: no such table: more_secrets: DROP TABLE more_secrets[0m
  [4;36;1mSQL (0.002568)[0m   [0;1mCREATE TABLE more_secrets ("id" INTEGER PRIMARY KEY AUTOINCREMENT NOT NULL, "who_killed_jfk" varchar(255) DEFAULT NULL, "aliens_at_area_51" varchar(255) DEFAULT NULL, "current_president" varchar(255) DEFAULT NULL, "created_at" datetime DEFAULT NULL, "updated_at" datetime DEFAULT NULL) [0m
  [4;35;1mSQL (0.002399)[0m   [0mCREATE TABLE schema_info (version integer)[0m
  [4;36;1mSQL (0.002092)[0m   [0;1mINSERT INTO schema_info (version) VALUES(0)[0m
  [4;35;1mSQL (0.002326)[0m   [0mUPDATE schema_info SET version = 1[0m
  [4;36;1mSecret Create (0.000510)[0m   [0;1mINSERT INTO secrets ("updated_at", "aliens_at_area_51", "who_killed_jfk", "current_president", "created_at") VALUES('2008-05-21 12:41:53', NULL, '^óAû!~§,v®5L“í”H"9±ñ°^èÎã8Ω¨:ï&Ê5', 'George Dubbya Bush', '2008-05-21 12:41:53')[0m
  [4;35;1mSQL (0.000537)[0m   [0mSELECT current_president FROM secrets WHERE ID = 1;[0m
  [4;36;1mSQL (0.000251)[0m   [0;1mselect sqlite_version(*)[0m
  [4;35;1mSQL (0.000000)[0m   [0mSQLite3::SQLException: no such table: users: DROP TABLE users[0m
  [4;36;1mSQL (0.003429)[0m   [0;1mCREATE TABLE users ("id" INTEGER PRIMARY KEY AUTOINCREMENT NOT NULL, "login" varchar(255) DEFAULT NULL, "key" varchar(255) DEFAULT NULL, "alternate_key" varchar(255) DEFAULT NULL, "secret_id" integer DEFAULT NULL, "created_at" datetime DEFAULT NULL, "updated_at" datetime DEFAULT NULL) [0m
  [4;35;1mSQL (0.000000)[0m   [0mSQLite3::SQLException: no such table: secrets: DROP TABLE secrets[0m
  [4;36;1mSQL (0.002573)[0m   [0;1mCREATE TABLE secrets ("id" INTEGER PRIMARY KEY AUTOINCREMENT NOT NULL, "who_killed_jfk" varchar(255) DEFAULT NULL, "aliens_at_area_51" varchar(255) DEFAULT NULL, "current_president" varchar(255) DEFAULT NULL, "created_at" datetime DEFAULT NULL, "updated_at" datetime DEFAULT NULL) [0m
  [4;35;1mSQL (0.000000)[0m   [0mSQLite3::SQLException: no such table: more_secrets: DROP TABLE more_secrets[0m
  [4;36;1mSQL (0.002428)[0m   [0;1mCREATE TABLE more_secrets ("id" INTEGER PRIMARY KEY AUTOINCREMENT NOT NULL, "who_killed_jfk" varchar(255) DEFAULT NULL, "aliens_at_area_51" varchar(255) DEFAULT NULL, "current_president" varchar(255) DEFAULT NULL, "created_at" datetime DEFAULT NULL, "updated_at" datetime DEFAULT NULL) [0m
  [4;35;1mSQL (0.002551)[0m   [0mCREATE TABLE schema_info (version integer)[0m
  [4;36;1mSQL (0.002063)[0m   [0;1mINSERT INTO schema_info (version) VALUES(0)[0m
  [4;35;1mSQL (0.002081)[0m   [0mUPDATE schema_info SET version = 1[0m
  [4;36;1mSecret Create (0.000484)[0m   [0;1mINSERT INTO secrets ("updated_at", "aliens_at_area_51", "who_killed_jfk", "current_president", "created_at") VALUES('2008-05-21 12:48:41', NULL, 'h*ñ˙¢ìÓ±>Jö£‰©ÁH"9±ñ°^èÎã8Ω¨:ï&Ê5', NULL, '2008-05-21 12:48:41')[0m
  [4;35;1mSQL (0.000528)[0m   [0mSELECT who_killed_jfk FROM secrets WHERE ID = 1;[0m
  [4;36;1mSecret Create (0.000515)[0m   [0;1mINSERT INTO secrets ("updated_at", "aliens_at_area_51", "who_killed_jfk", "current_president", "created_at") VALUES('2008-05-21 12:48:42', NULL, 'x?©¡Pq7Wù?ËC2ß⁄ΩB„(√OaH"9±ñ°^èÎã8Ω¨:ï&Ê5', 'George Dubbya Bush', '2008-05-21 12:48:42')[0m
  [4;35;1mSQL (0.000490)[0m   [0mSELECT current_president FROM secrets WHERE ID = 1;[0m
  [4;36;1mSQL (0.000291)[0m   [0;1mselect sqlite_version(*)[0m
  [4;35;1mSQL (0.000000)[0m   [0mSQLite3::SQLException: no such table: users: DROP TABLE users[0m
  [4;36;1mSQL (0.003374)[0m   [0;1mCREATE TABLE users ("id" INTEGER PRIMARY KEY AUTOINCREMENT NOT NULL, "login" varchar(255) DEFAULT NULL, "key" varchar(255) DEFAULT NULL, "alternate_key" varchar(255) DEFAULT NULL, "secret_id" integer DEFAULT NULL, "created_at" datetime DEFAULT NULL, "updated_at" datetime DEFAULT NULL) [0m
  [4;35;1mSQL (0.000000)[0m   [0mSQLite3::SQLException: no such table: secrets: DROP TABLE secrets[0m
  [4;36;1mSQL (0.002331)[0m   [0;1mCREATE TABLE secrets ("id" INTEGER PRIMARY KEY AUTOINCREMENT NOT NULL, "who_killed_jfk" varchar(255) DEFAULT NULL, "aliens_at_area_51" varchar(255) DEFAULT NULL, "current_president" varchar(255) DEFAULT NULL, "created_at" datetime DEFAULT NULL, "updated_at" datetime DEFAULT NULL) [0m
  [4;35;1mSQL (0.000000)[0m   [0mSQLite3::SQLException: no such table: more_secrets: DROP TABLE more_secrets[0m
  [4;36;1mSQL (0.002543)[0m   [0;1mCREATE TABLE more_secrets ("id" INTEGER PRIMARY KEY AUTOINCREMENT NOT NULL, "who_killed_jfk" varchar(255) DEFAULT NULL, "aliens_at_area_51" varchar(255) DEFAULT NULL, "current_president" varchar(255) DEFAULT NULL, "created_at" datetime DEFAULT NULL, "updated_at" datetime DEFAULT NULL) [0m
  [4;35;1mSQL (0.002777)[0m   [0mCREATE TABLE schema_info (version integer)[0m
  [4;36;1mSQL (0.002113)[0m   [0;1mINSERT INTO schema_info (version) VALUES(0)[0m
  [4;35;1mSQL (0.002163)[0m   [0mUPDATE schema_info SET version = 1[0m
  [4;36;1mSecret Create (0.000527)[0m   [0;1mINSERT INTO secrets ("updated_at", "aliens_at_area_51", "who_killed_jfk", "current_president", "created_at") VALUES('2008-05-21 12:49:19', NULL, 'h*ñ˙¢ìÓ±>Jö£‰©ÁH"9±ñ°^èÎã8Ω¨:ï&Ê5', NULL, '2008-05-21 12:49:19')[0m
  [4;35;1mSQL (0.000505)[0m   [0mSELECT who_killed_jfk FROM secrets WHERE ID = 1;[0m
  [4;36;1mSecret Create (0.000499)[0m   [0;1mINSERT INTO secrets ("updated_at", "aliens_at_area_51", "who_killed_jfk", "current_president", "created_at") VALUES('2008-05-21 12:49:21', NULL, 'x?©¡Pq7Wù?ËC2ß⁄ΩB„(√OaH"9±ñ°^èÎã8Ω¨:ï&Ê5', 'George Dubbya Bush', '2008-05-21 12:49:21')[0m
  [4;35;1mSQL (0.000498)[0m   [0mSELECT current_president FROM secrets WHERE ID = 2;[0m
  [4;36;1mSQL (0.000369)[0m   [0;1mselect sqlite_version(*)[0m
  [4;35;1mSQL (0.000000)[0m   [0mSQLite3::SQLException: no such table: users: DROP TABLE users[0m
  [4;36;1mSQL (0.003472)[0m   [0;1mCREATE TABLE users ("id" INTEGER PRIMARY KEY AUTOINCREMENT NOT NULL, "login" varchar(255) DEFAULT NULL, "key" varchar(255) DEFAULT NULL, "alternate_key" varchar(255) DEFAULT NULL, "secret_id" integer DEFAULT NULL, "created_at" datetime DEFAULT NULL, "updated_at" datetime DEFAULT NULL) [0m
  [4;35;1mSQL (0.000000)[0m   [0mSQLite3::SQLException: no such table: secrets: DROP TABLE secrets[0m
  [4;36;1mSQL (0.002262)[0m   [0;1mCREATE TABLE secrets ("id" INTEGER PRIMARY KEY AUTOINCREMENT NOT NULL, "who_killed_jfk" varchar(255) DEFAULT NULL, "aliens_at_area_51" varchar(255) DEFAULT NULL, "current_president" varchar(255) DEFAULT NULL, "created_at" datetime DEFAULT NULL, "updated_at" datetime DEFAULT NULL) [0m
  [4;35;1mSQL (0.000000)[0m   [0mSQLite3::SQLException: no such table: more_secrets: DROP TABLE more_secrets[0m
  [4;36;1mSQL (0.002476)[0m   [0;1mCREATE TABLE more_secrets ("id" INTEGER PRIMARY KEY AUTOINCREMENT NOT NULL, "who_killed_jfk" varchar(255) DEFAULT NULL, "aliens_at_area_51" varchar(255) DEFAULT NULL, "current_president" varchar(255) DEFAULT NULL, "created_at" datetime DEFAULT NULL, "updated_at" datetime DEFAULT NULL) [0m
  [4;35;1mSQL (0.002392)[0m   [0mCREATE TABLE schema_info (version integer)[0m
  [4;36;1mSQL (0.002068)[0m   [0;1mINSERT INTO schema_info (version) VALUES(0)[0m
  [4;35;1mSQL (0.002058)[0m   [0mUPDATE schema_info SET version = 1[0m
  [4;36;1mSecret Create (0.000530)[0m   [0;1mINSERT INTO secrets ("updated_at", "aliens_at_area_51", "who_killed_jfk", "current_president", "created_at") VALUES('2008-05-21 13:52:58', NULL, 'h*ñ˙¢ìÓ±>Jö£‰©ÁH"9±ñ°^èÎã8Ω¨:ï&Ê5', NULL, '2008-05-21 13:52:58')[0m
  [4;35;1mSQL (0.000542)[0m   [0mSELECT who_killed_jfk FROM secrets WHERE ID = 1;[0m
  [4;36;1mSecret Create (0.000515)[0m   [0;1mINSERT INTO secrets ("updated_at", "aliens_at_area_51", "who_killed_jfk", "current_president", "created_at") VALUES('2008-05-21 13:52:59', NULL, 'x?©¡Pq7Wù?ËC2ß⁄ΩB„(√OaH"9±ñ°^èÎã8Ω¨:ï&Ê5', 'George Dubbya Bush', '2008-05-21 13:52:59')[0m
  [4;35;1mSQL (0.000530)[0m   [0mSELECT current_president FROM secrets WHERE ID = 2;[0m
  [4;36;1mUser Load (0.000253)[0m   [0;1mSELECT * FROM users LIMIT 1[0m
  [4;35;1mUser Load (0.000190)[0m   [0mSELECT * FROM users LIMIT 1[0m
  [4;36;1mSQL (0.000250)[0m   [0;1mselect sqlite_version(*)[0m
  [4;35;1mSQL (0.000000)[0m   [0mSQLite3::SQLException: no such table: users: DROP TABLE users[0m
  [4;36;1mSQL (0.003185)[0m   [0;1mCREATE TABLE users ("id" INTEGER PRIMARY KEY AUTOINCREMENT NOT NULL, "login" varchar(255) DEFAULT NULL, "key" varchar(255) DEFAULT NULL, "alternate_key" varchar(255) DEFAULT NULL, "secret_id" integer DEFAULT NULL, "created_at" datetime DEFAULT NULL, "updated_at" datetime DEFAULT NULL) [0m
  [4;35;1mSQL (0.000000)[0m   [0mSQLite3::SQLException: no such table: secrets: DROP TABLE secrets[0m
  [4;36;1mSQL (0.002300)[0m   [0;1mCREATE TABLE secrets ("id" INTEGER PRIMARY KEY AUTOINCREMENT NOT NULL, "who_killed_jfk" varchar(255) DEFAULT NULL, "aliens_at_area_51" varchar(255) DEFAULT NULL, "current_president" varchar(255) DEFAULT NULL, "created_at" datetime DEFAULT NULL, "updated_at" datetime DEFAULT NULL) [0m
  [4;35;1mSQL (0.000000)[0m   [0mSQLite3::SQLException: no such table: more_secrets: DROP TABLE more_secrets[0m
  [4;36;1mSQL (0.002710)[0m   [0;1mCREATE TABLE more_secrets ("id" INTEGER PRIMARY KEY AUTOINCREMENT NOT NULL, "who_killed_jfk" varchar(255) DEFAULT NULL, "aliens_at_area_51" varchar(255) DEFAULT NULL, "current_president" varchar(255) DEFAULT NULL, "created_at" datetime DEFAULT NULL, "updated_at" datetime DEFAULT NULL) [0m
  [4;35;1mSQL (0.002432)[0m   [0mCREATE TABLE schema_info (version integer)[0m
  [4;36;1mSQL (0.002499)[0m   [0;1mINSERT INTO schema_info (version) VALUES(0)[0m
  [4;35;1mSQL (0.002066)[0m   [0mUPDATE schema_info SET version = 1[0m
  [4;36;1mSecret Create (0.000476)[0m   [0;1mINSERT INTO secrets ("updated_at", "aliens_at_area_51", "who_killed_jfk", "current_president", "created_at") VALUES('2008-05-21 13:53:52', NULL, 'h*ñ˙¢ìÓ±>Jö£‰©ÁH"9±ñ°^èÎã8Ω¨:ï&Ê5', NULL, '2008-05-21 13:53:52')[0m
  [4;35;1mSQL (0.000498)[0m   [0mSELECT who_killed_jfk FROM secrets WHERE ID = 1;[0m
  [4;36;1mSecret Create (0.000441)[0m   [0;1mINSERT INTO secrets ("updated_at", "aliens_at_area_51", "who_killed_jfk", "current_president", "created_at") VALUES('2008-05-21 13:53:53', NULL, NULL, 'George Dubbya Bush', '2008-05-21 13:53:53')[0m
  [4;35;1mSQL (0.000457)[0m   [0mSELECT current_president FROM secrets WHERE ID = 2;[0m
  [4;36;1mUser Load (0.000196)[0m   [0;1mSELECT * FROM users LIMIT 1[0m
  [4;35;1mSecret Create (0.000421)[0m   [0mINSERT INTO secrets ("updated_at", "aliens_at_area_51", "who_killed_jfk", "current_president", "created_at") VALUES('2008-05-21 13:53:53', NULL, NULL, 'George Dubbya Bush', '2008-05-21 13:53:53')[0m
  [4;36;1mSQL (0.000546)[0m   [0;1mSELECT current_president FROM secrets WHERE ID = 3;[0m
  [4;35;1mUser Load (0.000211)[0m   [0mSELECT * FROM users LIMIT 1[0m
  [4;36;1mSecret Create (0.000438)[0m   [0;1mINSERT INTO secrets ("updated_at", "aliens_at_area_51", "who_killed_jfk", "current_president", "created_at") VALUES('2008-05-21 13:53:53', NULL, NULL, 'George Dubbya Bush', '2008-05-21 13:53:53')[0m
  [4;35;1mSQL (0.000346)[0m   [0mSELECT current_president FROM secrets WHERE ID = 4;[0m
  [4;36;1mSQL (0.000244)[0m   [0;1mselect sqlite_version(*)[0m
  [4;35;1mSQL (0.000000)[0m   [0mSQLite3::SQLException: no such table: users: DROP TABLE users[0m
  [4;36;1mSQL (0.003225)[0m   [0;1mCREATE TABLE users ("id" INTEGER PRIMARY KEY AUTOINCREMENT NOT NULL, "login" varchar(255) DEFAULT NULL, "key" varchar(255) DEFAULT NULL, "alternate_key" varchar(255) DEFAULT NULL, "secret_id" integer DEFAULT NULL, "created_at" datetime DEFAULT NULL, "updated_at" datetime DEFAULT NULL) [0m
  [4;35;1mSQL (0.000000)[0m   [0mSQLite3::SQLException: no such table: secrets: DROP TABLE secrets[0m
  [4;36;1mSQL (0.002331)[0m   [0;1mCREATE TABLE secrets ("id" INTEGER PRIMARY KEY AUTOINCREMENT NOT NULL, "who_killed_jfk" varchar(255) DEFAULT NULL, "aliens_at_area_51" varchar(255) DEFAULT NULL, "current_president" varchar(255) DEFAULT NULL, "created_at" datetime DEFAULT NULL, "updated_at" datetime DEFAULT NULL) [0m
  [4;35;1mSQL (0.000000)[0m   [0mSQLite3::SQLException: no such table: more_secrets: DROP TABLE more_secrets[0m
  [4;36;1mSQL (0.002538)[0m   [0;1mCREATE TABLE more_secrets ("id" INTEGER PRIMARY KEY AUTOINCREMENT NOT NULL, "who_killed_jfk" varchar(255) DEFAULT NULL, "aliens_at_area_51" varchar(255) DEFAULT NULL, "current_president" varchar(255) DEFAULT NULL, "created_at" datetime DEFAULT NULL, "updated_at" datetime DEFAULT NULL) [0m
  [4;35;1mSQL (0.002698)[0m   [0mCREATE TABLE schema_info (version integer)[0m
  [4;36;1mSQL (0.002477)[0m   [0;1mINSERT INTO schema_info (version) VALUES(0)[0m
  [4;35;1mSQL (0.002155)[0m   [0mUPDATE schema_info SET version = 1[0m
  [4;36;1mSecret Create (0.000495)[0m   [0;1mINSERT INTO secrets ("updated_at", "aliens_at_area_51", "who_killed_jfk", "current_president", "created_at") VALUES('2008-05-21 13:57:13', NULL, 'h*ñ˙¢ìÓ±>Jö£‰©ÁH"9±ñ°^èÎã8Ω¨:ï&Ê5', NULL, '2008-05-21 13:57:13')[0m
  [4;35;1mSQL (0.000285)[0m   [0mSELECT who_killed_jfk FROM secrets WHERE ID = 1;[0m
  [4;36;1mUser Load (0.000159)[0m   [0;1mSELECT * FROM users LIMIT 1[0m
  [4;35;1mUser Load (0.000124)[0m   [0mSELECT * FROM users LIMIT 1[0m
  [4;36;1mSecret Create (0.000336)[0m   [0;1mINSERT INTO secrets ("updated_at", "aliens_at_area_51", "who_killed_jfk", "current_president", "created_at") VALUES('2008-05-21 13:57:14', NULL, NULL, 'George Dubbya Bush', '2008-05-21 13:57:14')[0m
  [4;35;1mSQL (0.000503)[0m   [0mSELECT current_president FROM secrets WHERE ID = 2;[0m
  [4;36;1mUser Load (0.000213)[0m   [0;1mSELECT * FROM users LIMIT 1[0m
  [4;35;1mSecret Create (0.000433)[0m   [0mINSERT INTO secrets ("updated_at", "aliens_at_area_51", "who_killed_jfk", "current_president", "created_at") VALUES('2008-05-21 13:57:14', NULL, NULL, 'George Dubbya Bush', '2008-05-21 13:57:14')[0m
  [4;36;1mSQL (0.000459)[0m   [0;1mSELECT current_president FROM secrets WHERE ID = 3;[0m
  [4;35;1mUser Load (0.000217)[0m   [0mSELECT * FROM users LIMIT 1[0m
  [4;36;1mSecret Create (0.000418)[0m   [0;1mINSERT INTO secrets ("updated_at", "aliens_at_area_51", "who_killed_jfk", "current_president", "created_at") VALUES('2008-05-21 13:57:14', NULL, NULL, 'George Dubbya Bush', '2008-05-21 13:57:14')[0m
  [4;35;1mSQL (0.000338)[0m   [0mSELECT current_president FROM secrets WHERE ID = 4;[0m
  [4;36;1mSQL (0.000375)[0m   [0;1mselect sqlite_version(*)[0m
  [4;35;1mSQL (0.000000)[0m   [0mSQLite3::SQLException: no such table: users: DROP TABLE users[0m
  [4;36;1mSQL (0.003564)[0m   [0;1mCREATE TABLE users ("id" INTEGER PRIMARY KEY AUTOINCREMENT NOT NULL, "login" varchar(255) DEFAULT NULL, "key" varchar(255) DEFAULT NULL, "alternate_key" varchar(255) DEFAULT NULL, "secret_id" integer DEFAULT NULL, "created_at" datetime DEFAULT NULL, "updated_at" datetime DEFAULT NULL) [0m
  [4;35;1mSQL (0.000000)[0m   [0mSQLite3::SQLException: no such table: secrets: DROP TABLE secrets[0m
  [4;36;1mSQL (0.002381)[0m   [0;1mCREATE TABLE secrets ("id" INTEGER PRIMARY KEY AUTOINCREMENT NOT NULL, "who_killed_jfk" varchar(255) DEFAULT NULL, "aliens_at_area_51" varchar(255) DEFAULT NULL, "current_president" varchar(255) DEFAULT NULL, "created_at" datetime DEFAULT NULL, "updated_at" datetime DEFAULT NULL) [0m
  [4;35;1mSQL (0.000000)[0m   [0mSQLite3::SQLException: no such table: more_secrets: DROP TABLE more_secrets[0m
  [4;36;1mSQL (0.002554)[0m   [0;1mCREATE TABLE more_secrets ("id" INTEGER PRIMARY KEY AUTOINCREMENT NOT NULL, "who_killed_jfk" varchar(255) DEFAULT NULL, "aliens_at_area_51" varchar(255) DEFAULT NULL, "current_president" varchar(255) DEFAULT NULL, "created_at" datetime DEFAULT NULL, "updated_at" datetime DEFAULT NULL) [0m
  [4;35;1mSQL (0.002703)[0m   [0mCREATE TABLE schema_info (version integer)[0m
  [4;36;1mSQL (0.002092)[0m   [0;1mINSERT INTO schema_info (version) VALUES(0)[0m
  [4;35;1mSQL (0.002066)[0m   [0mUPDATE schema_info SET version = 1[0m
  [4;36;1mSecret Create (0.000527)[0m   [0;1mINSERT INTO secrets ("updated_at", "aliens_at_area_51", "who_killed_jfk", "current_president", "created_at") VALUES('2008-05-21 13:57:43', NULL, 'h*ñ˙¢ìÓ±>Jö£‰©ÁH"9±ñ°^èÎã8Ω¨:ï&Ê5', NULL, '2008-05-21 13:57:43')[0m
  [4;35;1mSQL (0.000505)[0m   [0mSELECT who_killed_jfk FROM secrets WHERE ID = 1;[0m
  [4;36;1mUser Load (0.000211)[0m   [0;1mSELECT * FROM users LIMIT 1[0m
  [4;35;1mUser Load (0.000175)[0m   [0mSELECT * FROM users LIMIT 1[0m
  [4;36;1mSecret Create (0.000441)[0m   [0;1mINSERT INTO secrets ("updated_at", "aliens_at_area_51", "who_killed_jfk", "current_president", "created_at") VALUES('2008-05-21 13:57:43', NULL, NULL, 'George Dubbya Bush', '2008-05-21 13:57:43')[0m
  [4;35;1mSQL (0.000436)[0m   [0mSELECT current_president FROM secrets WHERE ID = 2;[0m
  [4;36;1mUser Load (0.000221)[0m   [0;1mSELECT * FROM users LIMIT 1[0m
  [4;35;1mSecret Create (0.000392)[0m   [0mINSERT INTO secrets ("updated_at", "aliens_at_area_51", "who_killed_jfk", "current_president", "created_at") VALUES('2008-05-21 13:57:43', NULL, NULL, 'George Dubbya Bush', '2008-05-21 13:57:43')[0m
  [4;36;1mSQL (0.000483)[0m   [0;1mSELECT current_president FROM secrets WHERE ID = 3;[0m
  [4;35;1mUser Load (0.000204)[0m   [0mSELECT * FROM users LIMIT 1[0m
  [4;36;1mSecret Create (0.000428)[0m   [0;1mINSERT INTO secrets ("updated_at", "aliens_at_area_51", "who_killed_jfk", "current_president", "created_at") VALUES('2008-05-21 13:57:43', NULL, NULL, 'George Dubbya Bush', '2008-05-21 13:57:43')[0m
  [4;35;1mSQL (0.000456)[0m   [0mSELECT current_president FROM secrets WHERE ID = 4;[0m
  [4;36;1mSQL (0.000288)[0m   [0;1mselect sqlite_version(*)[0m
  [4;35;1mSQL (0.000000)[0m   [0mSQLite3::SQLException: no such table: users: DROP TABLE users[0m
  [4;36;1mSQL (0.003432)[0m   [0;1mCREATE TABLE users ("id" INTEGER PRIMARY KEY AUTOINCREMENT NOT NULL, "login" varchar(255) DEFAULT NULL, "key" varchar(255) DEFAULT NULL, "alternate_key" varchar(255) DEFAULT NULL, "secret_id" integer DEFAULT NULL, "created_at" datetime DEFAULT NULL, "updated_at" datetime DEFAULT NULL) [0m
  [4;35;1mSQL (0.000000)[0m   [0mSQLite3::SQLException: no such table: secrets: DROP TABLE secrets[0m
  [4;36;1mSQL (0.002363)[0m   [0;1mCREATE TABLE secrets ("id" INTEGER PRIMARY KEY AUTOINCREMENT NOT NULL, "who_killed_jfk" varchar(255) DEFAULT NULL, "aliens_at_area_51" varchar(255) DEFAULT NULL, "current_president" varchar(255) DEFAULT NULL, "created_at" datetime DEFAULT NULL, "updated_at" datetime DEFAULT NULL) [0m
  [4;35;1mSQL (0.000000)[0m   [0mSQLite3::SQLException: no such table: more_secrets: DROP TABLE more_secrets[0m
  [4;36;1mSQL (0.002465)[0m   [0;1mCREATE TABLE more_secrets ("id" INTEGER PRIMARY KEY AUTOINCREMENT NOT NULL, "who_killed_jfk" varchar(255) DEFAULT NULL, "aliens_at_area_51" varchar(255) DEFAULT NULL, "current_president" varchar(255) DEFAULT NULL, "created_at" datetime DEFAULT NULL, "updated_at" datetime DEFAULT NULL) [0m
  [4;35;1mSQL (0.002575)[0m   [0mCREATE TABLE schema_info (version integer)[0m
  [4;36;1mSQL (0.002205)[0m   [0;1mINSERT INTO schema_info (version) VALUES(0)[0m
  [4;35;1mSQL (0.002081)[0m   [0mUPDATE schema_info SET version = 1[0m
  [4;36;1mSecret Create (0.000494)[0m   [0;1mINSERT INTO secrets ("updated_at", "aliens_at_area_51", "who_killed_jfk", "current_president", "created_at") VALUES('2008-05-21 14:02:39', NULL, 'h*ñ˙¢ìÓ±>Jö£‰©ÁH"9±ñ°^èÎã8Ω¨:ï&Ê5', NULL, '2008-05-21 14:02:39')[0m
  [4;35;1mSQL (0.000513)[0m   [0mSELECT who_killed_jfk FROM secrets WHERE ID = 1;[0m
  [4;36;1mSecret Create (0.000494)[0m   [0;1mINSERT INTO secrets ("updated_at", "aliens_at_area_51", "who_killed_jfk", "current_president", "created_at") VALUES('2008-05-21 14:02:40', NULL, NULL, 'George Dubbya Bush', '2008-05-21 14:02:40')[0m
  [4;35;1mSQL (0.000488)[0m   [0mSELECT current_president FROM secrets WHERE ID = 2;[0m
  [4;36;1mUser Load (0.000219)[0m   [0;1mSELECT * FROM users LIMIT 1[0m
  [4;35;1mSecret Create (0.000481)[0m   [0mINSERT INTO secrets ("updated_at", "aliens_at_area_51", "who_killed_jfk", "current_president", "created_at") VALUES('2008-05-21 14:02:40', NULL, NULL, 'George Dubbya Bush', '2008-05-21 14:02:40')[0m
  [4;36;1mSQL (0.000459)[0m   [0;1mSELECT current_president FROM secrets WHERE ID = 3;[0m
  [4;35;1mUser Load (0.000225)[0m   [0mSELECT * FROM users LIMIT 1[0m
  [4;36;1mSecret Create (0.000440)[0m   [0;1mINSERT INTO secrets ("updated_at", "aliens_at_area_51", "who_killed_jfk", "current_president", "created_at") VALUES('2008-05-21 14:02:40', NULL, NULL, 'George Dubbya Bush', '2008-05-21 14:02:40')[0m
  [4;35;1mSQL (0.000342)[0m   [0mSELECT current_president FROM secrets WHERE ID = 4;[0m
  [4;36;1mSQL (0.000244)[0m   [0;1mselect sqlite_version(*)[0m
  [4;35;1mSQL (0.000000)[0m   [0mSQLite3::SQLException: no such table: users: DROP TABLE users[0m
  [4;36;1mSQL (0.003299)[0m   [0;1mCREATE TABLE users ("id" INTEGER PRIMARY KEY AUTOINCREMENT NOT NULL, "login" varchar(255) DEFAULT NULL, "key" varchar(255) DEFAULT NULL, "alternate_key" varchar(255) DEFAULT NULL, "secret_id" integer DEFAULT NULL, "created_at" datetime DEFAULT NULL, "updated_at" datetime DEFAULT NULL) [0m
  [4;35;1mSQL (0.000000)[0m   [0mSQLite3::SQLException: no such table: secrets: DROP TABLE secrets[0m
  [4;36;1mSQL (0.002361)[0m   [0;1mCREATE TABLE secrets ("id" INTEGER PRIMARY KEY AUTOINCREMENT NOT NULL, "who_killed_jfk" varchar(255) DEFAULT NULL, "aliens_at_area_51" varchar(255) DEFAULT NULL, "current_president" varchar(255) DEFAULT NULL, "created_at" datetime DEFAULT NULL, "updated_at" datetime DEFAULT NULL) [0m
  [4;35;1mSQL (0.000000)[0m   [0mSQLite3::SQLException: no such table: more_secrets: DROP TABLE more_secrets[0m
  [4;36;1mSQL (0.002650)[0m   [0;1mCREATE TABLE more_secrets ("id" INTEGER PRIMARY KEY AUTOINCREMENT NOT NULL, "who_killed_jfk" varchar(255) DEFAULT NULL, "aliens_at_area_51" varchar(255) DEFAULT NULL, "current_president" varchar(255) DEFAULT NULL, "created_at" datetime DEFAULT NULL, "updated_at" datetime DEFAULT NULL) [0m
  [4;35;1mSQL (0.002522)[0m   [0mCREATE TABLE schema_info (version integer)[0m
  [4;36;1mSQL (0.002239)[0m   [0;1mINSERT INTO schema_info (version) VALUES(0)[0m
  [4;35;1mSQL (0.001959)[0m   [0mUPDATE schema_info SET version = 1[0m
  [4;36;1mSecret Create (0.000504)[0m   [0;1mINSERT INTO secrets ("updated_at", "aliens_at_area_51", "who_killed_jfk", "current_president", "created_at") VALUES('2008-05-21 14:03:43', NULL, 'h*ñ˙¢ìÓ±>Jö£‰©ÁH"9±ñ°^èÎã8Ω¨:ï&Ê5', NULL, '2008-05-21 14:03:43')[0m
  [4;35;1mSQL (0.000517)[0m   [0mSELECT who_killed_jfk FROM secrets WHERE ID = 1;[0m
  [4;36;1mSecret Create (0.000449)[0m   [0;1mINSERT INTO secrets ("updated_at", "aliens_at_area_51", "who_killed_jfk", "current_president", "created_at") VALUES('2008-05-21 14:03:44', NULL, NULL, 'George Dubbya Bush', '2008-05-21 14:03:44')[0m
  [4;35;1mSQL (0.000494)[0m   [0mSELECT current_president FROM secrets WHERE ID = 2;[0m
  [4;36;1mUser Load (0.000219)[0m   [0;1mSELECT * FROM users LIMIT 1[0m
  [4;35;1mSecret Create (0.000434)[0m   [0mINSERT INTO secrets ("updated_at", "aliens_at_area_51", "who_killed_jfk", "current_president", "created_at") VALUES('2008-05-21 14:03:44', NULL, NULL, 'George Dubbya Bush', '2008-05-21 14:03:44')[0m
  [4;36;1mSQL (0.000440)[0m   [0;1mSELECT current_president FROM secrets WHERE ID = 3;[0m
  [4;35;1mUser Load (0.000225)[0m   [0mSELECT * FROM users LIMIT 1[0m
  [4;36;1mSecret Create (0.000400)[0m   [0;1mINSERT INTO secrets ("updated_at", "aliens_at_area_51", "who_killed_jfk", "current_president", "created_at") VALUES('2008-05-21 14:03:44', NULL, NULL, 'George Dubbya Bush', '2008-05-21 14:03:44')[0m
  [4;35;1mSQL (0.000331)[0m   [0mSELECT current_president FROM secrets WHERE ID = 4;[0m
  [4;36;1mSQL (0.000244)[0m   [0;1mselect sqlite_version(*)[0m
  [4;35;1mSQL (0.000000)[0m   [0mSQLite3::SQLException: no such table: users: DROP TABLE users[0m
  [4;36;1mSQL (0.002932)[0m   [0;1mCREATE TABLE users ("id" INTEGER PRIMARY KEY AUTOINCREMENT NOT NULL, "login" varchar(255) DEFAULT NULL, "key" varchar(255) DEFAULT NULL, "alternate_key" varchar(255) DEFAULT NULL, "secret_id" integer DEFAULT NULL, "created_at" datetime DEFAULT NULL, "updated_at" datetime DEFAULT NULL) [0m
  [4;35;1mSQL (0.000000)[0m   [0mSQLite3::SQLException: no such table: secrets: DROP TABLE secrets[0m
  [4;36;1mSQL (0.002340)[0m   [0;1mCREATE TABLE secrets ("id" INTEGER PRIMARY KEY AUTOINCREMENT NOT NULL, "who_killed_jfk" varchar(255) DEFAULT NULL, "aliens_at_area_51" varchar(255) DEFAULT NULL, "current_president" varchar(255) DEFAULT NULL, "created_at" datetime DEFAULT NULL, "updated_at" datetime DEFAULT NULL) [0m
  [4;35;1mSQL (0.000000)[0m   [0mSQLite3::SQLException: no such table: more_secrets: DROP TABLE more_secrets[0m
  [4;36;1mSQL (0.002524)[0m   [0;1mCREATE TABLE more_secrets ("id" INTEGER PRIMARY KEY AUTOINCREMENT NOT NULL, "who_killed_jfk" varchar(255) DEFAULT NULL, "aliens_at_area_51" varchar(255) DEFAULT NULL, "current_president" varchar(255) DEFAULT NULL, "created_at" datetime DEFAULT NULL, "updated_at" datetime DEFAULT NULL) [0m
  [4;35;1mSQL (0.002629)[0m   [0mCREATE TABLE schema_info (version integer)[0m
  [4;36;1mSQL (0.002562)[0m   [0;1mINSERT INTO schema_info (version) VALUES(0)[0m
  [4;35;1mSQL (0.002595)[0m   [0mUPDATE schema_info SET version = 1[0m
  [4;36;1mSecret Create (0.000500)[0m   [0;1mINSERT INTO secrets ("updated_at", "aliens_at_area_51", "who_killed_jfk", "current_president", "created_at") VALUES('2008-05-21 14:04:35', NULL, 'h*ñ˙¢ìÓ±>Jö£‰©ÁH"9±ñ°^èÎã8Ω¨:ï&Ê5', NULL, '2008-05-21 14:04:35')[0m
  [4;35;1mSQL (0.000534)[0m   [0mSELECT who_killed_jfk FROM secrets WHERE ID = 1;[0m
  [4;36;1mUser Load (0.000218)[0m   [0;1mSELECT * FROM users WHERE (users."login" = 'veader') LIMIT 1[0m
  [4;35;1mUser Load (0.000192)[0m   [0mSELECT * FROM users WHERE (users."login" = 'veader') LIMIT 1[0m
  [4;36;1mSecret Create (0.000414)[0m   [0;1mINSERT INTO secrets ("updated_at", "aliens_at_area_51", "who_killed_jfk", "current_president", "created_at") VALUES('2008-05-21 14:04:35', NULL, NULL, 'George Dubbya Bush', '2008-05-21 14:04:35')[0m
  [4;35;1mSQL (0.000454)[0m   [0mSELECT current_president FROM secrets WHERE ID = 2;[0m
  [4;36;1mUser Load (0.000217)[0m   [0;1mSELECT * FROM users LIMIT 1[0m
  [4;35;1mSecret Create (0.000397)[0m   [0mINSERT INTO secrets ("updated_at", "aliens_at_area_51", "who_killed_jfk", "current_president", "created_at") VALUES('2008-05-21 14:04:35', NULL, NULL, 'George Dubbya Bush', '2008-05-21 14:04:35')[0m
  [4;36;1mSQL (0.000334)[0m   [0;1mSELECT current_president FROM secrets WHERE ID = 3;[0m
  [4;35;1mUser Load (0.000177)[0m   [0mSELECT * FROM users LIMIT 1[0m
  [4;36;1mSecret Create (0.000356)[0m   [0;1mINSERT INTO secrets ("updated_at", "aliens_at_area_51", "who_killed_jfk", "current_president", "created_at") VALUES('2008-05-21 14:04:35', NULL, NULL, 'George Dubbya Bush', '2008-05-21 14:04:35')[0m
  [4;35;1mSQL (0.000473)[0m   [0mSELECT current_president FROM secrets WHERE ID = 4;[0m
  [4;36;1mSQL (0.000242)[0m   [0;1mselect sqlite_version(*)[0m
  [4;35;1mSQL (0.000000)[0m   [0mSQLite3::SQLException: no such table: users: DROP TABLE users[0m
  [4;36;1mSQL (0.003070)[0m   [0;1mCREATE TABLE users ("id" INTEGER PRIMARY KEY AUTOINCREMENT NOT NULL, "login" varchar(255) DEFAULT NULL, "key" varchar(255) DEFAULT NULL, "alternate_key" varchar(255) DEFAULT NULL, "secret_id" integer DEFAULT NULL, "created_at" datetime DEFAULT NULL, "updated_at" datetime DEFAULT NULL) [0m
  [4;35;1mSQL (0.000000)[0m   [0mSQLite3::SQLException: no such table: secrets: DROP TABLE secrets[0m
  [4;36;1mSQL (0.002394)[0m   [0;1mCREATE TABLE secrets ("id" INTEGER PRIMARY KEY AUTOINCREMENT NOT NULL, "who_killed_jfk" varchar(255) DEFAULT NULL, "aliens_at_area_51" varchar(255) DEFAULT NULL, "current_president" varchar(255) DEFAULT NULL, "created_at" datetime DEFAULT NULL, "updated_at" datetime DEFAULT NULL) [0m
  [4;35;1mSQL (0.000000)[0m   [0mSQLite3::SQLException: no such table: more_secrets: DROP TABLE more_secrets[0m
  [4;36;1mSQL (0.002439)[0m   [0;1mCREATE TABLE more_secrets ("id" INTEGER PRIMARY KEY AUTOINCREMENT NOT NULL, "who_killed_jfk" varchar(255) DEFAULT NULL, "aliens_at_area_51" varchar(255) DEFAULT NULL, "current_president" varchar(255) DEFAULT NULL, "created_at" datetime DEFAULT NULL, "updated_at" datetime DEFAULT NULL) [0m
  [4;35;1mSQL (0.002431)[0m   [0mCREATE TABLE schema_info (version integer)[0m
  [4;36;1mSQL (0.002091)[0m   [0;1mINSERT INTO schema_info (version) VALUES(0)[0m
  [4;35;1mSQL (0.002168)[0m   [0mUPDATE schema_info SET version = 1[0m
  [4;36;1mSecret Create (0.000507)[0m   [0;1mINSERT INTO secrets ("updated_at", "aliens_at_area_51", "who_killed_jfk", "current_president", "created_at") VALUES('2008-05-21 14:06:29', NULL, 'h*ñ˙¢ìÓ±>Jö£‰©ÁH"9±ñ°^èÎã8Ω¨:ï&Ê5', NULL, '2008-05-21 14:06:29')[0m
  [4;35;1mSQL (0.000515)[0m   [0mSELECT who_killed_jfk FROM secrets WHERE ID = 1;[0m
  [4;36;1mUser Load (0.000214)[0m   [0;1mSELECT * FROM users WHERE (users."login" = 'veader') LIMIT 1[0m
  [4;35;1mUser Load (0.000191)[0m   [0mSELECT * FROM users WHERE (users."login" = 'veader') LIMIT 1[0m
  [4;36;1mSecret Create (0.000434)[0m   [0;1mINSERT INTO secrets ("updated_at", "aliens_at_area_51", "who_killed_jfk", "current_president", "created_at") VALUES('2008-05-21 14:06:30', NULL, NULL, 'George Dubbya Bush', '2008-05-21 14:06:30')[0m
  [4;35;1mSQL (0.000490)[0m   [0mSELECT current_president FROM secrets WHERE ID = 2;[0m
  [4;36;1mUser Load (0.000198)[0m   [0;1mSELECT * FROM users LIMIT 1[0m
  [4;35;1mSecret Create (0.000411)[0m   [0mINSERT INTO secrets ("updated_at", "aliens_at_area_51", "who_killed_jfk", "current_president", "created_at") VALUES('2008-05-21 14:06:30', NULL, NULL, 'George Dubbya Bush', '2008-05-21 14:06:30')[0m
  [4;36;1mSQL (0.000493)[0m   [0;1mSELECT current_president FROM secrets WHERE ID = 3;[0m
  [4;35;1mUser Load (0.000211)[0m   [0mSELECT * FROM users LIMIT 1[0m
  [4;36;1mSecret Create (0.000419)[0m   [0;1mINSERT INTO secrets ("updated_at", "aliens_at_area_51", "who_killed_jfk", "current_president", "created_at") VALUES('2008-05-21 14:06:30', NULL, NULL, 'George Dubbya Bush', '2008-05-21 14:06:30')[0m
  [4;35;1mSQL (0.000495)[0m   [0mSELECT current_president FROM secrets WHERE ID = 4;[0m
  [4;36;1mSQL (0.000253)[0m   [0;1mselect sqlite_version(*)[0m
  [4;35;1mSQL (0.000000)[0m   [0mSQLite3::SQLException: no such table: users: DROP TABLE users[0m
  [4;36;1mSQL (0.003243)[0m   [0;1mCREATE TABLE users ("id" INTEGER PRIMARY KEY AUTOINCREMENT NOT NULL, "login" varchar(255) DEFAULT NULL, "key" varchar(255) DEFAULT NULL, "alternate_key" varchar(255) DEFAULT NULL, "secret_id" integer DEFAULT NULL, "created_at" datetime DEFAULT NULL, "updated_at" datetime DEFAULT NULL) [0m
  [4;35;1mSQL (0.000000)[0m   [0mSQLite3::SQLException: no such table: secrets: DROP TABLE secrets[0m
  [4;36;1mSQL (0.001817)[0m   [0;1mCREATE TABLE secrets ("id" INTEGER PRIMARY KEY AUTOINCREMENT NOT NULL, "who_killed_jfk" varchar(255) DEFAULT NULL, "aliens_at_area_51" varchar(255) DEFAULT NULL, "current_president" varchar(255) DEFAULT NULL, "created_at" datetime DEFAULT NULL, "updated_at" datetime DEFAULT NULL) [0m
  [4;35;1mSQL (0.000000)[0m   [0mSQLite3::SQLException: no such table: more_secrets: DROP TABLE more_secrets[0m
  [4;36;1mSQL (0.002077)[0m   [0;1mCREATE TABLE more_secrets ("id" INTEGER PRIMARY KEY AUTOINCREMENT NOT NULL, "who_killed_jfk" varchar(255) DEFAULT NULL, "aliens_at_area_51" varchar(255) DEFAULT NULL, "current_president" varchar(255) DEFAULT NULL, "created_at" datetime DEFAULT NULL, "updated_at" datetime DEFAULT NULL) [0m
  [4;35;1mSQL (0.002201)[0m   [0mCREATE TABLE schema_info (version integer)[0m
  [4;36;1mSQL (0.002205)[0m   [0;1mINSERT INTO schema_info (version) VALUES(0)[0m
  [4;35;1mSQL (0.002262)[0m   [0mUPDATE schema_info SET version = 1[0m
  [4;36;1mSecret Create (0.000485)[0m   [0;1mINSERT INTO secrets ("updated_at", "aliens_at_area_51", "who_killed_jfk", "current_president", "created_at") VALUES('2008-05-21 14:08:47', NULL, 'h*ñ˙¢ìÓ±>Jö£‰©ÁH"9±ñ°^èÎã8Ω¨:ï&Ê5', NULL, '2008-05-21 14:08:47')[0m
  [4;35;1mSQL (0.000512)[0m   [0mSELECT who_killed_jfk FROM secrets WHERE ID = 1;[0m
  [4;36;1mUser Load (0.000224)[0m   [0;1mSELECT * FROM users WHERE (users."login" = 'veader') LIMIT 1[0m
  [4;35;1mUser Load (0.000201)[0m   [0mSELECT * FROM users WHERE (users."login" = 'veader') LIMIT 1[0m
  [4;36;1mSecret Create (0.000441)[0m   [0;1mINSERT INTO secrets ("updated_at", "aliens_at_area_51", "who_killed_jfk", "current_president", "created_at") VALUES('2008-05-21 14:08:48', NULL, NULL, 'George Dubbya Bush', '2008-05-21 14:08:48')[0m
  [4;35;1mSQL (0.000506)[0m   [0mSELECT current_president FROM secrets WHERE ID = 2;[0m
  [4;36;1mUser Load (0.000208)[0m   [0;1mSELECT * FROM users LIMIT 1[0m
  [4;35;1mUser Load (0.000179)[0m   [0mSELECT * FROM users LIMIT 1[0m
  [4;36;1mSQL (0.000240)[0m   [0;1mselect sqlite_version(*)[0m
  [4;35;1mSQL (0.000000)[0m   [0mSQLite3::SQLException: no such table: users: DROP TABLE users[0m
  [4;36;1mSQL (0.053643)[0m   [0;1mCREATE TABLE users ("id" INTEGER PRIMARY KEY AUTOINCREMENT NOT NULL, "login" varchar(255) DEFAULT NULL, "key" varchar(255) DEFAULT NULL, "alternate_key" varchar(255) DEFAULT NULL, "secret_id" integer DEFAULT NULL, "created_at" datetime DEFAULT NULL, "updated_at" datetime DEFAULT NULL) [0m
  [4;35;1mSQL (0.000000)[0m   [0mSQLite3::SQLException: no such table: secrets: DROP TABLE secrets[0m
  [4;36;1mSQL (0.008184)[0m   [0;1mCREATE TABLE secrets ("id" INTEGER PRIMARY KEY AUTOINCREMENT NOT NULL, "who_killed_jfk" varchar(255) DEFAULT NULL, "aliens_at_area_51" varchar(255) DEFAULT NULL, "current_president" varchar(255) DEFAULT NULL, "created_at" datetime DEFAULT NULL, "updated_at" datetime DEFAULT NULL) [0m
  [4;35;1mSQL (0.000000)[0m   [0mSQLite3::SQLException: no such table: more_secrets: DROP TABLE more_secrets[0m
  [4;36;1mSQL (0.002566)[0m   [0;1mCREATE TABLE more_secrets ("id" INTEGER PRIMARY KEY AUTOINCREMENT NOT NULL, "who_killed_jfk" varchar(255) DEFAULT NULL, "aliens_at_area_51" varchar(255) DEFAULT NULL, "current_president" varchar(255) DEFAULT NULL, "created_at" datetime DEFAULT NULL, "updated_at" datetime DEFAULT NULL) [0m
  [4;35;1mSQL (0.002480)[0m   [0mCREATE TABLE schema_info (version integer)[0m
  [4;36;1mSQL (0.002258)[0m   [0;1mINSERT INTO schema_info (version) VALUES(0)[0m
  [4;35;1mSQL (0.002091)[0m   [0mUPDATE schema_info SET version = 1[0m
  [4;36;1mSecret Create (0.000509)[0m   [0;1mINSERT INTO secrets ("updated_at", "aliens_at_area_51", "who_killed_jfk", "current_president", "created_at") VALUES('2008-05-21 14:11:32', NULL, 'h*ñ˙¢ìÓ±>Jö£‰©ÁH"9±ñ°^èÎã8Ω¨:ï&Ê5', NULL, '2008-05-21 14:11:32')[0m
  [4;35;1mSQL (0.000512)[0m   [0mSELECT who_killed_jfk FROM secrets WHERE ID = 1;[0m
  [4;36;1mUser Load (0.000216)[0m   [0;1mSELECT * FROM users WHERE (users."login" = 'veader') LIMIT 1[0m
  [4;35;1mUser Load (0.000190)[0m   [0mSELECT * FROM users WHERE (users."login" = 'veader') LIMIT 1[0m
  [4;36;1mSecret Create (0.000766)[0m   [0;1mINSERT INTO secrets ("updated_at", "aliens_at_area_51", "who_killed_jfk", "current_president", "created_at") VALUES('2008-05-21 14:11:32', NULL, NULL, 'George Dubbya Bush', '2008-05-21 14:11:32')[0m
  [4;35;1mSQL (0.000499)[0m   [0mSELECT current_president FROM secrets WHERE ID = 2;[0m
  [4;36;1mUser Load (0.000208)[0m   [0;1mSELECT * FROM users LIMIT 1[0m
  [4;35;1mUser Load (0.000177)[0m   [0mSELECT * FROM users LIMIT 1[0m
  [4;36;1mSQL (0.000245)[0m   [0;1mselect sqlite_version(*)[0m
  [4;35;1mSQL (0.000000)[0m   [0mSQLite3::SQLException: no such table: users: DROP TABLE users[0m
  [4;36;1mSQL (0.002887)[0m   [0;1mCREATE TABLE users ("id" INTEGER PRIMARY KEY AUTOINCREMENT NOT NULL, "login" varchar(255) DEFAULT NULL, "key" varchar(255) DEFAULT NULL, "alternate_key" varchar(255) DEFAULT NULL, "secret_id" integer DEFAULT NULL, "created_at" datetime DEFAULT NULL, "updated_at" datetime DEFAULT NULL) [0m
  [4;35;1mSQL (0.000000)[0m   [0mSQLite3::SQLException: no such table: secrets: DROP TABLE secrets[0m
  [4;36;1mSQL (0.002335)[0m   [0;1mCREATE TABLE secrets ("id" INTEGER PRIMARY KEY AUTOINCREMENT NOT NULL, "who_killed_jfk" varchar(255) DEFAULT NULL, "aliens_at_area_51" varchar(255) DEFAULT NULL, "current_president" varchar(255) DEFAULT NULL, "created_at" datetime DEFAULT NULL, "updated_at" datetime DEFAULT NULL) [0m
  [4;35;1mSQL (0.000000)[0m   [0mSQLite3::SQLException: no such table: more_secrets: DROP TABLE more_secrets[0m
  [4;36;1mSQL (0.002546)[0m   [0;1mCREATE TABLE more_secrets ("id" INTEGER PRIMARY KEY AUTOINCREMENT NOT NULL, "who_killed_jfk" varchar(255) DEFAULT NULL, "aliens_at_area_51" varchar(255) DEFAULT NULL, "current_president" varchar(255) DEFAULT NULL, "created_at" datetime DEFAULT NULL, "updated_at" datetime DEFAULT NULL) [0m
  [4;35;1mSQL (0.002432)[0m   [0mCREATE TABLE schema_info (version integer)[0m
  [4;36;1mSQL (0.002041)[0m   [0;1mINSERT INTO schema_info (version) VALUES(0)[0m
  [4;35;1mSQL (0.001989)[0m   [0mUPDATE schema_info SET version = 1[0m
  [4;36;1mSecret Create (0.000506)[0m   [0;1mINSERT INTO secrets ("updated_at", "aliens_at_area_51", "who_killed_jfk", "current_president", "created_at") VALUES('2008-05-21 14:11:43', NULL, 'h*ñ˙¢ìÓ±>Jö£‰©ÁH"9±ñ°^èÎã8Ω¨:ï&Ê5', NULL, '2008-05-21 14:11:43')[0m
  [4;35;1mSQL (0.000400)[0m   [0mSELECT who_killed_jfk FROM secrets WHERE ID = 1;[0m
  [4;36;1mUser Load (0.000216)[0m   [0;1mSELECT * FROM users WHERE (users."login" = 'veader') LIMIT 1[0m
  [4;35;1mUser Load (0.000203)[0m   [0mSELECT * FROM users WHERE (users."login" = 'veader') LIMIT 1[0m
  [4;36;1mSecret Create (0.000427)[0m   [0;1mINSERT INTO secrets ("updated_at", "aliens_at_area_51", "who_killed_jfk", "current_president", "created_at") VALUES('2008-05-21 14:11:43', NULL, NULL, 'George Dubbya Bush', '2008-05-21 14:11:43')[0m
  [4;35;1mSQL (0.000499)[0m   [0mSELECT current_president FROM secrets WHERE ID = 2;[0m
  [4;36;1mUser Load (0.000208)[0m   [0;1mSELECT * FROM users LIMIT 1[0m
  [4;35;1mUser Load (0.000191)[0m   [0mSELECT * FROM users LIMIT 1[0m
  [4;36;1mSQL (0.000243)[0m   [0;1mselect sqlite_version(*)[0m
  [4;35;1mSQL (0.000000)[0m   [0mSQLite3::SQLException: no such table: users: DROP TABLE users[0m
  [4;36;1mSQL (0.003239)[0m   [0;1mCREATE TABLE users ("id" INTEGER PRIMARY KEY AUTOINCREMENT NOT NULL, "login" varchar(255) DEFAULT NULL, "key" varchar(255) DEFAULT NULL, "alternate_key" varchar(255) DEFAULT NULL, "secret_id" integer DEFAULT NULL, "created_at" datetime DEFAULT NULL, "updated_at" datetime DEFAULT NULL) [0m
  [4;35;1mSQL (0.000000)[0m   [0mSQLite3::SQLException: no such table: secrets: DROP TABLE secrets[0m
  [4;36;1mSQL (0.002219)[0m   [0;1mCREATE TABLE secrets ("id" INTEGER PRIMARY KEY AUTOINCREMENT NOT NULL, "who_killed_jfk" varchar(255) DEFAULT NULL, "aliens_at_area_51" varchar(255) DEFAULT NULL, "current_president" varchar(255) DEFAULT NULL, "created_at" datetime DEFAULT NULL, "updated_at" datetime DEFAULT NULL) [0m
  [4;35;1mSQL (0.000000)[0m   [0mSQLite3::SQLException: no such table: more_secrets: DROP TABLE more_secrets[0m
  [4;36;1mSQL (0.002544)[0m   [0;1mCREATE TABLE more_secrets ("id" INTEGER PRIMARY KEY AUTOINCREMENT NOT NULL, "who_killed_jfk" varchar(255) DEFAULT NULL, "aliens_at_area_51" varchar(255) DEFAULT NULL, "current_president" varchar(255) DEFAULT NULL, "created_at" datetime DEFAULT NULL, "updated_at" datetime DEFAULT NULL) [0m
  [4;35;1mSQL (0.002461)[0m   [0mCREATE TABLE schema_info (version integer)[0m
  [4;36;1mSQL (0.002464)[0m   [0;1mINSERT INTO schema_info (version) VALUES(0)[0m
  [4;35;1mSQL (0.002180)[0m   [0mUPDATE schema_info SET version = 1[0m
  [4;36;1mSecret Create (0.000505)[0m   [0;1mINSERT INTO secrets ("updated_at", "aliens_at_area_51", "who_killed_jfk", "current_president", "created_at") VALUES('2008-05-21 14:12:31', NULL, 'h*ñ˙¢ìÓ±>Jö£‰©ÁH"9±ñ°^èÎã8Ω¨:ï&Ê5', NULL, '2008-05-21 14:12:31')[0m
  [4;35;1mSQL (0.000526)[0m   [0mSELECT who_killed_jfk FROM secrets WHERE ID = 1;[0m
  [4;36;1mUser Load (0.000214)[0m   [0;1mSELECT * FROM users WHERE (users."login" = 'veader') LIMIT 1[0m
  [4;35;1mUser Load (0.000193)[0m   [0mSELECT * FROM users WHERE (users."login" = 'veader') LIMIT 1[0m
  [4;36;1mSecret Create (0.000491)[0m   [0;1mINSERT INTO secrets ("updated_at", "aliens_at_area_51", "who_killed_jfk", "current_president", "created_at") VALUES('2008-05-21 14:12:31', NULL, NULL, 'George Dubbya Bush', '2008-05-21 14:12:31')[0m
  [4;35;1mSQL (0.000497)[0m   [0mSELECT current_president FROM secrets WHERE ID = 2;[0m
  [4;36;1mUser Load (0.000201)[0m   [0;1mSELECT * FROM users LIMIT 1[0m
  [4;35;1mUser Load (0.000179)[0m   [0mSELECT * FROM users LIMIT 1[0m
  [4;36;1mSQL (0.000244)[0m   [0;1mselect sqlite_version(*)[0m
  [4;35;1mSQL (0.000000)[0m   [0mSQLite3::SQLException: no such table: users: DROP TABLE users[0m
  [4;36;1mSQL (0.002931)[0m   [0;1mCREATE TABLE users ("id" INTEGER PRIMARY KEY AUTOINCREMENT NOT NULL, "login" varchar(255) DEFAULT NULL, "key" varchar(255) DEFAULT NULL, "alternate_key" varchar(255) DEFAULT NULL, "secret_id" integer DEFAULT NULL, "created_at" datetime DEFAULT NULL, "updated_at" datetime DEFAULT NULL) [0m
  [4;35;1mSQL (0.000000)[0m   [0mSQLite3::SQLException: no such table: secrets: DROP TABLE secrets[0m
  [4;36;1mSQL (0.002212)[0m   [0;1mCREATE TABLE secrets ("id" INTEGER PRIMARY KEY AUTOINCREMENT NOT NULL, "who_killed_jfk" varchar(255) DEFAULT NULL, "aliens_at_area_51" varchar(255) DEFAULT NULL, "current_president" varchar(255) DEFAULT NULL, "created_at" datetime DEFAULT NULL, "updated_at" datetime DEFAULT NULL) [0m
  [4;35;1mSQL (0.000000)[0m   [0mSQLite3::SQLException: no such table: more_secrets: DROP TABLE more_secrets[0m
  [4;36;1mSQL (0.002476)[0m   [0;1mCREATE TABLE more_secrets ("id" INTEGER PRIMARY KEY AUTOINCREMENT NOT NULL, "who_killed_jfk" varchar(255) DEFAULT NULL, "aliens_at_area_51" varchar(255) DEFAULT NULL, "current_president" varchar(255) DEFAULT NULL, "created_at" datetime DEFAULT NULL, "updated_at" datetime DEFAULT NULL) [0m
  [4;35;1mSQL (0.002111)[0m   [0mCREATE TABLE schema_info (version integer)[0m
  [4;36;1mSQL (0.002043)[0m   [0;1mINSERT INTO schema_info (version) VALUES(0)[0m
  [4;35;1mSQL (0.001911)[0m   [0mUPDATE schema_info SET version = 1[0m
  [4;36;1mSecret Create (0.000490)[0m   [0;1mINSERT INTO secrets ("updated_at", "aliens_at_area_51", "who_killed_jfk", "current_president", "created_at") VALUES('2008-05-21 14:13:05', NULL, 'h*ñ˙¢ìÓ±>Jö£‰©ÁH"9±ñ°^èÎã8Ω¨:ï&Ê5', NULL, '2008-05-21 14:13:05')[0m
  [4;35;1mSQL (0.000531)[0m   [0mSELECT who_killed_jfk FROM secrets WHERE ID = 1;[0m
  [4;36;1mUser Load (0.000217)[0m   [0;1mSELECT * FROM users WHERE (users."login" = 'veader') LIMIT 1[0m
  [4;35;1mUser Load (0.000190)[0m   [0mSELECT * FROM users WHERE (users."login" = 'veader') LIMIT 1[0m
  [4;36;1mSecret Create (0.000586)[0m   [0;1mINSERT INTO secrets ("updated_at", "aliens_at_area_51", "who_killed_jfk", "current_president", "created_at") VALUES('2008-05-21 14:13:05', NULL, NULL, 'George Dubbya Bush', '2008-05-21 14:13:05')[0m
  [4;35;1mSQL (0.000478)[0m   [0mSELECT current_president FROM secrets WHERE ID = 2;[0m
  [4;36;1mUser Load (0.000214)[0m   [0;1mSELECT * FROM users LIMIT 1[0m
  [4;35;1mUser Load (0.000208)[0m   [0mSELECT * FROM users LIMIT 1[0m
  [4;36;1mSQL (0.000239)[0m   [0;1mselect sqlite_version(*)[0m
  [4;35;1mSQL (0.000000)[0m   [0mSQLite3::SQLException: no such table: users: DROP TABLE users[0m
  [4;36;1mSQL (0.150738)[0m   [0;1mCREATE TABLE users ("id" INTEGER PRIMARY KEY AUTOINCREMENT NOT NULL, "login" varchar(255) DEFAULT NULL, "key" varchar(255) DEFAULT NULL, "alternate_key" varchar(255) DEFAULT NULL, "secret_id" integer DEFAULT NULL, "created_at" datetime DEFAULT NULL, "updated_at" datetime DEFAULT NULL) [0m
  [4;35;1mSQL (0.000000)[0m   [0mSQLite3::SQLException: no such table: secrets: DROP TABLE secrets[0m
  [4;36;1mSQL (0.501576)[0m   [0;1mCREATE TABLE secrets ("id" INTEGER PRIMARY KEY AUTOINCREMENT NOT NULL, "who_killed_jfk" varchar(255) DEFAULT NULL, "aliens_at_area_51" varchar(255) DEFAULT NULL, "current_president" varchar(255) DEFAULT NULL, "created_at" datetime DEFAULT NULL, "updated_at" datetime DEFAULT NULL) [0m
  [4;35;1mSQL (0.000000)[0m   [0mSQLite3::SQLException: no such table: more_secrets: DROP TABLE more_secrets[0m
  [4;36;1mSQL (0.060540)[0m   [0;1mCREATE TABLE more_secrets ("id" INTEGER PRIMARY KEY AUTOINCREMENT NOT NULL, "who_killed_jfk" varchar(255) DEFAULT NULL, "aliens_at_area_51" varchar(255) DEFAULT NULL, "current_president" varchar(255) DEFAULT NULL, "created_at" datetime DEFAULT NULL, "updated_at" datetime DEFAULT NULL) [0m
  [4;35;1mSQL (0.017586)[0m   [0mCREATE TABLE schema_info (version integer)[0m
  [4;36;1mSQL (0.005910)[0m   [0;1mINSERT INTO schema_info (version) VALUES(0)[0m
  [4;35;1mSQL (0.001903)[0m   [0mUPDATE schema_info SET version = 1[0m
  [4;36;1mSecret Create (0.000497)[0m   [0;1mINSERT INTO secrets ("updated_at", "aliens_at_area_51", "who_killed_jfk", "current_president", "created_at") VALUES('2008-05-21 14:13:51', NULL, 'h*ñ˙¢ìÓ±>Jö£‰©ÁH"9±ñ°^èÎã8Ω¨:ï&Ê5', NULL, '2008-05-21 14:13:51')[0m
  [4;35;1mSQL (0.000535)[0m   [0mSELECT who_killed_jfk FROM secrets WHERE ID = 1;[0m
  [4;36;1mSecret Create (0.000444)[0m   [0;1mINSERT INTO secrets ("updated_at", "aliens_at_area_51", "who_killed_jfk", "current_president", "created_at") VALUES('2008-05-21 14:13:51', NULL, NULL, 'George Dubbya Bush', '2008-05-21 14:13:51')[0m
  [4;35;1mSQL (0.000446)[0m   [0mSELECT current_president FROM secrets WHERE ID = 2;[0m
  [4;36;1mUser Load (0.000205)[0m   [0;1mSELECT * FROM users LIMIT 1[0m
  [4;36;1mSQL (0.000244)[0m   [0;1mselect sqlite_version(*)[0m
  [4;35;1mSQL (0.000000)[0m   [0mSQLite3::SQLException: no such table: users: DROP TABLE users[0m
  [4;36;1mSQL (0.075735)[0m   [0;1mCREATE TABLE users ("id" INTEGER PRIMARY KEY AUTOINCREMENT NOT NULL, "login" varchar(255) DEFAULT NULL, "key" varchar(255) DEFAULT NULL, "alternate_key" varchar(255) DEFAULT NULL, "secret_id" integer DEFAULT NULL, "created_at" datetime DEFAULT NULL, "updated_at" datetime DEFAULT NULL) [0m
  [4;35;1mSQL (0.000000)[0m   [0mSQLite3::SQLException: no such table: secrets: DROP TABLE secrets[0m
  [4;36;1mSQL (0.109993)[0m   [0;1mCREATE TABLE secrets ("id" INTEGER PRIMARY KEY AUTOINCREMENT NOT NULL, "who_killed_jfk" varchar(255) DEFAULT NULL, "aliens_at_area_51" varchar(255) DEFAULT NULL, "current_president" varchar(255) DEFAULT NULL, "created_at" datetime DEFAULT NULL, "updated_at" datetime DEFAULT NULL) [0m
  [4;35;1mSQL (0.000000)[0m   [0mSQLite3::SQLException: no such table: more_secrets: DROP TABLE more_secrets[0m
  [4;36;1mSQL (0.151993)[0m   [0;1mCREATE TABLE more_secrets ("id" INTEGER PRIMARY KEY AUTOINCREMENT NOT NULL, "who_killed_jfk" varchar(255) DEFAULT NULL, "aliens_at_area_51" varchar(255) DEFAULT NULL, "current_president" varchar(255) DEFAULT NULL, "created_at" datetime DEFAULT NULL, "updated_at" datetime DEFAULT NULL) [0m
  [4;35;1mSQL (0.301780)[0m   [0mCREATE TABLE schema_info (version integer)[0m
  [4;36;1mSQL (0.033250)[0m   [0;1mINSERT INTO schema_info (version) VALUES(0)[0m
  [4;35;1mSQL (0.080542)[0m   [0mUPDATE schema_info SET version = 1[0m
  [4;36;1mSecret Create (0.000495)[0m   [0;1mINSERT INTO secrets ("updated_at", "aliens_at_area_51", "who_killed_jfk", "current_president", "created_at") VALUES('2008-05-21 14:14:21', NULL, 'h*ñ˙¢ìÓ±>Jö£‰©ÁH"9±ñ°^èÎã8Ω¨:ï&Ê5', NULL, '2008-05-21 14:14:21')[0m
  [4;35;1mSQL (0.000510)[0m   [0mSELECT who_killed_jfk FROM secrets WHERE ID = 1;[0m
  [4;36;1mSecret Create (0.000451)[0m   [0;1mINSERT INTO secrets ("updated_at", "aliens_at_area_51", "who_killed_jfk", "current_president", "created_at") VALUES('2008-05-21 14:14:21', NULL, NULL, 'George Dubbya Bush', '2008-05-21 14:14:21')[0m
  [4;35;1mSQL (0.000502)[0m   [0mSELECT current_president FROM secrets WHERE ID = 2;[0m
  [4;36;1mSQL (0.030989)[0m   [0;1mSELECT count(*) AS count_all FROM users [0m
  [4;35;1mUser Load (0.000305)[0m   [0mSELECT * FROM users LIMIT 1[0m
  [4;36;1mSQL (0.000239)[0m   [0;1mselect sqlite_version(*)[0m
  [4;35;1mSQL (0.000000)[0m   [0mSQLite3::SQLException: no such table: users: DROP TABLE users[0m
  [4;36;1mSQL (0.019574)[0m   [0;1mCREATE TABLE users ("id" INTEGER PRIMARY KEY AUTOINCREMENT NOT NULL, "login" varchar(255) DEFAULT NULL, "key" varchar(255) DEFAULT NULL, "alternate_key" varchar(255) DEFAULT NULL, "secret_id" integer DEFAULT NULL, "created_at" datetime DEFAULT NULL, "updated_at" datetime DEFAULT NULL) [0m
  [4;35;1mSQL (0.000000)[0m   [0mSQLite3::SQLException: no such table: secrets: DROP TABLE secrets[0m
  [4;36;1mSQL (0.060932)[0m   [0;1mCREATE TABLE secrets ("id" INTEGER PRIMARY KEY AUTOINCREMENT NOT NULL, "who_killed_jfk" varchar(255) DEFAULT NULL, "aliens_at_area_51" varchar(255) DEFAULT NULL, "current_president" varchar(255) DEFAULT NULL, "created_at" datetime DEFAULT NULL, "updated_at" datetime DEFAULT NULL) [0m
  [4;35;1mSQL (0.000000)[0m   [0mSQLite3::SQLException: no such table: more_secrets: DROP TABLE more_secrets[0m
  [4;36;1mSQL (0.071732)[0m   [0;1mCREATE TABLE more_secrets ("id" INTEGER PRIMARY KEY AUTOINCREMENT NOT NULL, "who_killed_jfk" varchar(255) DEFAULT NULL, "aliens_at_area_51" varchar(255) DEFAULT NULL, "current_president" varchar(255) DEFAULT NULL, "created_at" datetime DEFAULT NULL, "updated_at" datetime DEFAULT NULL) [0m
  [4;35;1mSQL (0.061538)[0m   [0mCREATE TABLE schema_info (version integer)[0m
  [4;36;1mSQL (0.062437)[0m   [0;1mINSERT INTO schema_info (version) VALUES(0)[0m
  [4;35;1mSQL (0.036184)[0m   [0mUPDATE schema_info SET version = 1[0m
  [4;36;1mSQL (0.000263)[0m   [0;1mselect sqlite_version(*)[0m
  [4;35;1mSQL (0.000000)[0m   [0mSQLite3::SQLException: no such table: users: DROP TABLE users[0m
  [4;36;1mSQL (0.059856)[0m   [0;1mCREATE TABLE users ("id" INTEGER PRIMARY KEY AUTOINCREMENT NOT NULL, "login" varchar(255) DEFAULT NULL, "key" varchar(255) DEFAULT NULL, "alternate_key" varchar(255) DEFAULT NULL, "secret_id" integer DEFAULT NULL, "created_at" datetime DEFAULT NULL, "updated_at" datetime DEFAULT NULL) [0m
  [4;35;1mSQL (0.000000)[0m   [0mSQLite3::SQLException: no such table: secrets: DROP TABLE secrets[0m
  [4;36;1mSQL (0.111222)[0m   [0;1mCREATE TABLE secrets ("id" INTEGER PRIMARY KEY AUTOINCREMENT NOT NULL, "who_killed_jfk" varchar(255) DEFAULT NULL, "aliens_at_area_51" varchar(255) DEFAULT NULL, "current_president" varchar(255) DEFAULT NULL, "created_at" datetime DEFAULT NULL, "updated_at" datetime DEFAULT NULL) [0m
  [4;35;1mSQL (0.000000)[0m   [0mSQLite3::SQLException: no such table: more_secrets: DROP TABLE more_secrets[0m
  [4;36;1mSQL (0.153910)[0m   [0;1mCREATE TABLE more_secrets ("id" INTEGER PRIMARY KEY AUTOINCREMENT NOT NULL, "who_killed_jfk" varchar(255) DEFAULT NULL, "aliens_at_area_51" varchar(255) DEFAULT NULL, "current_president" varchar(255) DEFAULT NULL, "created_at" datetime DEFAULT NULL, "updated_at" datetime DEFAULT NULL) [0m
  [4;35;1mSQL (0.031118)[0m   [0mCREATE TABLE schema_info (version integer)[0m
  [4;36;1mSQL (0.084619)[0m   [0;1mINSERT INTO schema_info (version) VALUES(0)[0m
  [4;35;1mSQL (0.058738)[0m   [0mUPDATE schema_info SET version = 1[0m
  [4;36;1mSecret Create (0.000503)[0m   [0;1mINSERT INTO secrets ("updated_at", "aliens_at_area_51", "who_killed_jfk", "current_president", "created_at") VALUES('2008-05-21 14:18:47', NULL, 'h*ñ˙¢ìÓ±>Jö£‰©ÁH"9±ñ°^èÎã8Ω¨:ï&Ê5', NULL, '2008-05-21 14:18:47')[0m
  [4;35;1mSQL (0.000396)[0m   [0mSELECT who_killed_jfk FROM secrets WHERE ID = 1;[0m
  [4;36;1mSecret Create (0.000404)[0m   [0;1mINSERT INTO secrets ("updated_at", "aliens_at_area_51", "who_killed_jfk", "current_president", "created_at") VALUES('2008-05-21 14:18:48', NULL, NULL, 'George Dubbya Bush', '2008-05-21 14:18:48')[0m
  [4;35;1mSQL (0.000348)[0m   [0mSELECT current_president FROM secrets WHERE ID = 2;[0m
  [4;36;1mSQL (0.000244)[0m   [0;1mSELECT count(*) AS count_all FROM users [0m
  [4;35;1mUser Load (0.000168)[0m   [0mSELECT * FROM users LIMIT 1[0m
  [4;36;1mSQL (0.000238)[0m   [0;1mselect sqlite_version(*)[0m
  [4;35;1mSQL (0.000000)[0m   [0mSQLite3::SQLException: no such table: users: DROP TABLE users[0m
  [4;36;1mSQL (0.058477)[0m   [0;1mCREATE TABLE users ("id" INTEGER PRIMARY KEY AUTOINCREMENT NOT NULL, "login" varchar(255) DEFAULT NULL, "key" varchar(255) DEFAULT NULL, "alternate_key" varchar(255) DEFAULT NULL, "secret_id" integer DEFAULT NULL, "created_at" datetime DEFAULT NULL, "updated_at" datetime DEFAULT NULL) [0m
  [4;35;1mSQL (0.000000)[0m   [0mSQLite3::SQLException: no such table: secrets: DROP TABLE secrets[0m
  [4;36;1mSQL (0.047091)[0m   [0;1mCREATE TABLE secrets ("id" INTEGER PRIMARY KEY AUTOINCREMENT NOT NULL, "who_killed_jfk" varchar(255) DEFAULT NULL, "aliens_at_area_51" varchar(255) DEFAULT NULL, "current_president" varchar(255) DEFAULT NULL, "created_at" datetime DEFAULT NULL, "updated_at" datetime DEFAULT NULL) [0m
  [4;35;1mSQL (0.000000)[0m   [0mSQLite3::SQLException: no such table: more_secrets: DROP TABLE more_secrets[0m
  [4;36;1mSQL (0.072104)[0m   [0;1mCREATE TABLE more_secrets ("id" INTEGER PRIMARY KEY AUTOINCREMENT NOT NULL, "who_killed_jfk" varchar(255) DEFAULT NULL, "aliens_at_area_51" varchar(255) DEFAULT NULL, "current_president" varchar(255) DEFAULT NULL, "created_at" datetime DEFAULT NULL, "updated_at" datetime DEFAULT NULL) [0m
  [4;35;1mSQL (0.019263)[0m   [0mCREATE TABLE schema_info (version integer)[0m
  [4;36;1mSQL (0.013674)[0m   [0;1mINSERT INTO schema_info (version) VALUES(0)[0m
  [4;35;1mSQL (0.001799)[0m   [0mUPDATE schema_info SET version = 1[0m
  [4;36;1mSecret Create (0.000511)[0m   [0;1mINSERT INTO secrets ("updated_at", "aliens_at_area_51", "who_killed_jfk", "current_president", "created_at") VALUES('2008-05-21 14:19:52', NULL, 'h*ñ˙¢ìÓ±>Jö£‰©ÁH"9±ñ°^èÎã8Ω¨:ï&Ê5', NULL, '2008-05-21 14:19:52')[0m
  [4;35;1mSQL (0.000504)[0m   [0mSELECT who_killed_jfk FROM secrets WHERE ID = 1;[0m
  [4;36;1mSecret Create (0.000445)[0m   [0;1mINSERT INTO secrets ("updated_at", "aliens_at_area_51", "who_killed_jfk", "current_president", "created_at") VALUES('2008-05-21 14:19:53', NULL, NULL, 'George Dubbya Bush', '2008-05-21 14:19:53')[0m
  [4;35;1mSQL (0.000333)[0m   [0mSELECT current_president FROM secrets WHERE ID = 2;[0m
  [4;36;1mUser Create (0.000407)[0m   [0;1mINSERT INTO users ("updated_at", "secret_id", "alternate_key", "key", "login", "created_at") VALUES('2008-05-21 14:19:53', NULL, 'test4321', 'test1234', 'veader', '2008-05-21 14:19:53')[0m
  [4;36;1mSQL (0.000256)[0m   [0;1mselect sqlite_version(*)[0m
  [4;35;1mSQL (0.000000)[0m   [0mSQLite3::SQLException: no such table: users: DROP TABLE users[0m
  [4;36;1mSQL (0.002961)[0m   [0;1mCREATE TABLE users ("id" INTEGER PRIMARY KEY AUTOINCREMENT NOT NULL, "login" varchar(255) DEFAULT NULL, "key" varchar(255) DEFAULT NULL, "alternate_key" varchar(255) DEFAULT NULL, "secret_id" integer DEFAULT NULL, "created_at" datetime DEFAULT NULL, "updated_at" datetime DEFAULT NULL) [0m
  [4;35;1mSQL (0.000000)[0m   [0mSQLite3::SQLException: no such table: secrets: DROP TABLE secrets[0m
  [4;36;1mSQL (0.002354)[0m   [0;1mCREATE TABLE secrets ("id" INTEGER PRIMARY KEY AUTOINCREMENT NOT NULL, "who_killed_jfk" varchar(255) DEFAULT NULL, "aliens_at_area_51" varchar(255) DEFAULT NULL, "current_president" varchar(255) DEFAULT NULL, "created_at" datetime DEFAULT NULL, "updated_at" datetime DEFAULT NULL) [0m
  [4;35;1mSQL (0.000000)[0m   [0mSQLite3::SQLException: no such table: more_secrets: DROP TABLE more_secrets[0m
  [4;36;1mSQL (0.002995)[0m   [0;1mCREATE TABLE more_secrets ("id" INTEGER PRIMARY KEY AUTOINCREMENT NOT NULL, "who_killed_jfk" varchar(255) DEFAULT NULL, "aliens_at_area_51" varchar(255) DEFAULT NULL, "current_president" varchar(255) DEFAULT NULL, "created_at" datetime DEFAULT NULL, "updated_at" datetime DEFAULT NULL) [0m
  [4;35;1mSQL (0.002355)[0m   [0mCREATE TABLE schema_info (version integer)[0m
  [4;36;1mSQL (0.002109)[0m   [0;1mINSERT INTO schema_info (version) VALUES(0)[0m
  [4;35;1mSQL (0.001922)[0m   [0mUPDATE schema_info SET version = 1[0m
  [4;36;1mSecret Create (0.000501)[0m   [0;1mINSERT INTO secrets ("updated_at", "aliens_at_area_51", "who_killed_jfk", "current_president", "created_at") VALUES('2008-05-21 14:22:29', NULL, 'h*ñ˙¢ìÓ±>Jö£‰©ÁH"9±ñ°^èÎã8Ω¨:ï&Ê5', NULL, '2008-05-21 14:22:29')[0m
  [4;35;1mSQL (0.000507)[0m   [0mSELECT who_killed_jfk FROM secrets WHERE ID = 1;[0m
  [4;36;1mSecret Create (0.000435)[0m   [0;1mINSERT INTO secrets ("updated_at", "aliens_at_area_51", "who_killed_jfk", "current_president", "created_at") VALUES('2008-05-21 14:22:29', NULL, NULL, 'George Dubbya Bush', '2008-05-21 14:22:29')[0m
  [4;35;1mSQL (0.000491)[0m   [0mSELECT current_president FROM secrets WHERE ID = 2;[0m
  [4;36;1mUser Create (0.000446)[0m   [0;1mINSERT INTO users ("updated_at", "secret_id", "alternate_key", "key", "login", "created_at") VALUES('2008-05-21 14:22:29', NULL, 'test4321', 'test1234', 'veader', '2008-05-21 14:22:29')[0m
  [4;36;1mSQL (0.000335)[0m   [0;1mselect sqlite_version(*)[0m
  [4;35;1mSQL (0.000000)[0m   [0mSQLite3::SQLException: no such table: users: DROP TABLE users[0m
  [4;36;1mSQL (0.021063)[0m   [0;1mCREATE TABLE users ("id" INTEGER PRIMARY KEY AUTOINCREMENT NOT NULL, "login" varchar(255) DEFAULT NULL, "key" varchar(255) DEFAULT NULL, "alternate_key" varchar(255) DEFAULT NULL, "created_at" datetime DEFAULT NULL, "updated_at" datetime DEFAULT NULL) [0m
  [4;35;1mSQL (0.000000)[0m   [0mSQLite3::SQLException: no such table: secrets: DROP TABLE secrets[0m
  [4;36;1mSQL (0.048077)[0m   [0;1mCREATE TABLE secrets ("id" INTEGER PRIMARY KEY AUTOINCREMENT NOT NULL, "user_id" integer DEFAULT NULL, "who_killed_jfk" varchar(255) DEFAULT NULL, "aliens_at_area_51" varchar(255) DEFAULT NULL, "current_president" varchar(255) DEFAULT NULL, "created_at" datetime DEFAULT NULL, "updated_at" datetime DEFAULT NULL) [0m
  [4;35;1mSQL (0.017693)[0m   [0mCREATE TABLE schema_info (version integer)[0m
  [4;36;1mSQL (0.036369)[0m   [0;1mINSERT INTO schema_info (version) VALUES(0)[0m
  [4;35;1mSQL (0.017239)[0m   [0mUPDATE schema_info SET version = 1[0m
  [4;36;1mSecret Create (0.000532)[0m   [0;1mINSERT INTO secrets ("updated_at", "aliens_at_area_51", "who_killed_jfk", "current_president", "user_id", "created_at") VALUES('2008-05-21 14:25:53', NULL, 'h*ñ˙¢ìÓ±>Jö£‰©ÁH"9±ñ°^èÎã8Ω¨:ï&Ê5', NULL, NULL, '2008-05-21 14:25:53')[0m
  [4;35;1mSQL (0.000508)[0m   [0mSELECT who_killed_jfk FROM secrets WHERE ID = 1;[0m
  [4;36;1mSecret Create (0.000451)[0m   [0;1mINSERT INTO secrets ("updated_at", "aliens_at_area_51", "who_killed_jfk", "current_president", "user_id", "created_at") VALUES('2008-05-21 14:25:53', NULL, NULL, 'George Dubbya Bush', NULL, '2008-05-21 14:25:53')[0m
  [4;35;1mSQL (0.000494)[0m   [0mSELECT current_president FROM secrets WHERE ID = 2;[0m
  [4;36;1mUser Create (0.000461)[0m   [0;1mINSERT INTO users ("updated_at", "alternate_key", "key", "login", "created_at") VALUES('2008-05-21 14:25:53', 'test4321', 'test1234', 'veader', '2008-05-21 14:25:53')[0m
  [4;35;1mSecret Create (0.000407)[0m   [0mINSERT INTO secrets ("updated_at", "aliens_at_area_51", "who_killed_jfk", "current_president", "user_id", "created_at") VALUES('2008-05-21 14:25:53', NULL, NULL, 'George Dubbya Bush', 1, '2008-05-21 14:25:53')[0m
  [4;36;1mSQL (0.000485)[0m   [0;1mSELECT current_president FROM secrets WHERE ID = 3;[0m
  [4;36;1mSQL (0.000320)[0m   [0;1mselect sqlite_version(*)[0m
  [4;35;1mSQL (0.000000)[0m   [0mSQLite3::SQLException: no such table: users: DROP TABLE users[0m
  [4;36;1mSQL (0.053135)[0m   [0;1mCREATE TABLE users ("id" INTEGER PRIMARY KEY AUTOINCREMENT NOT NULL, "login" varchar(255) DEFAULT NULL, "key" varchar(255) DEFAULT NULL, "alternate_key" varchar(255) DEFAULT NULL, "created_at" datetime DEFAULT NULL, "updated_at" datetime DEFAULT NULL) [0m
  [4;35;1mSQL (0.000000)[0m   [0mSQLite3::SQLException: no such table: secrets: DROP TABLE secrets[0m
  [4;36;1mSQL (0.035316)[0m   [0;1mCREATE TABLE secrets ("id" INTEGER PRIMARY KEY AUTOINCREMENT NOT NULL, "user_id" integer DEFAULT NULL, "who_killed_jfk" varchar(255) DEFAULT NULL, "aliens_at_area_51" varchar(255) DEFAULT NULL, "current_president" varchar(255) DEFAULT NULL, "created_at" datetime DEFAULT NULL, "updated_at" datetime DEFAULT NULL) [0m
  [4;35;1mSQL (0.018213)[0m   [0mCREATE TABLE schema_info (version integer)[0m
  [4;36;1mSQL (0.002300)[0m   [0;1mINSERT INTO schema_info (version) VALUES(0)[0m
  [4;35;1mSQL (0.002482)[0m   [0mUPDATE schema_info SET version = 1[0m
  [4;36;1mSecret Create (0.000520)[0m   [0;1mINSERT INTO secrets ("updated_at", "aliens_at_area_51", "who_killed_jfk", "current_president", "user_id", "created_at") VALUES('2008-05-21 14:27:12', NULL, 'h*ñ˙¢ìÓ±>Jö£‰©ÁH"9±ñ°^èÎã8Ω¨:ï&Ê5', NULL, NULL, '2008-05-21 14:27:12')[0m
  [4;35;1mSQL (0.000504)[0m   [0mSELECT who_killed_jfk FROM secrets WHERE ID = 1;[0m
  [4;36;1mUser Create (0.000454)[0m   [0;1mINSERT INTO users ("updated_at", "alternate_key", "key", "login", "created_at") VALUES('2008-05-21 14:27:12', 'test4321', 'test1234', 'veader', '2008-05-21 14:27:12')[0m
  [4;35;1mSecret Create (0.000516)[0m   [0mINSERT INTO secrets ("updated_at", "aliens_at_area_51", "who_killed_jfk", "current_president", "user_id", "created_at") VALUES('2008-05-21 14:27:13', NULL, 'lÀ°†bò	Îñ˘‰G |ˇ¨„%yç^hNKéBŒ“˜éà†êΩ]Ò§XÙD', NULL, 1, '2008-05-21 14:27:13')[0m
  [4;36;1mSQL (0.000520)[0m   [0;1mSELECT who_killed_jfk FROM secrets WHERE ID = 2;[0m
  [4;35;1mSecret Create (0.000463)[0m   [0mINSERT INTO secrets ("updated_at", "aliens_at_area_51", "who_killed_jfk", "current_president", "user_id", "created_at") VALUES('2008-05-21 14:27:14', NULL, NULL, 'George Dubbya Bush', NULL, '2008-05-21 14:27:14')[0m
  [4;36;1mSQL (0.000502)[0m   [0;1mSELECT current_president FROM secrets WHERE ID = 3;[0m
  [4;35;1mUser Create (0.000455)[0m   [0mINSERT INTO users ("updated_at", "alternate_key", "key", "login", "created_at") VALUES('2008-05-21 14:27:14', 'test4321', 'test1234', 'veader', '2008-05-21 14:27:14')[0m
  [4;36;1mSecret Create (0.000438)[0m   [0;1mINSERT INTO secrets ("updated_at", "aliens_at_area_51", "who_killed_jfk", "current_president", "user_id", "created_at") VALUES('2008-05-21 14:27:14', NULL, NULL, 'George Dubbya Bush', 2, '2008-05-21 14:27:14')[0m
  [4;35;1mSQL (0.000460)[0m   [0mSELECT current_president FROM secrets WHERE ID = 4;[0m
  [4;36;1mUser Create (0.000429)[0m   [0;1mINSERT INTO users ("updated_at", "alternate_key", "key", "login", "created_at") VALUES('2008-05-21 14:27:14', 'test4321', 'test1234', 'veader', '2008-05-21 14:27:14')[0m
  [4;35;1mSecret Create (0.000452)[0m   [0mINSERT INTO secrets ("updated_at", "aliens_at_area_51", "who_killed_jfk", "current_president", "user_id", "created_at") VALUES('2008-05-21 14:27:14', NULL, NULL, 'George Dubbya Bush', 3, '2008-05-21 14:27:14')[0m
  [4;36;1mSQL (0.000466)[0m   [0;1mSELECT current_president FROM secrets WHERE ID = 5;[0m
  [4;36;1mSQL (0.000246)[0m   [0;1mselect sqlite_version(*)[0m
  [4;35;1mSQL (0.000000)[0m   [0mSQLite3::SQLException: no such table: users: DROP TABLE users[0m
  [4;36;1mSQL (0.003260)[0m   [0;1mCREATE TABLE users ("id" INTEGER PRIMARY KEY AUTOINCREMENT NOT NULL, "login" varchar(255) DEFAULT NULL, "key" varchar(255) DEFAULT NULL, "alternate_key" varchar(255) DEFAULT NULL, "created_at" datetime DEFAULT NULL, "updated_at" datetime DEFAULT NULL) [0m
  [4;35;1mSQL (0.000000)[0m   [0mSQLite3::SQLException: no such table: secrets: DROP TABLE secrets[0m
  [4;36;1mSQL (0.002396)[0m   [0;1mCREATE TABLE secrets ("id" INTEGER PRIMARY KEY AUTOINCREMENT NOT NULL, "user_id" integer DEFAULT NULL, "who_killed_jfk" varchar(255) DEFAULT NULL, "aliens_at_area_51" varchar(255) DEFAULT NULL, "current_president" varchar(255) DEFAULT NULL, "created_at" datetime DEFAULT NULL, "updated_at" datetime DEFAULT NULL) [0m
  [4;35;1mSQL (0.002881)[0m   [0mCREATE TABLE schema_info (version integer)[0m
  [4;36;1mSQL (0.003075)[0m   [0;1mINSERT INTO schema_info (version) VALUES(0)[0m
  [4;35;1mSQL (0.002183)[0m   [0mUPDATE schema_info SET version = 1[0m
  [4;36;1mSecret Create (0.000537)[0m   [0;1mINSERT INTO secrets ("updated_at", "aliens_at_area_51", "who_killed_jfk", "current_president", "user_id", "created_at") VALUES('2008-05-21 14:27:28', NULL, 'h*ñ˙¢ìÓ±>Jö£‰©ÁH"9±ñ°^èÎã8Ω¨:ï&Ê5', NULL, NULL, '2008-05-21 14:27:28')[0m
  [4;35;1mSQL (0.000508)[0m   [0mSELECT who_killed_jfk FROM secrets WHERE ID = 1;[0m
  [4;36;1mUser Create (0.000451)[0m   [0;1mINSERT INTO users ("updated_at", "alternate_key", "key", "login", "created_at") VALUES('2008-05-21 14:27:28', 'test4321', 'test1234', 'veader', '2008-05-21 14:27:28')[0m
  [4;35;1mSecret Create (0.000499)[0m   [0mINSERT INTO secrets ("updated_at", "aliens_at_area_51", "who_killed_jfk", "current_president", "user_id", "created_at") VALUES('2008-05-21 14:27:29', NULL, 'lÀ°†bò	Îñ˘‰G |ˇ¨„%yç^hNKéBŒ“˜éà†êΩ]Ò§XÙD', NULL, 1, '2008-05-21 14:27:29')[0m
  [4;36;1mSQL (0.000504)[0m   [0;1mSELECT who_killed_jfk FROM secrets WHERE ID = 2;[0m
  [4;35;1mUser Create (0.000442)[0m   [0mINSERT INTO users ("updated_at", "alternate_key", "key", "login", "created_at") VALUES('2008-05-21 14:27:30', 'test4321', 'test1234', 'veader', '2008-05-21 14:27:30')[0m
  [4;36;1mSecret Create (0.000516)[0m   [0;1mINSERT INTO secrets ("updated_at", "aliens_at_area_51", "who_killed_jfk", "current_president", "user_id", "created_at") VALUES('2008-05-21 14:27:30', NULL, '‚Oi≤è≈ä(t€''‹ÏtΩÄÑ"YMÏAÆÆiTyî<Ú€º›âK)ü7—púc˛!≠o¬ä', NULL, 2, '2008-05-21 14:27:30')[0m
  [4;35;1mSQL (0.000545)[0m   [0mSELECT who_killed_jfk FROM secrets WHERE ID = 3;[0m
  [4;36;1mSecret Create (0.000449)[0m   [0;1mINSERT INTO secrets ("updated_at", "aliens_at_area_51", "who_killed_jfk", "current_president", "user_id", "created_at") VALUES('2008-05-21 14:27:31', NULL, NULL, 'George Dubbya Bush', NULL, '2008-05-21 14:27:31')[0m
  [4;35;1mSQL (0.000527)[0m   [0mSELECT current_president FROM secrets WHERE ID = 4;[0m
  [4;36;1mUser Create (0.000482)[0m   [0;1mINSERT INTO users ("updated_at", "alternate_key", "key", "login", "created_at") VALUES('2008-05-21 14:27:31', 'test4321', 'test1234', 'veader', '2008-05-21 14:27:31')[0m
  [4;35;1mSecret Create (0.000440)[0m   [0mINSERT INTO secrets ("updated_at", "aliens_at_area_51", "who_killed_jfk", "current_president", "user_id", "created_at") VALUES('2008-05-21 14:27:31', NULL, NULL, 'George Dubbya Bush', 3, '2008-05-21 14:27:31')[0m
  [4;36;1mSQL (0.000458)[0m   [0;1mSELECT current_president FROM secrets WHERE ID = 5;[0m
  [4;35;1mUser Create (0.000436)[0m   [0mINSERT INTO users ("updated_at", "alternate_key", "key", "login", "created_at") VALUES('2008-05-21 14:27:31', 'test4321', 'test1234', 'veader', '2008-05-21 14:27:31')[0m
  [4;36;1mSecret Create (0.000372)[0m   [0;1mINSERT INTO secrets ("updated_at", "aliens_at_area_51", "who_killed_jfk", "current_president", "user_id", "created_at") VALUES('2008-05-21 14:27:31', NULL, NULL, 'George Dubbya Bush', 4, '2008-05-21 14:27:31')[0m
  [4;35;1mSQL (0.000479)[0m   [0mSELECT current_president FROM secrets WHERE ID = 6;[0m
  [4;36;1mSQL (0.000246)[0m   [0;1mselect sqlite_version(*)[0m
  [4;35;1mSQL (0.000000)[0m   [0mSQLite3::SQLException: no such table: users: DROP TABLE users[0m
  [4;36;1mSQL (0.024473)[0m   [0;1mCREATE TABLE users ("id" INTEGER PRIMARY KEY AUTOINCREMENT NOT NULL, "login" varchar(255) DEFAULT NULL, "key" varchar(255) DEFAULT NULL, "alternate_key" varchar(255) DEFAULT NULL, "created_at" datetime DEFAULT NULL, "updated_at" datetime DEFAULT NULL) [0m
  [4;35;1mSQL (0.000000)[0m   [0mSQLite3::SQLException: no such table: secrets: DROP TABLE secrets[0m
  [4;36;1mSQL (0.001860)[0m   [0;1mCREATE TABLE secrets ("id" INTEGER PRIMARY KEY AUTOINCREMENT NOT NULL, "user_id" integer DEFAULT NULL, "who_killed_jfk" varchar(255) DEFAULT NULL, "aliens_at_area_51" varchar(255) DEFAULT NULL, "current_president" varchar(255) DEFAULT NULL, "created_at" datetime DEFAULT NULL, "updated_at" datetime DEFAULT NULL) [0m
  [4;35;1mSQL (0.002305)[0m   [0mCREATE TABLE schema_info (version integer)[0m
  [4;36;1mSQL (0.002180)[0m   [0;1mINSERT INTO schema_info (version) VALUES(0)[0m
  [4;35;1mSQL (0.002340)[0m   [0mUPDATE schema_info SET version = 1[0m
  [4;36;1mSecret Create (0.000513)[0m   [0;1mINSERT INTO secrets ("updated_at", "aliens_at_area_51", "who_killed_jfk", "current_president", "user_id", "created_at") VALUES('2008-05-21 14:28:33', NULL, 'h*ñ˙¢ìÓ±>Jö£‰©ÁH"9±ñ°^èÎã8Ω¨:ï&Ê5', NULL, NULL, '2008-05-21 14:28:33')[0m
  [4;35;1mSQL (0.000532)[0m   [0mSELECT who_killed_jfk FROM secrets WHERE ID = 1;[0m
  [4;36;1mUser Create (0.000455)[0m   [0;1mINSERT INTO users ("updated_at", "alternate_key", "key", "login", "created_at") VALUES('2008-05-21 14:28:33', 'test4321', 'test1234', 'veader', '2008-05-21 14:28:33')[0m
  [4;35;1mSecret Create (0.000545)[0m   [0mINSERT INTO secrets ("updated_at", "aliens_at_area_51", "who_killed_jfk", "current_president", "user_id", "created_at") VALUES('2008-05-21 14:28:34', NULL, 'lÀ°†bò	Îñ˘‰G |ˇ¨„%yç^hNKéBŒ“˜éà†êΩ]Ò§XÙD', NULL, 1, '2008-05-21 14:28:34')[0m
  [4;36;1mSQL (0.000514)[0m   [0;1mSELECT who_killed_jfk FROM secrets WHERE ID = 2;[0m
  [4;35;1mUser Create (0.000452)[0m   [0mINSERT INTO users ("updated_at", "alternate_key", "key", "login", "created_at") VALUES('2008-05-21 14:28:35', 'test4321', 'test1234', 'veader', '2008-05-21 14:28:35')[0m
  [4;36;1mSecret Create (0.000499)[0m   [0;1mINSERT INTO secrets ("updated_at", "aliens_at_area_51", "who_killed_jfk", "current_president", "user_id", "created_at") VALUES('2008-05-21 14:28:35', NULL, '‚Oi≤è≈ä(t€''‹ÏtΩÄÑ"YMÏAÆÆiTyî<Ú€º›âK)ü7—púc˛!≠o¬ä', NULL, 2, '2008-05-21 14:28:35')[0m
  [4;35;1mSQL (0.000513)[0m   [0mSELECT who_killed_jfk FROM secrets WHERE ID = 3;[0m
  [4;36;1mSecret Create (0.000448)[0m   [0;1mINSERT INTO secrets ("updated_at", "aliens_at_area_51", "who_killed_jfk", "current_president", "user_id", "created_at") VALUES('2008-05-21 14:28:36', NULL, NULL, 'George Dubbya Bush', NULL, '2008-05-21 14:28:36')[0m
  [4;35;1mSQL (0.000495)[0m   [0mSELECT current_president FROM secrets WHERE ID = 4;[0m
  [4;36;1mUser Create (0.000770)[0m   [0;1mINSERT INTO users ("updated_at", "alternate_key", "key", "login", "created_at") VALUES('2008-05-21 14:28:36', 'test4321', 'test1234', 'veader', '2008-05-21 14:28:36')[0m
  [4;35;1mSecret Create (0.000447)[0m   [0mINSERT INTO secrets ("updated_at", "aliens_at_area_51", "who_killed_jfk", "current_president", "user_id", "created_at") VALUES('2008-05-21 14:28:36', NULL, NULL, 'George Dubbya Bush', 3, '2008-05-21 14:28:36')[0m
  [4;36;1mSQL (0.000485)[0m   [0;1mSELECT current_president FROM secrets WHERE ID = 5;[0m
  [4;35;1mUser Create (0.000451)[0m   [0mINSERT INTO users ("updated_at", "alternate_key", "key", "login", "created_at") VALUES('2008-05-21 14:28:36', 'test4321', 'test1234', 'veader', '2008-05-21 14:28:36')[0m
  [4;36;1mSecret Create (0.000432)[0m   [0;1mINSERT INTO secrets ("updated_at", "aliens_at_area_51", "who_killed_jfk", "current_president", "user_id", "created_at") VALUES('2008-05-21 14:28:36', NULL, NULL, 'George Dubbya Bush', 4, '2008-05-21 14:28:36')[0m
  [4;35;1mSQL (0.000460)[0m   [0mSELECT current_president FROM secrets WHERE ID = 6;[0m
  [4;36;1mSecret Create (0.000495)[0m   [0;1mINSERT INTO secrets ("updated_at", "aliens_at_area_51", "who_killed_jfk", "current_president", "user_id", "created_at") VALUES('2008-05-21 14:28:38', NULL, 'a£–»Öñ83d∫7È>`A∂‹''Âò≈<3ÚdÁ\ ÜK¡Ô,Î(óîÕ¥˛9,MîRgÒØíj1O
#DLˆ‚,eô?™€ò‘/ΩB„(√OaH"9±ñ°^èÎã8Ω¨:ï&Ê5', NULL, NULL, '2008-05-21 14:28:38')[0m
  [4;36;1mSQL (0.000322)[0m   [0;1mselect sqlite_version(*)[0m
  [4;35;1mSQL (0.000000)[0m   [0mSQLite3::SQLException: no such table: users: DROP TABLE users[0m
  [4;36;1mSQL (0.002871)[0m   [0;1mCREATE TABLE users ("id" INTEGER PRIMARY KEY AUTOINCREMENT NOT NULL, "login" varchar(255) DEFAULT NULL, "key" varchar(255) DEFAULT NULL, "alternate_key" varchar(255) DEFAULT NULL, "created_at" datetime DEFAULT NULL, "updated_at" datetime DEFAULT NULL) [0m
  [4;35;1mSQL (0.000000)[0m   [0mSQLite3::SQLException: no such table: secrets: DROP TABLE secrets[0m
  [4;36;1mSQL (0.002406)[0m   [0;1mCREATE TABLE secrets ("id" INTEGER PRIMARY KEY AUTOINCREMENT NOT NULL, "user_id" integer DEFAULT NULL, "who_killed_jfk" varchar(255) DEFAULT NULL, "aliens_at_area_51" varchar(255) DEFAULT NULL, "current_president" varchar(255) DEFAULT NULL, "created_at" datetime DEFAULT NULL, "updated_at" datetime DEFAULT NULL) [0m
  [4;35;1mSQL (0.002061)[0m   [0mCREATE TABLE schema_info (version integer)[0m
  [4;36;1mSQL (0.002001)[0m   [0;1mINSERT INTO schema_info (version) VALUES(0)[0m
  [4;35;1mSQL (0.001917)[0m   [0mUPDATE schema_info SET version = 1[0m
  [4;36;1mSecret Create (0.000550)[0m   [0;1mINSERT INTO secrets ("updated_at", "aliens_at_area_51", "who_killed_jfk", "current_president", "user_id", "created_at") VALUES('2008-05-21 16:13:50', NULL, 'h*ñ˙¢ìÓ±>Jö£‰©ÁH"9±ñ°^èÎã8Ω¨:ï&Ê5', NULL, NULL, '2008-05-21 16:13:50')[0m
  [4;35;1mSQL (0.000535)[0m   [0mSELECT who_killed_jfk FROM secrets WHERE ID = 1;[0m
  [4;36;1mUser Create (0.000471)[0m   [0;1mINSERT INTO users ("updated_at", "alternate_key", "key", "login", "created_at") VALUES('2008-05-21 16:13:50', 'test4321', 'test1234', 'veader', '2008-05-21 16:13:50')[0m
  [4;35;1mSecret Create (0.000544)[0m   [0mINSERT INTO secrets ("updated_at", "aliens_at_area_51", "who_killed_jfk", "current_president", "user_id", "created_at") VALUES('2008-05-21 16:13:51', NULL, 'lÀ°†bò	Îñ˘‰G |ˇ¨„%yç^hNKéBŒ“˜éà†êΩ]Ò§XÙD', NULL, 1, '2008-05-21 16:13:51')[0m
  [4;36;1mSQL (0.000526)[0m   [0;1mSELECT who_killed_jfk FROM secrets WHERE ID = 2;[0m
  [4;35;1mUser Create (0.000456)[0m   [0mINSERT INTO users ("updated_at", "alternate_key", "key", "login", "created_at") VALUES('2008-05-21 16:13:51', 'test4321', 'test1234', 'veader', '2008-05-21 16:13:51')[0m
  [4;36;1mSecret Create (0.000529)[0m   [0;1mINSERT INTO secrets ("updated_at", "aliens_at_area_51", "who_killed_jfk", "current_president", "user_id", "created_at") VALUES('2008-05-21 16:13:52', NULL, '‚Oi≤è≈ä(t€''‹ÏtΩÄÑ"YMÏAÆÆiTyî<Ú€º›âK)ü7—púc˛!≠o¬ä', NULL, 2, '2008-05-21 16:13:52')[0m
  [4;35;1mSQL (0.000506)[0m   [0mSELECT who_killed_jfk FROM secrets WHERE ID = 3;[0m
  [4;36;1mSecret Create (0.000459)[0m   [0;1mINSERT INTO secrets ("updated_at", "aliens_at_area_51", "who_killed_jfk", "current_president", "user_id", "created_at") VALUES('2008-05-21 16:13:53', NULL, NULL, 'George Dubbya Bush', NULL, '2008-05-21 16:13:53')[0m
  [4;35;1mSQL (0.000508)[0m   [0mSELECT current_president FROM secrets WHERE ID = 4;[0m
  [4;36;1mUser Create (0.000726)[0m   [0;1mINSERT INTO users ("updated_at", "alternate_key", "key", "login", "created_at") VALUES('2008-05-21 16:13:53', 'test4321', 'test1234', 'veader', '2008-05-21 16:13:53')[0m
  [4;35;1mSecret Create (0.000411)[0m   [0mINSERT INTO secrets ("updated_at", "aliens_at_area_51", "who_killed_jfk", "current_president", "user_id", "created_at") VALUES('2008-05-21 16:13:53', NULL, NULL, 'George Dubbya Bush', 3, '2008-05-21 16:13:53')[0m
  [4;36;1mSQL (0.000545)[0m   [0;1mSELECT current_president FROM secrets WHERE ID = 5;[0m
  [4;35;1mUser Create (0.000456)[0m   [0mINSERT INTO users ("updated_at", "alternate_key", "key", "login", "created_at") VALUES('2008-05-21 16:13:53', 'test4321', 'test1234', 'veader', '2008-05-21 16:13:53')[0m
  [4;36;1mSecret Create (0.000427)[0m   [0;1mINSERT INTO secrets ("updated_at", "aliens_at_area_51", "who_killed_jfk", "current_president", "user_id", "created_at") VALUES('2008-05-21 16:13:53', NULL, NULL, 'George Dubbya Bush', 4, '2008-05-21 16:13:53')[0m
  [4;35;1mSQL (0.000482)[0m   [0mSELECT current_president FROM secrets WHERE ID = 6;[0m
  [4;36;1mSecret Create (0.000502)[0m   [0;1mINSERT INTO secrets ("updated_at", "aliens_at_area_51", "who_killed_jfk", "current_president", "user_id", "created_at") VALUES('2008-05-21 16:13:55', NULL, 'a£–»Öñ83d∫7È>`A∂‹''Âò≈<3ÚdÁ\ ÜK¡Ô,Î(óîÕ¥˛9,MîRgÒØíj1O
#DLˆ‚,eô?™€ò‘/ΩB„(√OaH"9±ñ°^èÎã8Ω¨:ï&Ê5', NULL, NULL, '2008-05-21 16:13:55')[0m
  [4;36;1mSQL (0.000244)[0m   [0;1mselect sqlite_version(*)[0m
  [4;35;1mSQL (0.000000)[0m   [0mSQLite3::SQLException: no such table: users: DROP TABLE users[0m
  [4;36;1mSQL (0.003667)[0m   [0;1mCREATE TABLE users ("id" INTEGER PRIMARY KEY AUTOINCREMENT NOT NULL, "login" varchar(255) DEFAULT NULL, "key" varchar(255) DEFAULT NULL, "alternate_key" varchar(255) DEFAULT NULL, "created_at" datetime DEFAULT NULL, "updated_at" datetime DEFAULT NULL) [0m
  [4;35;1mSQL (0.000000)[0m   [0mSQLite3::SQLException: no such table: secrets: DROP TABLE secrets[0m
  [4;36;1mSQL (0.002448)[0m   [0;1mCREATE TABLE secrets ("id" INTEGER PRIMARY KEY AUTOINCREMENT NOT NULL, "user_id" integer DEFAULT NULL, "who_killed_jfk" varchar(255) DEFAULT NULL, "aliens_at_area_51" varchar(255) DEFAULT NULL, "current_president" varchar(255) DEFAULT NULL, "created_at" datetime DEFAULT NULL, "updated_at" datetime DEFAULT NULL) [0m
  [4;35;1mSQL (0.002799)[0m   [0mCREATE TABLE schema_info (version integer)[0m
  [4;36;1mSQL (0.002153)[0m   [0;1mINSERT INTO schema_info (version) VALUES(0)[0m
  [4;35;1mSQL (0.002434)[0m   [0mUPDATE schema_info SET version = 1[0m
  [4;36;1mSecret Create (0.000500)[0m   [0;1mINSERT INTO secrets ("updated_at", "aliens_at_area_51", "who_killed_jfk", "current_president", "user_id", "created_at") VALUES('2008-05-21 16:25:10', NULL, 'h*ñ˙¢ìÓ±>Jö£‰©ÁH"9±ñ°^èÎã8Ω¨:ï&Ê5', NULL, NULL, '2008-05-21 16:25:10')[0m
  [4;35;1mSQL (0.000505)[0m   [0mSELECT who_killed_jfk FROM secrets WHERE ID = 1;[0m
  [4;36;1mUser Create (0.000455)[0m   [0;1mINSERT INTO users ("updated_at", "alternate_key", "key", "login", "created_at") VALUES('2008-05-21 16:25:10', 'test4321', 'test1234', 'veader', '2008-05-21 16:25:10')[0m
  [4;35;1mSecret Create (0.000540)[0m   [0mINSERT INTO secrets ("updated_at", "aliens_at_area_51", "who_killed_jfk", "current_president", "user_id", "created_at") VALUES('2008-05-21 16:25:11', NULL, 'lÀ°†bò	Îñ˘‰G |ˇ¨„%yç^hNKéBŒ“˜éà†êΩ]Ò§XÙD', NULL, 1, '2008-05-21 16:25:11')[0m
  [4;36;1mSQL (0.000412)[0m   [0;1mSELECT who_killed_jfk FROM secrets WHERE ID = 2;[0m
  [4;35;1mUser Create (0.000451)[0m   [0mINSERT INTO users ("updated_at", "alternate_key", "key", "login", "created_at") VALUES('2008-05-21 16:25:12', 'test4321', 'test1234', 'veader', '2008-05-21 16:25:12')[0m
  [4;36;1mSecret Create (0.000533)[0m   [0;1mINSERT INTO secrets ("updated_at", "aliens_at_area_51", "who_killed_jfk", "current_president", "user_id", "created_at") VALUES('2008-05-21 16:25:13', NULL, '‚Oi≤è≈ä(t€''‹ÏtΩÄÑ"YMÏAÆÆiTyî<Ú€º›âK)ü7—púc˛!≠o¬ä', NULL, 2, '2008-05-21 16:25:13')[0m
  [4;35;1mSQL (0.000522)[0m   [0mSELECT who_killed_jfk FROM secrets WHERE ID = 3;[0m
  [4;36;1mSecret Create (0.000445)[0m   [0;1mINSERT INTO secrets ("updated_at", "aliens_at_area_51", "who_killed_jfk", "current_president", "user_id", "created_at") VALUES('2008-05-21 16:25:13', NULL, NULL, 'George Dubbya Bush', NULL, '2008-05-21 16:25:13')[0m
  [4;35;1mSQL (0.000361)[0m   [0mSELECT current_president FROM secrets WHERE ID = 4;[0m
  [4;36;1mUser Create (0.000501)[0m   [0;1mINSERT INTO users ("updated_at", "alternate_key", "key", "login", "created_at") VALUES('2008-05-21 16:25:13', 'test4321', 'test1234', 'veader', '2008-05-21 16:25:13')[0m
  [4;35;1mSecret Create (0.000427)[0m   [0mINSERT INTO secrets ("updated_at", "aliens_at_area_51", "who_killed_jfk", "current_president", "user_id", "created_at") VALUES('2008-05-21 16:25:13', NULL, NULL, 'George Dubbya Bush', 3, '2008-05-21 16:25:13')[0m
  [4;36;1mSQL (0.000444)[0m   [0;1mSELECT current_president FROM secrets WHERE ID = 5;[0m
  [4;35;1mUser Create (0.000416)[0m   [0mINSERT INTO users ("updated_at", "alternate_key", "key", "login", "created_at") VALUES('2008-05-21 16:25:13', 'test4321', 'test1234', 'veader', '2008-05-21 16:25:13')[0m
  [4;36;1mSecret Create (0.000440)[0m   [0;1mINSERT INTO secrets ("updated_at", "aliens_at_area_51", "who_killed_jfk", "current_president", "user_id", "created_at") VALUES('2008-05-21 16:25:13', NULL, NULL, 'George Dubbya Bush', 4, '2008-05-21 16:25:13')[0m
  [4;35;1mSQL (0.000475)[0m   [0mSELECT current_president FROM secrets WHERE ID = 6;[0m
  [4;36;1mSecret Create (0.000526)[0m   [0;1mINSERT INTO secrets ("updated_at", "aliens_at_area_51", "who_killed_jfk", "current_president", "user_id", "created_at") VALUES('2008-05-21 16:25:15', NULL, 'a£–»Öñ83d∫7È>`A∂‹''Âò≈<3ÚdÁ\ ÜK¡Ô,Î(óîÕ¥˛9,MîRgÒØíj1O
#DLˆ‚,eô?™€ò‘/ΩB„(√OaH"9±ñ°^èÎã8Ω¨:ï&Ê5', NULL, NULL, '2008-05-21 16:25:15')[0m
